Archive member included because of file (symbol)

c:/users/olly/appdata/local/arduino15/packages/arduino/tools/arm-none-eabi-gcc/4.8.3-2014q1/bin/../lib/gcc/arm-none-eabi/4.8.3/../../../../arm-none-eabi/lib/armv6-m\libm.a(lib_a-w_atan2.o)
                              C:\Users\Olly\AppData\Local\Temp\VMBuilds\OpenBionics_Beetroot\openbionics_openbionics_samd_ob_chestnut\Debug\I2C_IMU_LSM9DS1.cpp.o (atan2)
c:/users/olly/appdata/local/arduino15/packages/arduino/tools/arm-none-eabi-gcc/4.8.3-2014q1/bin/../lib/gcc/arm-none-eabi/4.8.3/../../../../arm-none-eabi/lib/armv6-m\libm.a(lib_a-w_log10.o)
                              C:\Users\Olly\AppData\Local\Temp\VMBuilds\OpenBionics_Beetroot\openbionics_openbionics_samd_ob_chestnut\Debug\Utils.cpp.o (log10)
c:/users/olly/appdata/local/arduino15/packages/arduino/tools/arm-none-eabi-gcc/4.8.3-2014q1/bin/../lib/gcc/arm-none-eabi/4.8.3/../../../../arm-none-eabi/lib/armv6-m\libm.a(lib_a-w_sqrt.o)
                              C:\Users\Olly\AppData\Local\Temp\VMBuilds\OpenBionics_Beetroot\openbionics_openbionics_samd_ob_chestnut\Debug\I2C_IMU_LSM9DS1.cpp.o (sqrt)
c:/users/olly/appdata/local/arduino15/packages/arduino/tools/arm-none-eabi-gcc/4.8.3-2014q1/bin/../lib/gcc/arm-none-eabi/4.8.3/../../../../arm-none-eabi/lib/armv6-m\libm.a(lib_a-e_atan2.o)
                              c:/users/olly/appdata/local/arduino15/packages/arduino/tools/arm-none-eabi-gcc/4.8.3-2014q1/bin/../lib/gcc/arm-none-eabi/4.8.3/../../../../arm-none-eabi/lib/armv6-m\libm.a(lib_a-w_atan2.o) (__ieee754_atan2)
c:/users/olly/appdata/local/arduino15/packages/arduino/tools/arm-none-eabi-gcc/4.8.3-2014q1/bin/../lib/gcc/arm-none-eabi/4.8.3/../../../../arm-none-eabi/lib/armv6-m\libm.a(lib_a-e_log10.o)
                              c:/users/olly/appdata/local/arduino15/packages/arduino/tools/arm-none-eabi-gcc/4.8.3-2014q1/bin/../lib/gcc/arm-none-eabi/4.8.3/../../../../arm-none-eabi/lib/armv6-m\libm.a(lib_a-w_log10.o) (__ieee754_log10)
c:/users/olly/appdata/local/arduino15/packages/arduino/tools/arm-none-eabi-gcc/4.8.3-2014q1/bin/../lib/gcc/arm-none-eabi/4.8.3/../../../../arm-none-eabi/lib/armv6-m\libm.a(lib_a-e_sqrt.o)
                              c:/users/olly/appdata/local/arduino15/packages/arduino/tools/arm-none-eabi-gcc/4.8.3-2014q1/bin/../lib/gcc/arm-none-eabi/4.8.3/../../../../arm-none-eabi/lib/armv6-m\libm.a(lib_a-w_sqrt.o) (__ieee754_sqrt)
c:/users/olly/appdata/local/arduino15/packages/arduino/tools/arm-none-eabi-gcc/4.8.3-2014q1/bin/../lib/gcc/arm-none-eabi/4.8.3/../../../../arm-none-eabi/lib/armv6-m\libm.a(lib_a-s_atan.o)
                              c:/users/olly/appdata/local/arduino15/packages/arduino/tools/arm-none-eabi-gcc/4.8.3-2014q1/bin/../lib/gcc/arm-none-eabi/4.8.3/../../../../arm-none-eabi/lib/armv6-m\libm.a(lib_a-e_atan2.o) (atan)
c:/users/olly/appdata/local/arduino15/packages/arduino/tools/arm-none-eabi-gcc/4.8.3-2014q1/bin/../lib/gcc/arm-none-eabi/4.8.3/../../../../arm-none-eabi/lib/armv6-m\libm.a(lib_a-s_fabs.o)
                              c:/users/olly/appdata/local/arduino15/packages/arduino/tools/arm-none-eabi-gcc/4.8.3-2014q1/bin/../lib/gcc/arm-none-eabi/4.8.3/../../../../arm-none-eabi/lib/armv6-m\libm.a(lib_a-e_atan2.o) (fabs)
c:/users/olly/appdata/local/arduino15/packages/arduino/tools/arm-none-eabi-gcc/4.8.3-2014q1/bin/../lib/gcc/arm-none-eabi/4.8.3/../../../../arm-none-eabi/lib/armv6-m\libm.a(lib_a-s_fpclassify.o)
                              c:/users/olly/appdata/local/arduino15/packages/arduino/tools/arm-none-eabi-gcc/4.8.3-2014q1/bin/../lib/gcc/arm-none-eabi/4.8.3/../../../../arm-none-eabi/lib/armv6-m\libm.a(lib_a-w_log10.o) (__fpclassifyd)
c:/users/olly/appdata/local/arduino15/packages/arduino/tools/arm-none-eabi-gcc/4.8.3-2014q1/bin/../lib/gcc/arm-none-eabi/4.8.3/../../../../arm-none-eabi/lib/armv6-m\libm.a(lib_a-s_lib_ver.o)
                              c:/users/olly/appdata/local/arduino15/packages/arduino/tools/arm-none-eabi-gcc/4.8.3-2014q1/bin/../lib/gcc/arm-none-eabi/4.8.3/../../../../arm-none-eabi/lib/armv6-m\libm.a(lib_a-w_log10.o) (__fdlib_version)
c:/users/olly/appdata/local/arduino15/packages/arduino/tools/arm-none-eabi-gcc/4.8.3-2014q1/bin/../lib/gcc/arm-none-eabi/4.8.3/../../../../arm-none-eabi/lib/armv6-m\libm.a(lib_a-s_matherr.o)
                              c:/users/olly/appdata/local/arduino15/packages/arduino/tools/arm-none-eabi-gcc/4.8.3-2014q1/bin/../lib/gcc/arm-none-eabi/4.8.3/../../../../arm-none-eabi/lib/armv6-m\libm.a(lib_a-w_log10.o) (matherr)
c:/users/olly/appdata/local/arduino15/packages/arduino/tools/arm-none-eabi-gcc/4.8.3-2014q1/bin/../lib/gcc/arm-none-eabi/4.8.3/../../../../arm-none-eabi/lib/armv6-m\libm.a(lib_a-s_nan.o)
                              c:/users/olly/appdata/local/arduino15/packages/arduino/tools/arm-none-eabi-gcc/4.8.3-2014q1/bin/../lib/gcc/arm-none-eabi/4.8.3/../../../../arm-none-eabi/lib/armv6-m\libm.a(lib_a-w_log10.o) (nan)
[...]
Memory Configuration

Name             Origin             Length             Attributes
FLASH            0x00002000         0x0003e000         xr
RAM              0x20000000         0x00008000         xrw
*default*        0x00000000         0xffffffff

Linker script and memory map

LOAD c:/users/olly/appdata/local/arduino15/packages/arduino/tools/arm-none-eabi-gcc/4.8.3-2014q1/bin/../lib/gcc/arm-none-eabi/4.8.3/armv6-m/crti.o
LOAD c:/users/olly/appdata/local/arduino15/packages/arduino/tools/arm-none-eabi-gcc/4.8.3-2014q1/bin/../lib/gcc/arm-none-eabi/4.8.3/armv6-m/crtbegin.o
LOAD c:/users/olly/appdata/local/arduino15/packages/arduino/tools/arm-none-eabi-gcc/4.8.3-2014q1/bin/../lib/gcc/arm-none-eabi/4.8.3/../../../../arm-none-eabi/lib/armv6-m/crt0.o
LOAD C:\Users\Olly\AppData\Local\Temp\VMBuilds\OpenBionics_Beetroot\openbionics_openbionics_samd_ob_chestnut\Debug\OpenBionics_Beetroot.cpp.o
LOAD C:\Users\Olly\AppData\Local\Temp\VMBuilds\OpenBionics_Beetroot\openbionics_openbionics_samd_ob_chestnut\Debug\FingerLib\FingerLib.cpp.o
LOAD C:\Users\Olly\AppData\Local\Temp\VMBuilds\OpenBionics_Beetroot\openbionics_openbionics_samd_ob_chestnut\Debug\FingerLib\current_sense\samd_CurrentSense.cpp.o
LOAD C:\Users\Olly\AppData\Local\Temp\VMBuilds\OpenBionics_Beetroot\openbionics_openbionics_samd_ob_chestnut\Debug\FingerLib\pid\pid_controller.cpp.o
LOAD C:\Users\Olly\AppData\Local\Temp\VMBuilds\OpenBionics_Beetroot\openbionics_openbionics_samd_ob_chestnut\Debug\FingerLib\timers\avr_FingerTimer.cpp.o
LOAD C:\Users\Olly\AppData\Local\Temp\VMBuilds\OpenBionics_Beetroot\openbionics_openbionics_samd_ob_chestnut\Debug\FingerLib\timers\samd_FingerTimer.cpp.o
LOAD C:\Users\Olly\AppData\Local\Temp\VMBuilds\OpenBionics_Beetroot\openbionics_openbionics_samd_ob_chestnut\Debug\FingerLib\timers\timer_and_delay.cpp.o
LOAD C:\Users\Olly\AppData\Local\Temp\VMBuilds\OpenBionics_Beetroot\openbionics_openbionics_samd_ob_chestnut\Debug\Wire\Wire.cpp.o
LOAD C:\Users\Olly\AppData\Local\Temp\VMBuilds\OpenBionics_Beetroot\openbionics_openbionics_samd_ob_chestnut\Debug\Adafruit_NeoPixel.cpp.o
LOAD C:\Users\Olly\AppData\Local\Temp\VMBuilds\OpenBionics_Beetroot\openbionics_openbionics_samd_ob_chestnut\Debug\CircleBuff.cpp.o
LOAD C:\Users\Olly\AppData\Local\Temp\VMBuilds\OpenBionics_Beetroot\openbionics_openbionics_samd_ob_chestnut\Debug\Demo.cpp.o
LOAD C:\Users\Olly\AppData\Local\Temp\VMBuilds\OpenBionics_Beetroot\openbionics_openbionics_samd_ob_chestnut\Debug\EMGControl.cpp.o
LOAD C:\Users\Olly\AppData\Local\Temp\VMBuilds\OpenBionics_Beetroot\openbionics_openbionics_samd_ob_chestnut\Debug\ErrorHandling.cpp.o
LOAD C:\Users\Olly\AppData\Local\Temp\VMBuilds\OpenBionics_Beetroot\openbionics_openbionics_samd_ob_chestnut\Debug\Globals.cpp.o
LOAD C:\Users\Olly\AppData\Local\Temp\VMBuilds\OpenBionics_Beetroot\openbionics_openbionics_samd_ob_chestnut\Debug\Grips.cpp.o
LOAD C:\Users\Olly\AppData\Local\Temp\VMBuilds\OpenBionics_Beetroot\openbionics_openbionics_samd_ob_chestnut\Debug\Grips_Default.cpp.o
LOAD C:\Users\Olly\AppData\Local\Temp\VMBuilds\OpenBionics_Beetroot\openbionics_openbionics_samd_ob_chestnut\Debug\HANDle.cpp.o
LOAD C:\Users\Olly\AppData\Local\Temp\VMBuilds\OpenBionics_Beetroot\openbionics_openbionics_samd_ob_chestnut\Debug\I2C_EEPROM.cpp.o
LOAD C:\Users\Olly\AppData\Local\Temp\VMBuilds\OpenBionics_Beetroot\openbionics_openbionics_samd_ob_chestnut\Debug\I2C_IMU_LSM9DS1.cpp.o
LOAD C:\Users\Olly\AppData\Local\Temp\VMBuilds\OpenBionics_Beetroot\openbionics_openbionics_samd_ob_chestnut\Debug\Initialisation.cpp.o
LOAD C:\Users\Olly\AppData\Local\Temp\VMBuilds\OpenBionics_Beetroot\openbionics_openbionics_samd_ob_chestnut\Debug\LED.cpp.o
LOAD C:\Users\Olly\AppData\Local\Temp\VMBuilds\OpenBionics_Beetroot\openbionics_openbionics_samd_ob_chestnut\Debug\ROS.cpp.o
LOAD C:\Users\Olly\AppData\Local\Temp\VMBuilds\OpenBionics_Beetroot\openbionics_openbionics_samd_ob_chestnut\Debug\SerialControl.cpp.o
LOAD C:\Users\Olly\AppData\Local\Temp\VMBuilds\OpenBionics_Beetroot\openbionics_openbionics_samd_ob_chestnut\Debug\TimerManagement.cpp.o
LOAD C:\Users\Olly\AppData\Local\Temp\VMBuilds\OpenBionics_Beetroot\openbionics_openbionics_samd_ob_chestnut\Debug\Utils.cpp.o
LOAD C:\Users\Olly\AppData\Local\Temp\VMBuilds\OpenBionics_Beetroot\openbionics_openbionics_samd_ob_chestnut\Debug\variant\variant.cpp.o
START GROUP
LOAD c:/users/olly/appdata/local/arduino15/packages/arduino/tools/arm-none-eabi-gcc/4.8.3-2014q1/bin/../lib/gcc/arm-none-eabi/4.8.3/../../../../arm-none-eabi/lib/armv6-m\libm.a
LOAD C:\Users\Olly\AppData\Local\Temp\VMBuilds\OpenBionics_Beetroot\openbionics_openbionics_samd_ob_chestnut\Debug/core.a
END GROUP
START GROUP
LOAD c:/users/olly/appdata/local/arduino15/packages/arduino/tools/arm-none-eabi-gcc/4.8.3-2014q1/bin/../lib/gcc/arm-none-eabi/4.8.3/armv6-m\libgcc.a
LOAD c:/users/olly/appdata/local/arduino15/packages/arduino/tools/arm-none-eabi-gcc/4.8.3-2014q1/bin/../lib/gcc/arm-none-eabi/4.8.3/../../../../arm-none-eabi/lib/armv6-m\libc_s.a
END GROUP
START GROUP
LOAD c:/users/olly/appdata/local/arduino15/packages/arduino/tools/arm-none-eabi-gcc/4.8.3-2014q1/bin/../lib/gcc/arm-none-eabi/4.8.3/armv6-m\libgcc.a
LOAD c:/users/olly/appdata/local/arduino15/packages/arduino/tools/arm-none-eabi-gcc/4.8.3-2014q1/bin/../lib/gcc/arm-none-eabi/4.8.3/../../../../arm-none-eabi/lib/armv6-m\libc_s.a
LOAD c:/users/olly/appdata/local/arduino15/packages/arduino/tools/arm-none-eabi-gcc/4.8.3-2014q1/bin/../lib/gcc/arm-none-eabi/4.8.3/../../../../arm-none-eabi/lib/armv6-m\libnosys.a
END GROUP
START GROUP
LOAD c:/users/olly/appdata/local/arduino15/packages/arduino/tools/arm-none-eabi-gcc/4.8.3-2014q1/bin/../lib/gcc/arm-none-eabi/4.8.3/armv6-m\libgcc.a
LOAD c:/users/olly/appdata/local/arduino15/packages/arduino/tools/arm-none-eabi-gcc/4.8.3-2014q1/bin/../lib/gcc/arm-none-eabi/4.8.3/../../../../arm-none-eabi/lib/armv6-m\libc_s.a
LOAD c:/users/olly/appdata/local/arduino15/packages/arduino/tools/arm-none-eabi-gcc/4.8.3-2014q1/bin/../lib/gcc/arm-none-eabi/4.8.3/../../../../arm-none-eabi/lib/armv6-m\libnosys.a
END GROUP
LOAD c:/users/olly/appdata/local/arduino15/packages/arduino/tools/arm-none-eabi-gcc/4.8.3-2014q1/bin/../lib/gcc/arm-none-eabi/4.8.3/armv6-m/crtend.o
LOAD c:/users/olly/appdata/local/arduino15/packages/arduino/tools/arm-none-eabi-gcc/4.8.3-2014q1/bin/../lib/gcc/arm-none-eabi/4.8.3/armv6-m/crtn.o

.text           0x00002000     0xdbf0
 *(.isr_vector)
 .isr_vector    0x00002000       0xb0 C:\Users\Olly\AppData\Local\Temp\VMBuilds\OpenBionics_Beetroot\openbionics_openbionics_samd_ob_chestnut\Debug/core.a(cortex_handlers.c.o)
                0x00002000                exception_table
 *(.text*)
 .text          0x000020b0       0x60 c:/users/olly/appdata/local/arduino15/packages/arduino/tools/arm-none-eabi-gcc/4.8.3-2014q1/bin/../lib/gcc/arm-none-eabi/4.8.3/armv6-m/crtbegin.o
 .text.setup    0x00002110       0x20 C:\Users\Olly\AppData\Local\Temp\VMBuilds\OpenBionics_Beetroot\openbionics_openbionics_samd_ob_chestnut\Debug\OpenBionics_Beetroot.cpp.o
                0x00002110                setup
 .text.loop     0x00002130       0x60 C:\Users\Olly\AppData\Local\Temp\VMBuilds\OpenBionics_Beetroot\openbionics_openbionics_samd_ob_chestnut\Debug\OpenBionics_Beetroot.cpp.o
                0x00002130                loop
 .text._ZN6FingerC2Ev
                0x00002190       0xa8 C:\Users\Olly\AppData\Local\Temp\VMBuilds\OpenBionics_Beetroot\openbionics_openbionics_samd_ob_chestnut\Debug\FingerLib\FingerLib.cpp.o
                0x00002190                Finger::Finger()
                0x00002190                Finger::Finger()
 .text._ZN6Finger8attachedEv
                0x00002238        0x6 C:\Users\Olly\AppData\Local\Temp\VMBuilds\OpenBionics_Beetroot\openbionics_openbionics_samd_ob_chestnut\Debug\FingerLib\FingerLib.cpp.o
                0x00002238                Finger::attached()
 .text._ZN6Finger14setSpeedLimitsEii
                0x0000223e       0x40 C:\Users\Olly\AppData\Local\Temp\VMBuilds\OpenBionics_Beetroot\openbionics_openbionics_samd_ob_chestnut\Debug\FingerLib\FingerLib.cpp.o
                0x0000223e                Finger::setSpeedLimits(int, int)
 *fill*         0x0000227e        0x2 
 .text._ZN6Finger8writePosEi
                0x00002280       0xa0 C:\Users\Olly\AppData\Local\Temp\VMBuilds\OpenBionics_Beetroot\openbionics_openbionics_samd_ob_chestnut\Debug\FingerLib\FingerLib.cpp.o
                0x00002280                Finger::writePos(int)
 .text._ZN6Finger7readPosEv
                0x00002320        0xe C:\Users\Olly\AppData\Local\Temp\VMBuilds\OpenBionics_Beetroot\openbionics_openbionics_samd_ob_chestnut\Debug\FingerLib\FingerLib.cpp.o
                0x00002320                Finger::readPos()
 *fill*         0x0000232e        0x2 
 .text._ZN6Finger8writeDirEi
                0x00002330       0x58 C:\Users\Olly\AppData\Local\Temp\VMBuilds\OpenBionics_Beetroot\openbionics_openbionics_samd_ob_chestnut\Debug\FingerLib\FingerLib.cpp.o
                0x00002330                Finger::writeDir(int)
 .text._ZN6Finger7readDirEv
                0x00002388       0x10 C:\Users\Olly\AppData\Local\Temp\VMBuilds\OpenBionics_Beetroot\openbionics_openbionics_samd_ob_chestnut\Debug\FingerLib\FingerLib.cpp.o
                0x00002388                Finger::readDir()
 .text._ZN6Finger10writeSpeedEi
                0x00002398       0x6e C:\Users\Olly\AppData\Local\Temp\VMBuilds\OpenBionics_Beetroot\openbionics_openbionics_samd_ob_chestnut\Debug\FingerLib\FingerLib.cpp.o
                0x00002398                Finger::writeSpeed(int)
 *fill*         0x00002406        0x2 
 .text._ZN6Finger6attachEhhhhb
                0x00002408      0x140 C:\Users\Olly\AppData\Local\Temp\VMBuilds\OpenBionics_Beetroot\openbionics_openbionics_samd_ob_chestnut\Debug\FingerLib\FingerLib.cpp.o
                0x00002408                Finger::attach(unsigned char, unsigned char, unsigned char, unsigned char, bool)
 .text._ZN6Finger15readTargetSpeedEv
                0x00002548       0x10 C:\Users\Olly\AppData\Local\Temp\VMBuilds\OpenBionics_Beetroot\openbionics_openbionics_samd_ob_chestnut\Debug\FingerLib\FingerLib.cpp.o
                0x00002548                Finger::readTargetSpeed()
 .text._ZN6Finger14readCurrentSnsEv
                0x00002558       0x48 C:\Users\Olly\AppData\Local\Temp\VMBuilds\OpenBionics_Beetroot\openbionics_openbionics_samd_ob_chestnut\Debug\FingerLib\FingerLib.cpp.o
                0x00002558                Finger::readCurrentSns()
 .text._Z21_currentSenseCallbackv
                0x000025a0       0x34 C:\Users\Olly\AppData\Local\Temp\VMBuilds\OpenBionics_Beetroot\openbionics_openbionics_samd_ob_chestnut\Debug\FingerLib\FingerLib.cpp.o
                0x000025a0                _currentSenseCallback()
 .text._ZN6Finger12disableMotorEv
                0x000025d4        0x8 C:\Users\Olly\AppData\Local\Temp\VMBuilds\OpenBionics_Beetroot\openbionics_openbionics_samd_ob_chestnut\Debug\FingerLib\FingerLib.cpp.o
                0x000025d4                Finger::disableMotor()
 .text._ZN6Finger11motorEnableEb
                0x000025dc        0x6 C:\Users\Olly\AppData\Local\Temp\VMBuilds\OpenBionics_Beetroot\openbionics_openbionics_samd_ob_chestnut\Debug\FingerLib\FingerLib.cpp.o
                0x000025dc                Finger::motorEnable(bool)
 .text._ZN6Finger16enableForceSenseEv
                0x000025e2        0x8 C:\Users\Olly\AppData\Local\Temp\VMBuilds\OpenBionics_Beetroot\openbionics_openbionics_samd_ob_chestnut\Debug\FingerLib\FingerLib.cpp.o
                0x000025e2                Finger::enableForceSense()
 *fill*         0x000025ea        0x2 
 .text._ZN6Finger12motorControlEi
                0x000025ec      0x100 C:\Users\Olly\AppData\Local\Temp\VMBuilds\OpenBionics_Beetroot\openbionics_openbionics_samd_ob_chestnut\Debug\FingerLib\FingerLib.cpp.o
                0x000025ec                Finger::motorControl(int)
 .text._ZN6Finger18positionControllerEv
                0x000026ec       0x30 C:\Users\Olly\AppData\Local\Temp\VMBuilds\OpenBionics_Beetroot\openbionics_openbionics_samd_ob_chestnut\Debug\FingerLib\FingerLib.cpp.o
                0x000026ec                Finger::positionController()
 *fill*         0x0000271c        0x4 
 .text._ZN6Finger15forceControllerEv
                0x00002720       0xa0 C:\Users\Olly\AppData\Local\Temp\VMBuilds\OpenBionics_Beetroot\openbionics_openbionics_samd_ob_chestnut\Debug\FingerLib\FingerLib.cpp.o
                0x00002720                Finger::forceController()
 .text._ZN6Finger7controlEv
                0x000027c0       0x58 C:\Users\Olly\AppData\Local\Temp\VMBuilds\OpenBionics_Beetroot\openbionics_openbionics_samd_ob_chestnut\Debug\FingerLib\FingerLib.cpp.o
                0x000027c0                Finger::control()
 .text._Z22_fingerControlCallbackv
                0x00002818       0x34 C:\Users\Olly\AppData\Local\Temp\VMBuilds\OpenBionics_Beetroot\openbionics_openbionics_samd_ob_chestnut\Debug\FingerLib\FingerLib.cpp.o
                0x00002818                _fingerControlCallback()
 .text._Z17setFastAnalogReadv
                0x0000284c       0x20 C:\Users\Olly\AppData\Local\Temp\VMBuilds\OpenBionics_Beetroot\openbionics_openbionics_samd_ob_chestnut\Debug\FingerLib\current_sense\samd_CurrentSense.cpp.o
                0x0000284c                setFastAnalogRead()
 .text._Z12initPWMtimerm
                0x0000286c      0x170 C:\Users\Olly\AppData\Local\Temp\VMBuilds\OpenBionics_Beetroot\openbionics_openbionics_samd_ob_chestnut\Debug\FingerLib\current_sense\samd_CurrentSense.cpp.o
                0x0000286c                initPWMtimer(unsigned long)
 .text._Z21enableCurrentSnsTimerh
                0x000029dc       0x34 C:\Users\Olly\AppData\Local\Temp\VMBuilds\OpenBionics_Beetroot\openbionics_openbionics_samd_ob_chestnut\Debug\FingerLib\current_sense\samd_CurrentSense.cpp.o
                0x000029dc                enableCurrentSnsTimer(unsigned char)
 .text._Z13syncPWMTimersv
                0x00002a10       0xf0 C:\Users\Olly\AppData\Local\Temp\VMBuilds\OpenBionics_Beetroot\openbionics_openbionics_samd_ob_chestnut\Debug\FingerLib\current_sense\samd_CurrentSense.cpp.o
                0x00002a10                syncPWMTimers()
 .text._Z16initCurrentSensehhPFvvE
                0x00002b00       0x54 C:\Users\Olly\AppData\Local\Temp\VMBuilds\OpenBionics_Beetroot\openbionics_openbionics_samd_ob_chestnut\Debug\FingerLib\current_sense\samd_CurrentSense.cpp.o
                0x00002b00                initCurrentSense(unsigned char, unsigned char, void (*)())
 .text.TCC0_Handler
                0x00002b54       0x3c C:\Users\Olly\AppData\Local\Temp\VMBuilds\OpenBionics_Beetroot\openbionics_openbionics_samd_ob_chestnut\Debug\FingerLib\current_sense\samd_CurrentSense.cpp.o
                0x00002b54                TCC0_Handler
 .text.TCC1_Handler
                0x00002b90       0x3c C:\Users\Olly\AppData\Local\Temp\VMBuilds\OpenBionics_Beetroot\openbionics_openbionics_samd_ob_chestnut\Debug\FingerLib\current_sense\samd_CurrentSense.cpp.o
                0x00002b90                TCC1_Handler
 .text.TCC2_Handler
                0x00002bcc       0x3c C:\Users\Olly\AppData\Local\Temp\VMBuilds\OpenBionics_Beetroot\openbionics_openbionics_samd_ob_chestnut\Debug\FingerLib\current_sense\samd_CurrentSense.cpp.o
                0x00002bcc                TCC2_Handler
 .text.TC3_Handler
                0x00002c08       0x3c C:\Users\Olly\AppData\Local\Temp\VMBuilds\OpenBionics_Beetroot\openbionics_openbionics_samd_ob_chestnut\Debug\FingerLib\current_sense\samd_CurrentSense.cpp.o
                0x00002c08                TC3_Handler
 .text.TC5_Handler
                0x00002c44       0x3c C:\Users\Olly\AppData\Local\Temp\VMBuilds\OpenBionics_Beetroot\openbionics_openbionics_samd_ob_chestnut\Debug\FingerLib\current_sense\samd_CurrentSense.cpp.o
                0x00002c44                TC5_Handler
 .text._ZN14PID_CONTROLLERC2Ev
                0x00002c80       0x58 C:\Users\Olly\AppData\Local\Temp\VMBuilds\OpenBionics_Beetroot\openbionics_openbionics_samd_ob_chestnut\Debug\FingerLib\pid\pid_controller.cpp.o
                0x00002c80                PID_CONTROLLER::PID_CONTROLLER()
                0x00002c80                PID_CONTROLLER::PID_CONTROLLER()
 .text._ZN14PID_CONTROLLER3runEdd
                0x00002cd8      0x150 C:\Users\Olly\AppData\Local\Temp\VMBuilds\OpenBionics_Beetroot\openbionics_openbionics_samd_ob_chestnut\Debug\FingerLib\pid\pid_controller.cpp.o
                0x00002cd8                PID_CONTROLLER::run(double, double)
 .text._ZN14PID_CONTROLLER9setLimitsEdd
                0x00002e28       0x10 C:\Users\Olly\AppData\Local\Temp\VMBuilds\OpenBionics_Beetroot\openbionics_openbionics_samd_ob_chestnut\Debug\FingerLib\pid\pid_controller.cpp.o
                0x00002e28                PID_CONTROLLER::setLimits(double, double)
 .text._Z13_passMotorPtrPFvvE
                0x00002e38        0xc C:\Users\Olly\AppData\Local\Temp\VMBuilds\OpenBionics_Beetroot\openbionics_openbionics_samd_ob_chestnut\Debug\FingerLib\timers\samd_FingerTimer.cpp.o
                0x00002e38                _passMotorPtr(void (*)())
 .text._Z18_attachFuncToTimerPFvvE
                0x00002e44        0xc C:\Users\Olly\AppData\Local\Temp\VMBuilds\OpenBionics_Beetroot\openbionics_openbionics_samd_ob_chestnut\Debug\FingerLib\timers\samd_FingerTimer.cpp.o
                0x00002e44                _attachFuncToTimer(void (*)())
 .text._Z18_posCtrlTimerSetupv
                0x00002e50       0xa0 C:\Users\Olly\AppData\Local\Temp\VMBuilds\OpenBionics_Beetroot\openbionics_openbionics_samd_ob_chestnut\Debug\FingerLib\timers\samd_FingerTimer.cpp.o
                0x00002e50                _posCtrlTimerSetup()
 .text.TC4_Handler
                0x00002ef0       0x74 C:\Users\Olly\AppData\Local\Temp\VMBuilds\OpenBionics_Beetroot\openbionics_openbionics_samd_ob_chestnut\Debug\FingerLib\timers\samd_FingerTimer.cpp.o
                0x00002ef0                TC4_Handler
 .text._ZN11US_NB_DELAYC2Ev
                0x00002f64        0x6 C:\Users\Olly\AppData\Local\Temp\VMBuilds\OpenBionics_Beetroot\openbionics_openbionics_samd_ob_chestnut\Debug\FingerLib\timers\timer_and_delay.cpp.o
                0x00002f64                US_NB_DELAY::US_NB_DELAY()
                0x00002f64                US_NB_DELAY::US_NB_DELAY()
 .text._ZN11US_NB_DELAY5startEl
                0x00002f6a       0x14 C:\Users\Olly\AppData\Local\Temp\VMBuilds\OpenBionics_Beetroot\openbionics_openbionics_samd_ob_chestnut\Debug\FingerLib\timers\timer_and_delay.cpp.o
                0x00002f6a                US_NB_DELAY::start(long)
 .text._ZN11US_NB_DELAY8finishedEv
                0x00002f7e       0x20 C:\Users\Olly\AppData\Local\Temp\VMBuilds\OpenBionics_Beetroot\openbionics_openbionics_samd_ob_chestnut\Debug\FingerLib\timers\timer_and_delay.cpp.o
                0x00002f7e                US_NB_DELAY::finished()
 .text._ZN11US_NB_DELAY7startedEv
                0x00002f9e        0x4 C:\Users\Olly\AppData\Local\Temp\VMBuilds\OpenBionics_Beetroot\openbionics_openbionics_samd_ob_chestnut\Debug\FingerLib\timers\timer_and_delay.cpp.o
                0x00002f9e                US_NB_DELAY::started()
 .text._ZN11US_NB_TIMERC2Ev
                0x00002fa2        0x6 C:\Users\Olly\AppData\Local\Temp\VMBuilds\OpenBionics_Beetroot\openbionics_openbionics_samd_ob_chestnut\Debug\FingerLib\timers\timer_and_delay.cpp.o
                0x00002fa2                US_NB_TIMER::US_NB_TIMER()
                0x00002fa2                US_NB_TIMER::US_NB_TIMER()
 .text._ZN11US_NB_TIMER5startEv
                0x00002fa8       0x10 C:\Users\Olly\AppData\Local\Temp\VMBuilds\OpenBionics_Beetroot\openbionics_openbionics_samd_ob_chestnut\Debug\FingerLib\timers\timer_and_delay.cpp.o
                0x00002fa8                US_NB_TIMER::start()
 .text._ZN11US_NB_TIMER3nowEv
                0x00002fb8       0x16 C:\Users\Olly\AppData\Local\Temp\VMBuilds\OpenBionics_Beetroot\openbionics_openbionics_samd_ob_chestnut\Debug\FingerLib\timers\timer_and_delay.cpp.o
                0x00002fb8                US_NB_TIMER::now()
 .text._ZN11US_NB_TIMER4stopEv
                0x00002fce        0xe C:\Users\Olly\AppData\Local\Temp\VMBuilds\OpenBionics_Beetroot\openbionics_openbionics_samd_ob_chestnut\Debug\FingerLib\timers\timer_and_delay.cpp.o
                0x00002fce                US_NB_TIMER::stop()
 .text._ZN7TwoWire5writeEPKhj
                0x00002fdc       0x24 C:\Users\Olly\AppData\Local\Temp\VMBuilds\OpenBionics_Beetroot\openbionics_openbionics_samd_ob_chestnut\Debug\Wire\Wire.cpp.o
                0x00002fdc                TwoWire::write(unsigned char const*, unsigned int)
 .text._ZN7TwoWire5flushEv
                0x00003000        0x2 C:\Users\Olly\AppData\Local\Temp\VMBuilds\OpenBionics_Beetroot\openbionics_openbionics_samd_ob_chestnut\Debug\Wire\Wire.cpp.o
                0x00003000                TwoWire::flush()
 .text._ZN7TwoWire4readEv
                0x00003002        0xa C:\Users\Olly\AppData\Local\Temp\VMBuilds\OpenBionics_Beetroot\openbionics_openbionics_samd_ob_chestnut\Debug\Wire\Wire.cpp.o
                0x00003002                TwoWire::read()
 .text._ZN7TwoWire9availableEv
                0x0000300c        0xa C:\Users\Olly\AppData\Local\Temp\VMBuilds\OpenBionics_Beetroot\openbionics_openbionics_samd_ob_chestnut\Debug\Wire\Wire.cpp.o
                0x0000300c                TwoWire::available()
 .text._ZN7TwoWire5writeEh
                0x00003016       0x28 C:\Users\Olly\AppData\Local\Temp\VMBuilds\OpenBionics_Beetroot\openbionics_openbionics_samd_ob_chestnut\Debug\Wire\Wire.cpp.o
                0x00003016                TwoWire::write(unsigned char)
 .text._ZN7TwoWire4peekEv
                0x0000303e        0xa C:\Users\Olly\AppData\Local\Temp\VMBuilds\OpenBionics_Beetroot\openbionics_openbionics_samd_ob_chestnut\Debug\Wire\Wire.cpp.o
                0x0000303e                TwoWire::peek()
 .text._ZN7TwoWireC2EP6SERCOMhh
                0x00003048       0x3c C:\Users\Olly\AppData\Local\Temp\VMBuilds\OpenBionics_Beetroot\openbionics_openbionics_samd_ob_chestnut\Debug\Wire\Wire.cpp.o
                0x00003048                TwoWire::TwoWire(SERCOM*, unsigned char, unsigned char)
                0x00003048                TwoWire::TwoWire(SERCOM*, unsigned char, unsigned char)
 .text._ZN7TwoWire5beginEv
                0x00003084       0x40 C:\Users\Olly\AppData\Local\Temp\VMBuilds\OpenBionics_Beetroot\openbionics_openbionics_samd_ob_chestnut\Debug\Wire\Wire.cpp.o
                0x00003084                TwoWire::begin()
 .text._ZN7TwoWire11requestFromEhjb
                0x000030c4       0x76 C:\Users\Olly\AppData\Local\Temp\VMBuilds\OpenBionics_Beetroot\openbionics_openbionics_samd_ob_chestnut\Debug\Wire\Wire.cpp.o
                0x000030c4                TwoWire::requestFrom(unsigned char, unsigned int, bool)
 .text._ZN7TwoWire11requestFromEhj
                0x0000313a        0xa C:\Users\Olly\AppData\Local\Temp\VMBuilds\OpenBionics_Beetroot\openbionics_openbionics_samd_ob_chestnut\Debug\Wire\Wire.cpp.o
                0x0000313a                TwoWire::requestFrom(unsigned char, unsigned int)
 .text._ZN7TwoWire17beginTransmissionEh
                0x00003144       0x16 C:\Users\Olly\AppData\Local\Temp\VMBuilds\OpenBionics_Beetroot\openbionics_openbionics_samd_ob_chestnut\Debug\Wire\Wire.cpp.o
                0x00003144                TwoWire::beginTransmission(unsigned char)
 .text._ZN7TwoWire15endTransmissionEb
                0x0000315a       0x66 C:\Users\Olly\AppData\Local\Temp\VMBuilds\OpenBionics_Beetroot\openbionics_openbionics_samd_ob_chestnut\Debug\Wire\Wire.cpp.o
                0x0000315a                TwoWire::endTransmission(bool)
 .text._ZN7TwoWire15endTransmissionEv
                0x000031c0        0xa C:\Users\Olly\AppData\Local\Temp\VMBuilds\OpenBionics_Beetroot\openbionics_openbionics_samd_ob_chestnut\Debug\Wire\Wire.cpp.o
                0x000031c0                TwoWire::endTransmission()
 .text._ZN7TwoWire9onServiceEv
                0x000031ca      0x104 C:\Users\Olly\AppData\Local\Temp\VMBuilds\OpenBionics_Beetroot\openbionics_openbionics_samd_ob_chestnut\Debug\Wire\Wire.cpp.o
                0x000031ca                TwoWire::onService()
 *fill*         0x000032ce        0x2 
 .text.SERCOM3_Handler
                0x000032d0       0x10 C:\Users\Olly\AppData\Local\Temp\VMBuilds\OpenBionics_Beetroot\openbionics_openbionics_samd_ob_chestnut\Debug\Wire\Wire.cpp.o
                0x000032d0                SERCOM3_Handler
 .text.startup._GLOBAL__sub_I__ZN7TwoWireC2EP6SERCOMhh
                0x000032e0       0x18 C:\Users\Olly\AppData\Local\Temp\VMBuilds\OpenBionics_Beetroot\openbionics_openbionics_samd_ob_chestnut\Debug\Wire\Wire.cpp.o
 .text._ZN17Adafruit_NeoPixelD2Ev
                0x000032f8       0x20 C:\Users\Olly\AppData\Local\Temp\VMBuilds\OpenBionics_Beetroot\openbionics_openbionics_samd_ob_chestnut\Debug\Adafruit_NeoPixel.cpp.o
                0x000032f8                Adafruit_NeoPixel::~Adafruit_NeoPixel()
                0x000032f8                Adafruit_NeoPixel::~Adafruit_NeoPixel()
 .text._ZN17Adafruit_NeoPixel5beginEv
                0x00003318       0x22 C:\Users\Olly\AppData\Local\Temp\VMBuilds\OpenBionics_Beetroot\openbionics_openbionics_samd_ob_chestnut\Debug\Adafruit_NeoPixel.cpp.o
                0x00003318                Adafruit_NeoPixel::begin()
 .text._ZN17Adafruit_NeoPixel12updateLengthEt
                0x0000333a       0x40 C:\Users\Olly\AppData\Local\Temp\VMBuilds\OpenBionics_Beetroot\openbionics_openbionics_samd_ob_chestnut\Debug\Adafruit_NeoPixel.cpp.o
                0x0000333a                Adafruit_NeoPixel::updateLength(unsigned short)
 .text._ZN17Adafruit_NeoPixel10updateTypeEt
                0x0000337a       0x48 C:\Users\Olly\AppData\Local\Temp\VMBuilds\OpenBionics_Beetroot\openbionics_openbionics_samd_ob_chestnut\Debug\Adafruit_NeoPixel.cpp.o
                0x0000337a                Adafruit_NeoPixel::updateType(unsigned short)
 *fill*         0x000033c2        0x2 
 .text._ZN17Adafruit_NeoPixel4showEv
                0x000033c4      0x1e4 C:\Users\Olly\AppData\Local\Temp\VMBuilds\OpenBionics_Beetroot\openbionics_openbionics_samd_ob_chestnut\Debug\Adafruit_NeoPixel.cpp.o
                0x000033c4                Adafruit_NeoPixel::show()
 .text._ZN17Adafruit_NeoPixel6setPinEh
                0x000035a8       0x34 C:\Users\Olly\AppData\Local\Temp\VMBuilds\OpenBionics_Beetroot\openbionics_openbionics_samd_ob_chestnut\Debug\Adafruit_NeoPixel.cpp.o
                0x000035a8                Adafruit_NeoPixel::setPin(unsigned char)
 .text._ZN17Adafruit_NeoPixelC2Etht
                0x000035dc       0x2e C:\Users\Olly\AppData\Local\Temp\VMBuilds\OpenBionics_Beetroot\openbionics_openbionics_samd_ob_chestnut\Debug\Adafruit_NeoPixel.cpp.o
                0x000035dc                Adafruit_NeoPixel::Adafruit_NeoPixel(unsigned short, unsigned char, unsigned short)
                0x000035dc                Adafruit_NeoPixel::Adafruit_NeoPixel(unsigned short, unsigned char, unsigned short)
 .text._ZN17Adafruit_NeoPixel13setPixelColorEtm
                0x0000360a       0x74 C:\Users\Olly\AppData\Local\Temp\VMBuilds\OpenBionics_Beetroot\openbionics_openbionics_samd_ob_chestnut\Debug\Adafruit_NeoPixel.cpp.o
                0x0000360a                Adafruit_NeoPixel::setPixelColor(unsigned short, unsigned long)
 .text._ZNK17Adafruit_NeoPixel13getPixelColorEt
                0x0000367e       0xc0 C:\Users\Olly\AppData\Local\Temp\VMBuilds\OpenBionics_Beetroot\openbionics_openbionics_samd_ob_chestnut\Debug\Adafruit_NeoPixel.cpp.o
                0x0000367e                Adafruit_NeoPixel::getPixelColor(unsigned short) const
 .text._ZN13CIRCLE_BUFFERC2Et
                0x0000373e       0x44 C:\Users\Olly\AppData\Local\Temp\VMBuilds\OpenBionics_Beetroot\openbionics_openbionics_samd_ob_chestnut\Debug\CircleBuff.cpp.o
                0x0000373e                CIRCLE_BUFFER::CIRCLE_BUFFER(unsigned short)
                0x0000373e                CIRCLE_BUFFER::CIRCLE_BUFFER(unsigned short)
 .text._ZN13CIRCLE_BUFFER8readMeanEv
                0x00003782        0x6 C:\Users\Olly\AppData\Local\Temp\VMBuilds\OpenBionics_Beetroot\openbionics_openbionics_samd_ob_chestnut\Debug\CircleBuff.cpp.o
                0x00003782                CIRCLE_BUFFER::readMean()
 .text._ZN13CIRCLE_BUFFER5writeEt
                0x00003788       0x36 C:\Users\Olly\AppData\Local\Temp\VMBuilds\OpenBionics_Beetroot\openbionics_openbionics_samd_ob_chestnut\Debug\CircleBuff.cpp.o
                0x00003788                CIRCLE_BUFFER::write(unsigned short)
 *fill*         0x000037be        0x2 
 .text._ZN10DEMO_CLASSC2Ev
                0x000037c0       0x28 C:\Users\Olly\AppData\Local\Temp\VMBuilds\OpenBionics_Beetroot\openbionics_openbionics_samd_ob_chestnut\Debug\Demo.cpp.o
                0x000037c0                DEMO_CLASS::DEMO_CLASS()
                0x000037c0                DEMO_CLASS::DEMO_CLASS()
 .text._ZN10DEMO_CLASS7enabledEv
                0x000037e8       0x12 C:\Users\Olly\AppData\Local\Temp\VMBuilds\OpenBionics_Beetroot\openbionics_openbionics_samd_ob_chestnut\Debug\Demo.cpp.o
                0x000037e8                DEMO_CLASS::enabled()
 .text._ZN10DEMO_CLASS4stopEv
                0x000037fa        0x6 C:\Users\Olly\AppData\Local\Temp\VMBuilds\OpenBionics_Beetroot\openbionics_openbionics_samd_ob_chestnut\Debug\Demo.cpp.o
                0x000037fa                DEMO_CLASS::stop()
 .text._ZN10DEMO_CLASS8constantEv
                0x00003800        0x6 C:\Users\Olly\AppData\Local\Temp\VMBuilds\OpenBionics_Beetroot\openbionics_openbionics_samd_ob_chestnut\Debug\Demo.cpp.o
                0x00003800                DEMO_CLASS::constant()
 *fill*         0x00003806        0x2 
 .text.startup._GLOBAL__sub_I__ZN10DEMO_CLASSC2Ev
                0x00003808       0x10 C:\Users\Olly\AppData\Local\Temp\VMBuilds\OpenBionics_Beetroot\openbionics_openbionics_samd_ob_chestnut\Debug\Demo.cpp.o
 .text._ZN10DEMO_CLASS3runEv
                0x00003818       0xd4 C:\Users\Olly\AppData\Local\Temp\VMBuilds\OpenBionics_Beetroot\openbionics_openbionics_samd_ob_chestnut\Debug\Demo.cpp.o
                0x00003818                DEMO_CLASS::run()
 .text._ZN10DEMO_CLASS10toggleOnceEv
                0x000038ec       0x34 C:\Users\Olly\AppData\Local\Temp\VMBuilds\OpenBionics_Beetroot\openbionics_openbionics_samd_ob_chestnut\Debug\Demo.cpp.o
                0x000038ec                DEMO_CLASS::toggleOnce()
 .text._ZN10DEMO_CLASS14toggleConstantEv
                0x00003920       0x34 C:\Users\Olly\AppData\Local\Temp\VMBuilds\OpenBionics_Beetroot\openbionics_openbionics_samd_ob_chestnut\Debug\Demo.cpp.o
                0x00003920                DEMO_CLASS::toggleConstant()
 .text._ZN11EMG_CONTROLC2Ev
                0x00003954       0x40 C:\Users\Olly\AppData\Local\Temp\VMBuilds\OpenBionics_Beetroot\openbionics_openbionics_samd_ob_chestnut\Debug\EMGControl.cpp.o
                0x00003954                EMG_CONTROL::EMG_CONTROL()
                0x00003954                EMG_CONTROL::EMG_CONTROL()
 .text._ZN11EMG_CONTROL5beginEv
                0x00003994       0x40 C:\Users\Olly\AppData\Local\Temp\VMBuilds\OpenBionics_Beetroot\openbionics_openbionics_samd_ob_chestnut\Debug\EMGControl.cpp.o
                0x00003994                EMG_CONTROL::begin()
 .text._ZN11EMG_CONTROL7enabledEv
                0x000039d4       0x18 C:\Users\Olly\AppData\Local\Temp\VMBuilds\OpenBionics_Beetroot\openbionics_openbionics_samd_ob_chestnut\Debug\EMGControl.cpp.o
                0x000039d4                EMG_CONTROL::enabled()
 .text._ZN11EMG_CONTROL13toggleADCValsEv
                0x000039ec       0x10 C:\Users\Olly\AppData\Local\Temp\VMBuilds\OpenBionics_Beetroot\openbionics_openbionics_samd_ob_chestnut\Debug\EMGControl.cpp.o
                0x000039ec                EMG_CONTROL::toggleADCVals()
 .text._ZN11EMG_CONTROL3offEv
                0x000039fc        0xc C:\Users\Olly\AppData\Local\Temp\VMBuilds\OpenBionics_Beetroot\openbionics_openbionics_samd_ob_chestnut\Debug\EMGControl.cpp.o
                0x000039fc                EMG_CONTROL::off()
 .text._ZN11EMG_CONTROL6simpleEv
                0x00003a08        0xc C:\Users\Olly\AppData\Local\Temp\VMBuilds\OpenBionics_Beetroot\openbionics_openbionics_samd_ob_chestnut\Debug\EMGControl.cpp.o
                0x00003a08                EMG_CONTROL::simple()
 .text._ZN11EMG_CONTROL12proportionalEv
                0x00003a14        0xc C:\Users\Olly\AppData\Local\Temp\VMBuilds\OpenBionics_Beetroot\openbionics_openbionics_samd_ob_chestnut\Debug\EMGControl.cpp.o
                0x00003a14                EMG_CONTROL::proportional()
 .text._ZN11EMG_CONTROL13analyseSignalEv
                0x00003a20       0x98 C:\Users\Olly\AppData\Local\Temp\VMBuilds\OpenBionics_Beetroot\openbionics_openbionics_samd_ob_chestnut\Debug\EMGControl.cpp.o
                0x00003a20                EMG_CONTROL::analyseSignal()
 .text._ZN11EMG_CONTROL14calcNoiseFloorEii
                0x00003ab8       0x38 C:\Users\Olly\AppData\Local\Temp\VMBuilds\OpenBionics_Beetroot\openbionics_openbionics_samd_ob_chestnut\Debug\EMGControl.cpp.o
                0x00003ab8                EMG_CONTROL::calcNoiseFloor(int, int)
 .text._ZN11EMG_CONTROL9getSampleEv
                0x00003af0       0x64 C:\Users\Olly\AppData\Local\Temp\VMBuilds\OpenBionics_Beetroot\openbionics_openbionics_samd_ob_chestnut\Debug\EMGControl.cpp.o
                0x00003af0                EMG_CONTROL::getSample()
 *fill*         0x00003b54        0x4 
 .text._ZN11EMG_CONTROL13calcPosChangeEi
                0x00003b58       0x60 C:\Users\Olly\AppData\Local\Temp\VMBuilds\OpenBionics_Beetroot\openbionics_openbionics_samd_ob_chestnut\Debug\EMGControl.cpp.o
                0x00003b58                EMG_CONTROL::calcPosChange(int)
 .text._ZN11EMG_CONTROL20control_proportionalEv
                0x00003bb8       0xa8 C:\Users\Olly\AppData\Local\Temp\VMBuilds\OpenBionics_Beetroot\openbionics_openbionics_samd_ob_chestnut\Debug\EMGControl.cpp.o
                0x00003bb8                EMG_CONTROL::control_proportional()
 .text.startup._GLOBAL__sub_I__ZN11EMG_CONTROLC2Ev
                0x00003c60       0x10 C:\Users\Olly\AppData\Local\Temp\VMBuilds\OpenBionics_Beetroot\openbionics_openbionics_samd_ob_chestnut\Debug\EMGControl.cpp.o
 .text._ZN11EMG_CONTROL12printEMGDataEv
                0x00003c70      0x1e8 C:\Users\Olly\AppData\Local\Temp\VMBuilds\OpenBionics_Beetroot\openbionics_openbionics_samd_ob_chestnut\Debug\EMGControl.cpp.o
                0x00003c70                EMG_CONTROL::printEMGData()
 .text._ZN11EMG_CONTROL14control_simpleEv
                0x00003e58       0x9c C:\Users\Olly\AppData\Local\Temp\VMBuilds\OpenBionics_Beetroot\openbionics_openbionics_samd_ob_chestnut\Debug\EMGControl.cpp.o
                0x00003e58                EMG_CONTROL::control_simple()
 .text._ZN11EMG_CONTROL7controlEv
                0x00003ef4       0xa0 C:\Users\Olly\AppData\Local\Temp\VMBuilds\OpenBionics_Beetroot\openbionics_openbionics_samd_ob_chestnut\Debug\EMGControl.cpp.o
                0x00003ef4                EMG_CONTROL::control()
 .text._ZN11EMG_CONTROL3runEv
                0x00003f94       0x34 C:\Users\Olly\AppData\Local\Temp\VMBuilds\OpenBionics_Beetroot\openbionics_openbionics_samd_ob_chestnut\Debug\EMGControl.cpp.o
                0x00003f94                EMG_CONTROL::run()
 .text._ZN14ERROR_HANDLINGC2Ev
                0x00003fc8      0x150 C:\Users\Olly\AppData\Local\Temp\VMBuilds\OpenBionics_Beetroot\openbionics_openbionics_samd_ob_chestnut\Debug\ErrorHandling.cpp.o
                0x00003fc8                ERROR_HANDLING::ERROR_HANDLING()
                0x00003fc8                ERROR_HANDLING::ERROR_HANDLING()
 .text._ZN14ERROR_HANDLING5beginEv
                0x00004118       0x10 C:\Users\Olly\AppData\Local\Temp\VMBuilds\OpenBionics_Beetroot\openbionics_openbionics_samd_ob_chestnut\Debug\ErrorHandling.cpp.o
                0x00004118                ERROR_HANDLING::begin()
 .text._ZN14ERROR_HANDLING9loadErrorEv
                0x00004128       0x38 C:\Users\Olly\AppData\Local\Temp\VMBuilds\OpenBionics_Beetroot\openbionics_openbionics_samd_ob_chestnut\Debug\ErrorHandling.cpp.o
                0x00004128                ERROR_HANDLING::loadError()
 .text._ZN14ERROR_HANDLING10storeErrorE10_ErrorType
                0x00004160       0x18 C:\Users\Olly\AppData\Local\Temp\VMBuilds\OpenBionics_Beetroot\openbionics_openbionics_samd_ob_chestnut\Debug\ErrorHandling.cpp.o
                0x00004160                ERROR_HANDLING::storeError(_ErrorType)
 .text.startup._GLOBAL__sub_I__ZN14ERROR_HANDLINGC2Ev
                0x00004178       0x10 C:\Users\Olly\AppData\Local\Temp\VMBuilds\OpenBionics_Beetroot\openbionics_openbionics_samd_ob_chestnut\Debug\ErrorHandling.cpp.o
 .text._ZN14ERROR_HANDLING15printErrorDescrEP11_ErrorState
                0x00004188       0xf4 C:\Users\Olly\AppData\Local\Temp\VMBuilds\OpenBionics_Beetroot\openbionics_openbionics_samd_ob_chestnut\Debug\ErrorHandling.cpp.o
                0x00004188                ERROR_HANDLING::printErrorDescr(_ErrorState*)
 .text._ZN14ERROR_HANDLING3setE10_ErrorType
                0x0000427c       0xd0 C:\Users\Olly\AppData\Local\Temp\VMBuilds\OpenBionics_Beetroot\openbionics_openbionics_samd_ob_chestnut\Debug\ErrorHandling.cpp.o
                0x0000427c                ERROR_HANDLING::set(_ErrorType)
 .text._ZN14ERROR_HANDLING5clearEv
                0x0000434c        0xa C:\Users\Olly\AppData\Local\Temp\VMBuilds\OpenBionics_Beetroot\openbionics_openbionics_samd_ob_chestnut\Debug\ErrorHandling.cpp.o
                0x0000434c                ERROR_HANDLING::clear()
 *fill*         0x00004356        0x2 
 .text._ZN14ERROR_HANDLING3runEv
                0x00004358       0x48 C:\Users\Olly\AppData\Local\Temp\VMBuilds\OpenBionics_Beetroot\openbionics_openbionics_samd_ob_chestnut\Debug\ErrorHandling.cpp.o
                0x00004358                ERROR_HANDLING::run()
 .text._ZN14ERROR_HANDLING12printCurrentEv
                0x000043a0       0x38 C:\Users\Olly\AppData\Local\Temp\VMBuilds\OpenBionics_Beetroot\openbionics_openbionics_samd_ob_chestnut\Debug\ErrorHandling.cpp.o
                0x000043a0                ERROR_HANDLING::printCurrent()
 .text._ZN14ERROR_HANDLING14checkPrevErrorEv
                0x000043d8       0x84 C:\Users\Olly\AppData\Local\Temp\VMBuilds\OpenBionics_Beetroot\openbionics_openbionics_samd_ob_chestnut\Debug\ErrorHandling.cpp.o
                0x000043d8                ERROR_HANDLING::checkPrevError()
 .text.startup._GLOBAL__sub_I_finger
                0x0000445c       0x2c C:\Users\Olly\AppData\Local\Temp\VMBuilds\OpenBionics_Beetroot\openbionics_openbionics_samd_ob_chestnut\Debug\Globals.cpp.o
 .text._ZN10GRIP_CLASS5beginEv
                0x00004488       0x5c C:\Users\Olly\AppData\Local\Temp\VMBuilds\OpenBionics_Beetroot\openbionics_openbionics_samd_ob_chestnut\Debug\Grips.cpp.o
                0x00004488                GRIP_CLASS::begin()
 .text._ZN10GRIP_CLASS7setGripEi
                0x000044e4       0x1a C:\Users\Olly\AppData\Local\Temp\VMBuilds\OpenBionics_Beetroot\openbionics_openbionics_samd_ob_chestnut\Debug\Grips.cpp.o
                0x000044e4                GRIP_CLASS::setGrip(int)
 .text._ZN10GRIP_CLASS7getGripEv
                0x000044fe        0xa C:\Users\Olly\AppData\Local\Temp\VMBuilds\OpenBionics_Beetroot\openbionics_openbionics_samd_ob_chestnut\Debug\Grips.cpp.o
                0x000044fe                GRIP_CLASS::getGrip()
 .text._ZN10GRIP_CLASS11getGripNameEv
                0x00004508        0xa C:\Users\Olly\AppData\Local\Temp\VMBuilds\OpenBionics_Beetroot\openbionics_openbionics_samd_ob_chestnut\Debug\Grips.cpp.o
                0x00004508                GRIP_CLASS::getGripName()
 .text._ZN10GRIP_CLASS11getGripNameEi
                0x00004512        0xa C:\Users\Olly\AppData\Local\Temp\VMBuilds\OpenBionics_Beetroot\openbionics_openbionics_samd_ob_chestnut\Debug\Grips.cpp.o
                0x00004512                GRIP_CLASS::getGripName(int)
 .text._ZN10GRIP_CLASS8nextGripEv
                0x0000451c       0x20 C:\Users\Olly\AppData\Local\Temp\VMBuilds\OpenBionics_Beetroot\openbionics_openbionics_samd_ob_chestnut\Debug\Grips.cpp.o
                0x0000451c                GRIP_CLASS::nextGrip()
 .text._ZN10GRIP_CLASS8prevGripEv
                0x0000453c       0x24 C:\Users\Olly\AppData\Local\Temp\VMBuilds\OpenBionics_Beetroot\openbionics_openbionics_samd_ob_chestnut\Debug\Grips.cpp.o
                0x0000453c                GRIP_CLASS::prevGrip()
 .text._ZN10GRIP_CLASS6setPosEi
                0x00004560       0x26 C:\Users\Olly\AppData\Local\Temp\VMBuilds\OpenBionics_Beetroot\openbionics_openbionics_samd_ob_chestnut\Debug\Grips.cpp.o
                0x00004560                GRIP_CLASS::setPos(int)
 .text._ZN10GRIP_CLASS6getPosEv
                0x00004586        0x8 C:\Users\Olly\AppData\Local\Temp\VMBuilds\OpenBionics_Beetroot\openbionics_openbionics_samd_ob_chestnut\Debug\Grips.cpp.o
                0x00004586                GRIP_CLASS::getPos()
 .text._ZN10GRIP_CLASS6setDirEi
                0x0000458e       0x2a C:\Users\Olly\AppData\Local\Temp\VMBuilds\OpenBionics_Beetroot\openbionics_openbionics_samd_ob_chestnut\Debug\Grips.cpp.o
                0x0000458e                GRIP_CLASS::setDir(int)
 .text._ZN10GRIP_CLASS6getDirEv
                0x000045b8        0x8 C:\Users\Olly\AppData\Local\Temp\VMBuilds\OpenBionics_Beetroot\openbionics_openbionics_samd_ob_chestnut\Debug\Grips.cpp.o
                0x000045b8                GRIP_CLASS::getDir()
 .text._ZN10GRIP_CLASS9toggleDirEv
                0x000045c0       0x16 C:\Users\Olly\AppData\Local\Temp\VMBuilds\OpenBionics_Beetroot\openbionics_openbionics_samd_ob_chestnut\Debug\Grips.cpp.o
                0x000045c0                GRIP_CLASS::toggleDir()
 .text._ZN10GRIP_CLASS8setSpeedEi
                0x000045d6       0x18 C:\Users\Olly\AppData\Local\Temp\VMBuilds\OpenBionics_Beetroot\openbionics_openbionics_samd_ob_chestnut\Debug\Grips.cpp.o
                0x000045d6                GRIP_CLASS::setSpeed(int)
 .text._ZN10GRIP_CLASS8getSpeedEv
                0x000045ee        0x8 C:\Users\Olly\AppData\Local\Temp\VMBuilds\OpenBionics_Beetroot\openbionics_openbionics_samd_ob_chestnut\Debug\Grips.cpp.o
                0x000045ee                GRIP_CLASS::getSpeed()
 *fill*         0x000045f6        0x2 
 .text._ZN10GRIP_CLASS3runEv
                0x000045f8       0xcc C:\Users\Olly\AppData\Local\Temp\VMBuilds\OpenBionics_Beetroot\openbionics_openbionics_samd_ob_chestnut\Debug\Grips.cpp.o
                0x000045f8                GRIP_CLASS::run()
 .text._ZN10GRIP_CLASS4openEv
                0x000046c4       0x12 C:\Users\Olly\AppData\Local\Temp\VMBuilds\OpenBionics_Beetroot\openbionics_openbionics_samd_ob_chestnut\Debug\Grips.cpp.o
                0x000046c4                GRIP_CLASS::open()
 *fill*         0x000046d6        0x2 
 .text.startup._GLOBAL__sub_I__ZN10GRIP_CLASSC2Ev
                0x000046d8       0x10 C:\Users\Olly\AppData\Local\Temp\VMBuilds\OpenBionics_Beetroot\openbionics_openbionics_samd_ob_chestnut\Debug\Grips.cpp.o
 .text._ZN7TwoWire5writeEi
                0x000046e8        0xc C:\Users\Olly\AppData\Local\Temp\VMBuilds\OpenBionics_Beetroot\openbionics_openbionics_samd_ob_chestnut\Debug\HANDle.cpp.o
                0x000046e8                TwoWire::write(int)
 .text._ZN12HANDLE_CLASS7enabledEv
                0x000046f4        0x4 C:\Users\Olly\AppData\Local\Temp\VMBuilds\OpenBionics_Beetroot\openbionics_openbionics_samd_ob_chestnut\Debug\HANDle.cpp.o
                0x000046f4                HANDLE_CLASS::enabled()
 .text._ZN12HANDLE_CLASS6enableEv
                0x000046f8        0x6 C:\Users\Olly\AppData\Local\Temp\VMBuilds\OpenBionics_Beetroot\openbionics_openbionics_samd_ob_chestnut\Debug\HANDle.cpp.o
                0x000046f8                HANDLE_CLASS::enable()
 .text._ZN12HANDLE_CLASS7disableEv
                0x000046fe        0x6 C:\Users\Olly\AppData\Local\Temp\VMBuilds\OpenBionics_Beetroot\openbionics_openbionics_samd_ob_chestnut\Debug\HANDle.cpp.o
                0x000046fe                HANDLE_CLASS::disable()
 *fill*         0x00004704        0x4 
 .text._ZN12HANDLE_CLASS13calcPosChangeEv
                0x00004708       0x70 C:\Users\Olly\AppData\Local\Temp\VMBuilds\OpenBionics_Beetroot\openbionics_openbionics_samd_ob_chestnut\Debug\HANDle.cpp.o
                0x00004708                HANDLE_CLASS::calcPosChange()
 .text._ZN12HANDLE_CLASS8checkJoyEv
                0x00004778       0x78 C:\Users\Olly\AppData\Local\Temp\VMBuilds\OpenBionics_Beetroot\openbionics_openbionics_samd_ob_chestnut\Debug\HANDle.cpp.o
                0x00004778                HANDLE_CLASS::checkJoy()
 .text.startup._GLOBAL__sub_I_HANDle
                0x000047f0       0x10 C:\Users\Olly\AppData\Local\Temp\VMBuilds\OpenBionics_Beetroot\openbionics_openbionics_samd_ob_chestnut\Debug\HANDle.cpp.o
 .text._ZN12HANDLE_CLASS5printEv
                0x00004800       0x9c C:\Users\Olly\AppData\Local\Temp\VMBuilds\OpenBionics_Beetroot\openbionics_openbionics_samd_ob_chestnut\Debug\HANDle.cpp.o
                0x00004800                HANDLE_CLASS::print()
 .text._ZN12HANDLE_CLASS4pollEv
                0x0000489c       0xe8 C:\Users\Olly\AppData\Local\Temp\VMBuilds\OpenBionics_Beetroot\openbionics_openbionics_samd_ob_chestnut\Debug\HANDle.cpp.o
                0x0000489c                HANDLE_CLASS::poll()
 .text._ZN12HANDLE_CLASS9calibrateEv
                0x00004984       0x68 C:\Users\Olly\AppData\Local\Temp\VMBuilds\OpenBionics_Beetroot\openbionics_openbionics_samd_ob_chestnut\Debug\HANDle.cpp.o
                0x00004984                HANDLE_CLASS::calibrate()
 .text._ZN12HANDLE_CLASS12checkButtonsEv
                0x000049ec       0xa0 C:\Users\Olly\AppData\Local\Temp\VMBuilds\OpenBionics_Beetroot\openbionics_openbionics_samd_ob_chestnut\Debug\HANDle.cpp.o
                0x000049ec                HANDLE_CLASS::checkButtons()
 *fill*         0x00004a8c        0x4 
 .text._ZN12HANDLE_CLASS5beginEv
                0x00004a90       0xb8 C:\Users\Olly\AppData\Local\Temp\VMBuilds\OpenBionics_Beetroot\openbionics_openbionics_samd_ob_chestnut\Debug\HANDle.cpp.o
                0x00004a90                HANDLE_CLASS::begin()
 .text._ZN12HANDLE_CLASS3runEv
                0x00004b48       0x3c C:\Users\Olly\AppData\Local\Temp\VMBuilds\OpenBionics_Beetroot\openbionics_openbionics_samd_ob_chestnut\Debug\HANDle.cpp.o
                0x00004b48                HANDLE_CLASS::run()
 .text._ZN10I2C_EEPROM4pingEv
                0x00004b84       0x20 C:\Users\Olly\AppData\Local\Temp\VMBuilds\OpenBionics_Beetroot\openbionics_openbionics_samd_ob_chestnut\Debug\I2C_EEPROM.cpp.o
                0x00004b84                I2C_EEPROM::ping()
 .text._ZN10I2C_EEPROM5writeEii
                0x00004ba4       0x54 C:\Users\Olly\AppData\Local\Temp\VMBuilds\OpenBionics_Beetroot\openbionics_openbionics_samd_ob_chestnut\Debug\I2C_EEPROM.cpp.o
                0x00004ba4                I2C_EEPROM::write(int, int)
 .text._ZN10I2C_EEPROM17generateChunkSizeEii
                0x00004bf8       0x88 C:\Users\Olly\AppData\Local\Temp\VMBuilds\OpenBionics_Beetroot\openbionics_openbionics_samd_ob_chestnut\Debug\I2C_EEPROM.cpp.o
                0x00004bf8                I2C_EEPROM::generateChunkSize(int, int)
 .text._ZN10I2C_EEPROM4readEi
                0x00004c80       0x50 C:\Users\Olly\AppData\Local\Temp\VMBuilds\OpenBionics_Beetroot\openbionics_openbionics_samd_ob_chestnut\Debug\I2C_EEPROM.cpp.o
                0x00004c80                I2C_EEPROM::read(int)
 .text._ZN10I2C_EEPROM8readManyEiPhi
                0x00004cd0       0xa4 C:\Users\Olly\AppData\Local\Temp\VMBuilds\OpenBionics_Beetroot\openbionics_openbionics_samd_ob_chestnut\Debug\I2C_EEPROM.cpp.o
                0x00004cd0                I2C_EEPROM::readMany(int, unsigned char*, int)
 .text._ZN10I2C_EEPROM9writeManyEiPhi
                0x00004d74       0x88 C:\Users\Olly\AppData\Local\Temp\VMBuilds\OpenBionics_Beetroot\openbionics_openbionics_samd_ob_chestnut\Debug\I2C_EEPROM.cpp.o
                0x00004d74                I2C_EEPROM::writeMany(int, unsigned char*, int)
 .text._ZN7LSM9DS1D2Ev
                0x00004dfc        0x2 C:\Users\Olly\AppData\Local\Temp\VMBuilds\OpenBionics_Beetroot\openbionics_openbionics_samd_ob_chestnut\Debug\I2C_IMU_LSM9DS1.cpp.o
                0x00004dfc                LSM9DS1::~LSM9DS1()
                0x00004dfc                LSM9DS1::~LSM9DS1()
 .text._ZN7LSM9DS1C2Ev
                0x00004dfe       0x6e C:\Users\Olly\AppData\Local\Temp\VMBuilds\OpenBionics_Beetroot\openbionics_openbionics_samd_ob_chestnut\Debug\I2C_IMU_LSM9DS1.cpp.o
                0x00004dfe                LSM9DS1::LSM9DS1()
                0x00004dfe                LSM9DS1::LSM9DS1()
 .text._ZN7LSM9DS113pingAccelGyroEv
                0x00004e6c       0x20 C:\Users\Olly\AppData\Local\Temp\VMBuilds\OpenBionics_Beetroot\openbionics_openbionics_samd_ob_chestnut\Debug\I2C_IMU_LSM9DS1.cpp.o
                0x00004e6c                LSM9DS1::pingAccelGyro()
 .text._ZN7LSM9DS17pingMagEv
                0x00004e8c       0x20 C:\Users\Olly\AppData\Local\Temp\VMBuilds\OpenBionics_Beetroot\openbionics_openbionics_samd_ob_chestnut\Debug\I2C_IMU_LSM9DS1.cpp.o
                0x00004e8c                LSM9DS1::pingMag()
 .text._ZN7LSM9DS14pingEv
                0x00004eac       0x18 C:\Users\Olly\AppData\Local\Temp\VMBuilds\OpenBionics_Beetroot\openbionics_openbionics_samd_ob_chestnut\Debug\I2C_IMU_LSM9DS1.cpp.o
                0x00004eac                LSM9DS1::ping()
 .text._ZN7LSM9DS17getTempEv
                0x00004ec4       0x20 C:\Users\Olly\AppData\Local\Temp\VMBuilds\OpenBionics_Beetroot\openbionics_openbionics_samd_ob_chestnut\Debug\I2C_IMU_LSM9DS1.cpp.o
                0x00004ec4                LSM9DS1::getTemp()
 .text.startup._GLOBAL__sub_I_IMU_ACCEL_SENSITIVITY
                0x00004ee4       0x24 C:\Users\Olly\AppData\Local\Temp\VMBuilds\OpenBionics_Beetroot\openbionics_openbionics_samd_ob_chestnut\Debug\I2C_IMU_LSM9DS1.cpp.o
 .text._ZN7LSM9DS15writeEhhPhh
                0x00004f08       0x3c C:\Users\Olly\AppData\Local\Temp\VMBuilds\OpenBionics_Beetroot\openbionics_openbionics_samd_ob_chestnut\Debug\I2C_IMU_LSM9DS1.cpp.o
                0x00004f08                LSM9DS1::write(unsigned char, unsigned char, unsigned char*, unsigned char)
 .text._ZN7LSM9DS110writeAccelEhh
                0x00004f44       0x18 C:\Users\Olly\AppData\Local\Temp\VMBuilds\OpenBionics_Beetroot\openbionics_openbionics_samd_ob_chestnut\Debug\I2C_IMU_LSM9DS1.cpp.o
                0x00004f44                LSM9DS1::writeAccel(unsigned char, unsigned char)
 .text._ZN7LSM9DS19initAccelEv
                0x00004f5c       0x62 C:\Users\Olly\AppData\Local\Temp\VMBuilds\OpenBionics_Beetroot\openbionics_openbionics_samd_ob_chestnut\Debug\I2C_IMU_LSM9DS1.cpp.o
                0x00004f5c                LSM9DS1::initAccel()
 .text._ZN7LSM9DS19writeGyroEhh
                0x00004fbe       0x18 C:\Users\Olly\AppData\Local\Temp\VMBuilds\OpenBionics_Beetroot\openbionics_openbionics_samd_ob_chestnut\Debug\I2C_IMU_LSM9DS1.cpp.o
                0x00004fbe                LSM9DS1::writeGyro(unsigned char, unsigned char)
 .text._ZN7LSM9DS18initGyroEv
                0x00004fd6       0x72 C:\Users\Olly\AppData\Local\Temp\VMBuilds\OpenBionics_Beetroot\openbionics_openbionics_samd_ob_chestnut\Debug\I2C_IMU_LSM9DS1.cpp.o
                0x00004fd6                LSM9DS1::initGyro()
 .text._ZN7LSM9DS18writeMagEhh
                0x00005048       0x18 C:\Users\Olly\AppData\Local\Temp\VMBuilds\OpenBionics_Beetroot\openbionics_openbionics_samd_ob_chestnut\Debug\I2C_IMU_LSM9DS1.cpp.o
                0x00005048                LSM9DS1::writeMag(unsigned char, unsigned char)
 .text._ZN7LSM9DS17initMagEv
                0x00005060       0x5a C:\Users\Olly\AppData\Local\Temp\VMBuilds\OpenBionics_Beetroot\openbionics_openbionics_samd_ob_chestnut\Debug\I2C_IMU_LSM9DS1.cpp.o
                0x00005060                LSM9DS1::initMag()
 .text._ZN7LSM9DS15beginEv
                0x000050ba       0x26 C:\Users\Olly\AppData\Local\Temp\VMBuilds\OpenBionics_Beetroot\openbionics_openbionics_samd_ob_chestnut\Debug\I2C_IMU_LSM9DS1.cpp.o
                0x000050ba                LSM9DS1::begin()
 .text._ZN7LSM9DS14readEhhPhh
                0x000050e0       0x4c C:\Users\Olly\AppData\Local\Temp\VMBuilds\OpenBionics_Beetroot\openbionics_openbionics_samd_ob_chestnut\Debug\I2C_IMU_LSM9DS1.cpp.o
                0x000050e0                LSM9DS1::read(unsigned char, unsigned char, unsigned char*, unsigned char)
 .text._ZN7LSM9DS19readAccelEhPhh
                0x0000512c       0x14 C:\Users\Olly\AppData\Local\Temp\VMBuilds\OpenBionics_Beetroot\openbionics_openbionics_samd_ob_chestnut\Debug\I2C_IMU_LSM9DS1.cpp.o
                0x0000512c                LSM9DS1::readAccel(unsigned char, unsigned char*, unsigned char)
 .text._ZN7LSM9DS111updateAccelEv
                0x00005140       0x48 C:\Users\Olly\AppData\Local\Temp\VMBuilds\OpenBionics_Beetroot\openbionics_openbionics_samd_ob_chestnut\Debug\I2C_IMU_LSM9DS1.cpp.o
                0x00005140                LSM9DS1::updateAccel()
 .text._ZN7LSM9DS110updateTempEv
                0x00005188       0x38 C:\Users\Olly\AppData\Local\Temp\VMBuilds\OpenBionics_Beetroot\openbionics_openbionics_samd_ob_chestnut\Debug\I2C_IMU_LSM9DS1.cpp.o
                0x00005188                LSM9DS1::updateTemp()
 .text._ZN7LSM9DS19readAccelEh
                0x000051c0       0x1a C:\Users\Olly\AppData\Local\Temp\VMBuilds\OpenBionics_Beetroot\openbionics_openbionics_samd_ob_chestnut\Debug\I2C_IMU_LSM9DS1.cpp.o
                0x000051c0                LSM9DS1::readAccel(unsigned char)
 .text._ZN7LSM9DS110availAccelEv
                0x000051da        0xe C:\Users\Olly\AppData\Local\Temp\VMBuilds\OpenBionics_Beetroot\openbionics_openbionics_samd_ob_chestnut\Debug\I2C_IMU_LSM9DS1.cpp.o
                0x000051da                LSM9DS1::availAccel()
 .text._ZN7LSM9DS19availTempEv
                0x000051e8        0xe C:\Users\Olly\AppData\Local\Temp\VMBuilds\OpenBionics_Beetroot\openbionics_openbionics_samd_ob_chestnut\Debug\I2C_IMU_LSM9DS1.cpp.o
                0x000051e8                LSM9DS1::availTemp()
 .text._ZN7LSM9DS18readGyroEhPhh
                0x000051f6       0x14 C:\Users\Olly\AppData\Local\Temp\VMBuilds\OpenBionics_Beetroot\openbionics_openbionics_samd_ob_chestnut\Debug\I2C_IMU_LSM9DS1.cpp.o
                0x000051f6                LSM9DS1::readGyro(unsigned char, unsigned char*, unsigned char)
 *fill*         0x0000520a        0x2 
 .text._ZN7LSM9DS110updateGyroEv
                0x0000520c       0x4c C:\Users\Olly\AppData\Local\Temp\VMBuilds\OpenBionics_Beetroot\openbionics_openbionics_samd_ob_chestnut\Debug\I2C_IMU_LSM9DS1.cpp.o
                0x0000520c                LSM9DS1::updateGyro()
 .text._ZN7LSM9DS18readGyroEh
                0x00005258       0x1a C:\Users\Olly\AppData\Local\Temp\VMBuilds\OpenBionics_Beetroot\openbionics_openbionics_samd_ob_chestnut\Debug\I2C_IMU_LSM9DS1.cpp.o
                0x00005258                LSM9DS1::readGyro(unsigned char)
 .text._ZN7LSM9DS19availGyroEv
                0x00005272        0xe C:\Users\Olly\AppData\Local\Temp\VMBuilds\OpenBionics_Beetroot\openbionics_openbionics_samd_ob_chestnut\Debug\I2C_IMU_LSM9DS1.cpp.o
                0x00005272                LSM9DS1::availGyro()
 .text._ZN7LSM9DS17readMagEhPhh
                0x00005280       0x14 C:\Users\Olly\AppData\Local\Temp\VMBuilds\OpenBionics_Beetroot\openbionics_openbionics_samd_ob_chestnut\Debug\I2C_IMU_LSM9DS1.cpp.o
                0x00005280                LSM9DS1::readMag(unsigned char, unsigned char*, unsigned char)
 .text._ZN7LSM9DS19updateMagEv
                0x00005294       0x4c C:\Users\Olly\AppData\Local\Temp\VMBuilds\OpenBionics_Beetroot\openbionics_openbionics_samd_ob_chestnut\Debug\I2C_IMU_LSM9DS1.cpp.o
                0x00005294                LSM9DS1::updateMag()
 .text._ZN7LSM9DS17readMagEh
                0x000052e0       0x1a C:\Users\Olly\AppData\Local\Temp\VMBuilds\OpenBionics_Beetroot\openbionics_openbionics_samd_ob_chestnut\Debug\I2C_IMU_LSM9DS1.cpp.o
                0x000052e0                LSM9DS1::readMag(unsigned char)
 .text._ZN7LSM9DS18availMagEv
                0x000052fa        0xe C:\Users\Olly\AppData\Local\Temp\VMBuilds\OpenBionics_Beetroot\openbionics_openbionics_samd_ob_chestnut\Debug\I2C_IMU_LSM9DS1.cpp.o
                0x000052fa                LSM9DS1::availMag()
 .text._ZN7LSM9DS14pollEv
                0x00005308       0x44 C:\Users\Olly\AppData\Local\Temp\VMBuilds\OpenBionics_Beetroot\openbionics_openbionics_samd_ob_chestnut\Debug\I2C_IMU_LSM9DS1.cpp.o
                0x00005308                LSM9DS1::poll()
 .text._Z12loadSettingsv
                0x0000534c       0x2c C:\Users\Olly\AppData\Local\Temp\VMBuilds\OpenBionics_Beetroot\openbionics_openbionics_samd_ob_chestnut\Debug\Initialisation.cpp.o
                0x0000534c                loadSettings()
 .text._Z13storeSettingsv
                0x00005378       0x1c C:\Users\Olly\AppData\Local\Temp\VMBuilds\OpenBionics_Beetroot\openbionics_openbionics_samd_ob_chestnut\Debug\Initialisation.cpp.o
                0x00005378                storeSettings()
 .text._Z15resetToDefaultsv
                0x00005394       0x38 C:\Users\Olly\AppData\Local\Temp\VMBuilds\OpenBionics_Beetroot\openbionics_openbionics_samd_ob_chestnut\Debug\Initialisation.cpp.o
                0x00005394                resetToDefaults()
 .text._Z8setModesv
                0x000053cc       0x48 C:\Users\Olly\AppData\Local\Temp\VMBuilds\OpenBionics_Beetroot\openbionics_openbionics_samd_ob_chestnut\Debug\Initialisation.cpp.o
                0x000053cc                setModes()
 .text._Z14initFingerPinsv
                0x00005414      0x114 C:\Users\Olly\AppData\Local\Temp\VMBuilds\OpenBionics_Beetroot\openbionics_openbionics_samd_ob_chestnut\Debug\Initialisation.cpp.o
                0x00005414                initFingerPins()
 .text._Z16setHeadphoneJack18_HeadphoneJackMode
                0x00005528       0x1c C:\Users\Olly\AppData\Local\Temp\VMBuilds\OpenBionics_Beetroot\openbionics_openbionics_samd_ob_chestnut\Debug\Initialisation.cpp.o
                0x00005528                setHeadphoneJack(_HeadphoneJackMode)
 .text._Z13systemMonitorv
                0x00005544       0x64 C:\Users\Olly\AppData\Local\Temp\VMBuilds\OpenBionics_Beetroot\openbionics_openbionics_samd_ob_chestnut\Debug\Initialisation.cpp.o
                0x00005544                systemMonitor()
 .text.startup._GLOBAL__sub_I_settings
                0x000055a8       0x14 C:\Users\Olly\AppData\Local\Temp\VMBuilds\OpenBionics_Beetroot\openbionics_openbionics_samd_ob_chestnut\Debug\Initialisation.cpp.o
 .text._Z22detectSerialConnectionv
                0x000055bc       0x40 C:\Users\Olly\AppData\Local\Temp\VMBuilds\OpenBionics_Beetroot\openbionics_openbionics_samd_ob_chestnut\Debug\Initialisation.cpp.o
                0x000055bc                detectSerialConnection()
 .text._Z11deviceSetupv
                0x000055fc       0x84 C:\Users\Olly\AppData\Local\Temp\VMBuilds\OpenBionics_Beetroot\openbionics_openbionics_samd_ob_chestnut\Debug\Initialisation.cpp.o
                0x000055fc                deviceSetup()
 .text._Z10readEEPROMv
                0x00005680       0x20 C:\Users\Olly\AppData\Local\Temp\VMBuilds\OpenBionics_Beetroot\openbionics_openbionics_samd_ob_chestnut\Debug\Initialisation.cpp.o
                0x00005680                readEEPROM()
 .text._Z15printDeviceInfov
                0x000056a0       0x98 C:\Users\Olly\AppData\Local\Temp\VMBuilds\OpenBionics_Beetroot\openbionics_openbionics_samd_ob_chestnut\Debug\Initialisation.cpp.o
                0x000056a0                printDeviceInfo()
 .text._ZN9LED_CLASSD2Ev
                0x00005738        0xc C:\Users\Olly\AppData\Local\Temp\VMBuilds\OpenBionics_Beetroot\openbionics_openbionics_samd_ob_chestnut\Debug\LED.cpp.o
                0x00005738                LED_CLASS::~LED_CLASS()
                0x00005738                LED_CLASS::~LED_CLASS()
 *fill*         0x00005744        0x4 
 .text._ZN9LED_CLASSC2Ev
                0x00005748       0x70 C:\Users\Olly\AppData\Local\Temp\VMBuilds\OpenBionics_Beetroot\openbionics_openbionics_samd_ob_chestnut\Debug\LED.cpp.o
                0x00005748                LED_CLASS::LED_CLASS()
                0x00005748                LED_CLASS::LED_CLASS()
 .text._ZN9LED_CLASS5beginEv
                0x000057b8        0x8 C:\Users\Olly\AppData\Local\Temp\VMBuilds\OpenBionics_Beetroot\openbionics_openbionics_samd_ob_chestnut\Debug\LED.cpp.o
                0x000057b8                LED_CLASS::begin()
 .text._ZN9LED_CLASS9setColourEm
                0x000057c0       0x10 C:\Users\Olly\AppData\Local\Temp\VMBuilds\OpenBionics_Beetroot\openbionics_openbionics_samd_ob_chestnut\Debug\LED.cpp.o
                0x000057c0                LED_CLASS::setColour(unsigned long)
 .text._ZN9LED_CLASS7setPrevEv
                0x000057d0       0x10 C:\Users\Olly\AppData\Local\Temp\VMBuilds\OpenBionics_Beetroot\openbionics_openbionics_samd_ob_chestnut\Debug\LED.cpp.o
                0x000057d0                LED_CLASS::setPrev()
 .text._ZN9LED_CLASS7setFreqEf
                0x000057e0       0x48 C:\Users\Olly\AppData\Local\Temp\VMBuilds\OpenBionics_Beetroot\openbionics_openbionics_samd_ob_chestnut\Debug\LED.cpp.o
                0x000057e0                LED_CLASS::setFreq(float)
 .text._ZN9LED_CLASS11setFadeFreqEf
                0x00005828       0x16 C:\Users\Olly\AppData\Local\Temp\VMBuilds\OpenBionics_Beetroot\openbionics_openbionics_samd_ob_chestnut\Debug\LED.cpp.o
                0x00005828                LED_CLASS::setFadeFreq(float)
 .text._ZN9LED_CLASS8runSolidEv
                0x0000583e       0x24 C:\Users\Olly\AppData\Local\Temp\VMBuilds\OpenBionics_Beetroot\openbionics_openbionics_samd_ob_chestnut\Debug\LED.cpp.o
                0x0000583e                LED_CLASS::runSolid()
 *fill*         0x00005862        0x6 
 .text._ZN9LED_CLASS8runBlinkEv
                0x00005868       0x60 C:\Users\Olly\AppData\Local\Temp\VMBuilds\OpenBionics_Beetroot\openbionics_openbionics_samd_ob_chestnut\Debug\LED.cpp.o
                0x00005868                LED_CLASS::runBlink()
 .text._ZN9LED_CLASS8calcFadeE9_Colour_tS0_hh
                0x000058c8      0x128 C:\Users\Olly\AppData\Local\Temp\VMBuilds\OpenBionics_Beetroot\openbionics_openbionics_samd_ob_chestnut\Debug\LED.cpp.o
                0x000058c8                LED_CLASS::calcFade(_Colour_t, _Colour_t, unsigned char, unsigned char)
 .text._ZN9LED_CLASS7runFadeEv
                0x000059f0       0x90 C:\Users\Olly\AppData\Local\Temp\VMBuilds\OpenBionics_Beetroot\openbionics_openbionics_samd_ob_chestnut\Debug\LED.cpp.o
                0x000059f0                LED_CLASS::runFade()
 .text._ZN9LED_CLASS3runEv
                0x00005a80       0x48 C:\Users\Olly\AppData\Local\Temp\VMBuilds\OpenBionics_Beetroot\openbionics_openbionics_samd_ob_chestnut\Debug\LED.cpp.o
                0x00005a80                LED_CLASS::run()
 .text.startup._GLOBAL__sub_I__ZN9LED_CLASSC2Ev
                0x00005ac8       0x24 C:\Users\Olly\AppData\Local\Temp\VMBuilds\OpenBionics_Beetroot\openbionics_openbionics_samd_ob_chestnut\Debug\LED.cpp.o
 .text._Z19initSerialCharCodesv
                0x00005aec      0x140 C:\Users\Olly\AppData\Local\Temp\VMBuilds\OpenBionics_Beetroot\openbionics_openbionics_samd_ob_chestnut\Debug\SerialControl.cpp.o
                0x00005aec                initSerialCharCodes()
 .text._Z11isValidCharc
                0x00005c2c       0x30 C:\Users\Olly\AppData\Local\Temp\VMBuilds\OpenBionics_Beetroot\openbionics_openbionics_samd_ob_chestnut\Debug\SerialControl.cpp.o
                0x00005c2c                isValidChar(char)
 .text._Z12codeDetectedcPPc
                0x00005c5c       0x1c C:\Users\Olly\AppData\Local\Temp\VMBuilds\OpenBionics_Beetroot\openbionics_openbionics_samd_ob_chestnut\Debug\SerialControl.cpp.o
                0x00005c5c                codeDetected(char, char**)
 .text._Z7codeValPc
                0x00005c78       0x20 C:\Users\Olly\AppData\Local\Temp\VMBuilds\OpenBionics_Beetroot\openbionics_openbionics_samd_ob_chestnut\Debug\SerialControl.cpp.o
                0x00005c78                codeVal(char*)
 .text._Z12processCodesv
                0x00005c98       0x40 C:\Users\Olly\AppData\Local\Temp\VMBuilds\OpenBionics_Beetroot\openbionics_openbionics_samd_ob_chestnut\Debug\SerialControl.cpp.o
                0x00005c98                processCodes()
 .text._Z10receiveCSVPc
                0x00005cd8       0x34 C:\Users\Olly\AppData\Local\Temp\VMBuilds\OpenBionics_Beetroot\openbionics_openbionics_samd_ob_chestnut\Debug\SerialControl.cpp.o
                0x00005cd8                receiveCSV(char*)
 .text._Z22extractCodesFromSerialv
                0x00005d0c       0x54 C:\Users\Olly\AppData\Local\Temp\VMBuilds\OpenBionics_Beetroot\openbionics_openbionics_samd_ob_chestnut\Debug\SerialControl.cpp.o
                0x00005d0c                extractCodesFromSerial()
 .text.startup._GLOBAL__sub_I_serialCodes
                0x00005d60       0x24 C:\Users\Olly\AppData\Local\Temp\VMBuilds\OpenBionics_Beetroot\openbionics_openbionics_samd_ob_chestnut\Debug\SerialControl.cpp.o
 .text._Z7sendCSVv
                0x00005d84       0x44 C:\Users\Olly\AppData\Local\Temp\VMBuilds\OpenBionics_Beetroot\openbionics_openbionics_samd_ob_chestnut\Debug\SerialControl.cpp.o
                0x00005d84                sendCSV()
 .text._Z21serial_ToggleDemoModei
                0x00005dc8       0x34 C:\Users\Olly\AppData\Local\Temp\VMBuilds\OpenBionics_Beetroot\openbionics_openbionics_samd_ob_chestnut\Debug\SerialControl.cpp.o
                0x00005dc8                serial_ToggleDemoMode(int)
 .text._Z20serial_FingerControli
                0x00005dfc      0x1d4 C:\Users\Olly\AppData\Local\Temp\VMBuilds\OpenBionics_Beetroot\openbionics_openbionics_samd_ob_chestnut\Debug\SerialControl.cpp.o
                0x00005dfc                serial_FingerControl(int)
 .text._Z18serial_GripControli
                0x00005fd0      0x180 C:\Users\Olly\AppData\Local\Temp\VMBuilds\OpenBionics_Beetroot\openbionics_openbionics_samd_ob_chestnut\Debug\SerialControl.cpp.o
                0x00005fd0                serial_GripControl(int)
 .text._Z18serial_SetHandTypei
                0x00006150       0xbc C:\Users\Olly\AppData\Local\Temp\VMBuilds\OpenBionics_Beetroot\openbionics_openbionics_samd_ob_chestnut\Debug\SerialControl.cpp.o
                0x00006150                serial_SetHandType(int)
 .text._Z24serial_MuscleControlModei
                0x0000620c      0x114 C:\Users\Olly\AppData\Local\Temp\VMBuilds\OpenBionics_Beetroot\openbionics_openbionics_samd_ob_chestnut\Debug\SerialControl.cpp.o
                0x0000620c                serial_MuscleControlMode(int)
 .text._Z15serial_HoldTimei
                0x00006320       0x60 C:\Users\Olly\AppData\Local\Temp\VMBuilds\OpenBionics_Beetroot\openbionics_openbionics_samd_ob_chestnut\Debug\SerialControl.cpp.o
                0x00006320                serial_HoldTime(int)
 .text._Z17serial_PeakThreshi
                0x00006380       0x48 C:\Users\Olly\AppData\Local\Temp\VMBuilds\OpenBionics_Beetroot\openbionics_openbionics_samd_ob_chestnut\Debug\SerialControl.cpp.o
                0x00006380                serial_PeakThresh(int)
 .text._Z15serial_ExitModei
                0x000063c8       0x4c C:\Users\Olly\AppData\Local\Temp\VMBuilds\OpenBionics_Beetroot\openbionics_openbionics_samd_ob_chestnut\Debug\SerialControl.cpp.o
                0x000063c8                serial_ExitMode(int)
 .text._Z24serial_systemDiagnosticsi
                0x00006414      0x1d4 C:\Users\Olly\AppData\Local\Temp\VMBuilds\OpenBionics_Beetroot\openbionics_openbionics_samd_ob_chestnut\Debug\SerialControl.cpp.o
                0x00006414                serial_systemDiagnostics(int)
 .text._Z25serial_SerialInstructionsi
                0x000065e8      0x680 C:\Users\Olly\AppData\Local\Temp\VMBuilds\OpenBionics_Beetroot\openbionics_openbionics_samd_ob_chestnut\Debug\SerialControl.cpp.o
                0x000065e8                serial_SerialInstructions(int)
 .text._Z23serial_AdvancedSettingsi
                0x00006c68      0x210 C:\Users\Olly\AppData\Local\Temp\VMBuilds\OpenBionics_Beetroot\openbionics_openbionics_samd_ob_chestnut\Debug\SerialControl.cpp.o
                0x00006c68                serial_AdvancedSettings(int)
 .text._Z22serial_ResetToDefaultsi
                0x00006e78       0x3c C:\Users\Olly\AppData\Local\Temp\VMBuilds\OpenBionics_Beetroot\openbionics_openbionics_samd_ob_chestnut\Debug\SerialControl.cpp.o
                0x00006e78                serial_ResetToDefaults(int)
 .text._Z11checkSerialv
                0x00006eb4       0xd8 C:\Users\Olly\AppData\Local\Temp\VMBuilds\OpenBionics_Beetroot\openbionics_openbionics_samd_ob_chestnut\Debug\SerialControl.cpp.o
                0x00006eb4                checkSerial()
 .text._Z10pollSerialv
                0x00006f8c       0x38 C:\Users\Olly\AppData\Local\Temp\VMBuilds\OpenBionics_Beetroot\openbionics_openbionics_samd_ob_chestnut\Debug\SerialControl.cpp.o
                0x00006f8c                pollSerial()
 .text._Z17milliSecInterruptv
                0x00006fc4       0x3c C:\Users\Olly\AppData\Local\Temp\VMBuilds\OpenBionics_Beetroot\openbionics_openbionics_samd_ob_chestnut\Debug\TimerManagement.cpp.o
                0x00006fc4                milliSecInterrupt()
 .text._Z10timerSetupv
                0x00007000       0x10 C:\Users\Olly\AppData\Local\Temp\VMBuilds\OpenBionics_Beetroot\openbionics_openbionics_samd_ob_chestnut\Debug\TimerManagement.cpp.o
                0x00007000                timerSetup()
 .text._Z12customMillisv
                0x00007010        0xc C:\Users\Olly\AppData\Local\Temp\VMBuilds\OpenBionics_Beetroot\openbionics_openbionics_samd_ob_chestnut\Debug\TimerManagement.cpp.o
                0x00007010                customMillis()
 .text._ZN8NB_DELAYC2Ev
                0x0000701c        0x6 C:\Users\Olly\AppData\Local\Temp\VMBuilds\OpenBionics_Beetroot\openbionics_openbionics_samd_ob_chestnut\Debug\TimerManagement.cpp.o
                0x0000701c                NB_DELAY::NB_DELAY()
                0x0000701c                NB_DELAY::NB_DELAY()
 *fill*         0x00007022        0x2 
 .text._ZN8NB_DELAY5startEl
                0x00007024       0x14 C:\Users\Olly\AppData\Local\Temp\VMBuilds\OpenBionics_Beetroot\openbionics_openbionics_samd_ob_chestnut\Debug\TimerManagement.cpp.o
                0x00007024                NB_DELAY::start(long)
 .text._ZN8NB_DELAY8finishedEv
                0x00007038       0x1c C:\Users\Olly\AppData\Local\Temp\VMBuilds\OpenBionics_Beetroot\openbionics_openbionics_samd_ob_chestnut\Debug\TimerManagement.cpp.o
                0x00007038                NB_DELAY::finished()
 .text._ZN8NB_DELAY7startedEv
                0x00007054        0x4 C:\Users\Olly\AppData\Local\Temp\VMBuilds\OpenBionics_Beetroot\openbionics_openbionics_samd_ob_chestnut\Debug\TimerManagement.cpp.o
                0x00007054                NB_DELAY::started()
 .text._ZN8NB_DELAY12timeEllapsedEl
                0x00007058       0x2c C:\Users\Olly\AppData\Local\Temp\VMBuilds\OpenBionics_Beetroot\openbionics_openbionics_samd_ob_chestnut\Debug\TimerManagement.cpp.o
                0x00007058                NB_DELAY::timeEllapsed(long)
 .text._ZN8NB_TIMERC2Ev
                0x00007084        0x6 C:\Users\Olly\AppData\Local\Temp\VMBuilds\OpenBionics_Beetroot\openbionics_openbionics_samd_ob_chestnut\Debug\TimerManagement.cpp.o
                0x00007084                NB_TIMER::NB_TIMER()
                0x00007084                NB_TIMER::NB_TIMER()
 *fill*         0x0000708a        0x2 
 .text._ZN8NB_TIMER5startEv
                0x0000708c       0x10 C:\Users\Olly\AppData\Local\Temp\VMBuilds\OpenBionics_Beetroot\openbionics_openbionics_samd_ob_chestnut\Debug\TimerManagement.cpp.o
                0x0000708c                NB_TIMER::start()
 .text._ZN8NB_TIMER7startedEv
                0x0000709c        0x4 C:\Users\Olly\AppData\Local\Temp\VMBuilds\OpenBionics_Beetroot\openbionics_openbionics_samd_ob_chestnut\Debug\TimerManagement.cpp.o
                0x0000709c                NB_TIMER::started()
 .text._ZN8NB_TIMER3nowEv
                0x000070a0       0x18 C:\Users\Olly\AppData\Local\Temp\VMBuilds\OpenBionics_Beetroot\openbionics_openbionics_samd_ob_chestnut\Debug\TimerManagement.cpp.o
                0x000070a0                NB_TIMER::now()
 .text._ZN8NB_TIMER4stopEv
                0x000070b8        0xe C:\Users\Olly\AppData\Local\Temp\VMBuilds\OpenBionics_Beetroot\openbionics_openbionics_samd_ob_chestnut\Debug\TimerManagement.cpp.o
                0x000070b8                NB_TIMER::stop()
 .text._ZN8NB_TIMER12timeEllapsedEl
                0x000070c6       0x14 C:\Users\Olly\AppData\Local\Temp\VMBuilds\OpenBionics_Beetroot\openbionics_openbionics_samd_ob_chestnut\Debug\TimerManagement.cpp.o
                0x000070c6                NB_TIMER::timeEllapsed(long)
 .text._Z6isEveni
                0x000070da        0x8 C:\Users\Olly\AppData\Local\Temp\VMBuilds\OpenBionics_Beetroot\openbionics_openbionics_samd_ob_chestnut\Debug\Utils.cpp.o
                0x000070da                isEven(int)
 .text._Z17getNumberOfDigitsj
                0x000070e2       0x1a C:\Users\Olly\AppData\Local\Temp\VMBuilds\OpenBionics_Beetroot\openbionics_openbionics_samd_ob_chestnut\Debug\Utils.cpp.o
                0x000070e2                getNumberOfDigits(unsigned int)
 .text._Z12convertToCSVPiiPc
                0x000070fc       0x30 C:\Users\Olly\AppData\Local\Temp\VMBuilds\OpenBionics_Beetroot\openbionics_openbionics_samd_ob_chestnut\Debug\Utils.cpp.o
                0x000070fc                convertToCSV(int*, int, char*)
 .text._Z14convertFromCSVPcPii
                0x0000712c       0x34 C:\Users\Olly\AppData\Local\Temp\VMBuilds\OpenBionics_Beetroot\openbionics_openbionics_samd_ob_chestnut\Debug\Utils.cpp.o
                0x0000712c                convertFromCSV(char*, int*, int)
 .text._Z11readCPUTempv
                0x00007160       0xe0 C:\Users\Olly\AppData\Local\Temp\VMBuilds\OpenBionics_Beetroot\openbionics_openbionics_samd_ob_chestnut\Debug\Utils.cpp.o
                0x00007160                readCPUTemp()
 .text._Z12printTime_msm
                0x00007240       0x9c C:\Users\Olly\AppData\Local\Temp\VMBuilds\OpenBionics_Beetroot\openbionics_openbionics_samd_ob_chestnut\Debug\Utils.cpp.o
                0x00007240                printTime_ms(unsigned long)
 .text.SERCOM5_Handler
                0x000072dc       0x10 C:\Users\Olly\AppData\Local\Temp\VMBuilds\OpenBionics_Beetroot\openbionics_openbionics_samd_ob_chestnut\Debug\variant\variant.cpp.o
                0x000072dc                SERCOM5_Handler
 .text.startup._GLOBAL__sub_I_g_APinDescription
                0x000072ec       0x80 C:\Users\Olly\AppData\Local\Temp\VMBuilds\OpenBionics_Beetroot\openbionics_openbionics_samd_ob_chestnut\Debug\variant\variant.cpp.o
 *fill*         0x0000736c        0x4 
 .text.log10    0x00007370      0x108 c:/users/olly/appdata/local/arduino15/packages/arduino/tools/arm-none-eabi-gcc/4.8.3-2014q1/bin/../lib/gcc/arm-none-eabi/4.8.3/../../../../arm-none-eabi/lib/armv6-m\libm.a(lib_a-w_log10.o)
                0x00007370                log10
 .text.__ieee754_log10
                0x00007478      0x138 c:/users/olly/appdata/local/arduino15/packages/arduino/tools/arm-none-eabi-gcc/4.8.3-2014q1/bin/../lib/gcc/arm-none-eabi/4.8.3/../../../../arm-none-eabi/lib/armv6-m\libm.a(lib_a-e_log10.o)
                0x00007478                __ieee754_log10
 .text.__fpclassifyd
                0x000075b0       0x60 c:/users/olly/appdata/local/arduino15/packages/arduino/tools/arm-none-eabi-gcc/4.8.3-2014q1/bin/../lib/gcc/arm-none-eabi/4.8.3/../../../../arm-none-eabi/lib/armv6-m\libm.a(lib_a-s_fpclassify.o)
                0x000075b0                __fpclassifyd
 .text.matherr  0x00007610        0x4 c:/users/olly/appdata/local/arduino15/packages/arduino/tools/arm-none-eabi-gcc/4.8.3-2014q1/bin/../lib/gcc/arm-none-eabi/4.8.3/../../../../arm-none-eabi/lib/armv6-m\libm.a(lib_a-s_matherr.o)
                0x00007610                matherr
 *fill*         0x00007614        0x4 
 .text.nan      0x00007618       0x10 c:/users/olly/appdata/local/arduino15/packages/arduino/tools/arm-none-eabi-gcc/4.8.3-2014q1/bin/../lib/gcc/arm-none-eabi/4.8.3/../../../../arm-none-eabi/lib/armv6-m\libm.a(lib_a-s_nan.o)
                0x00007618                nan
 .text.__ieee754_log
                0x00007628      0x420 c:/users/olly/appdata/local/arduino15/packages/arduino/tools/arm-none-eabi-gcc/4.8.3-2014q1/bin/../lib/gcc/arm-none-eabi/4.8.3/../../../../arm-none-eabi/lib/armv6-m\libm.a(lib_a-e_log.o)
                0x00007628                __ieee754_log
 .text.Dummy_Handler
                0x00007a48        0x2 C:\Users\Olly\AppData\Local\Temp\VMBuilds\OpenBionics_Beetroot\openbionics_openbionics_samd_ob_chestnut\Debug/core.a(cortex_handlers.c.o)
                0x00007a48                DMAC_Handler
                0x00007a48                HardFault_Handler
                0x00007a48                AC_Handler
                0x00007a48                PendSV_Handler
                0x00007a48                NMI_Handler
                0x00007a48                TC7_Handler
                0x00007a48                SERCOM1_Handler
                0x00007a48                ADC_Handler
                0x00007a48                SERCOM2_Handler
                0x00007a48                RTC_Handler
                0x00007a48                EIC_Handler
                0x00007a48                TC6_Handler
                0x00007a48                WDT_Handler
                0x00007a48                Dummy_Handler
                0x00007a48                PM_Handler
                0x00007a48                SVC_Handler
                0x00007a48                EVSYS_Handler
                0x00007a48                SERCOM4_Handler
                0x00007a48                I2S_Handler
                0x00007a48                NVMCTRL_Handler
                0x00007a48                SERCOM0_Handler
                0x00007a48                DAC_Handler
                0x00007a48                PTC_Handler
                0x00007a48                SYSCTRL_Handler
 *fill*         0x00007a4a        0x2 
 .text.USB_Handler
                0x00007a4c       0x14 C:\Users\Olly\AppData\Local\Temp\VMBuilds\OpenBionics_Beetroot\openbionics_openbionics_samd_ob_chestnut\Debug/core.a(cortex_handlers.c.o)
                0x00007a4c                USB_Handler
 .text.Reset_Handler
                0x00007a60       0x58 C:\Users\Olly\AppData\Local\Temp\VMBuilds\OpenBionics_Beetroot\openbionics_openbionics_samd_ob_chestnut\Debug/core.a(cortex_handlers.c.o)
                0x00007a60                Reset_Handler
 .text.SysTick_Handler
                0x00007ab8       0x10 C:\Users\Olly\AppData\Local\Temp\VMBuilds\OpenBionics_Beetroot\openbionics_openbionics_samd_ob_chestnut\Debug/core.a(cortex_handlers.c.o)
                0x00007ab8                SysTick_Handler
 .text.USB_SetHandler
                0x00007ac8        0xc C:\Users\Olly\AppData\Local\Temp\VMBuilds\OpenBionics_Beetroot\openbionics_openbionics_samd_ob_chestnut\Debug/core.a(cortex_handlers.c.o)
                0x00007ac8                USB_SetHandler
 .text.millis   0x00007ad4        0xc C:\Users\Olly\AppData\Local\Temp\VMBuilds\OpenBionics_Beetroot\openbionics_openbionics_samd_ob_chestnut\Debug/core.a(delay.c.o)
                0x00007ad4                millis
 .text.micros   0x00007ae0       0x64 C:\Users\Olly\AppData\Local\Temp\VMBuilds\OpenBionics_Beetroot\openbionics_openbionics_samd_ob_chestnut\Debug/core.a(delay.c.o)
                0x00007ae0                micros
 .text.delay    0x00007b44       0x20 C:\Users\Olly\AppData\Local\Temp\VMBuilds\OpenBionics_Beetroot\openbionics_openbionics_samd_ob_chestnut\Debug/core.a(delay.c.o)
                0x00007b44                delay
 .text.SysTick_DefaultHandler
                0x00007b64       0x14 C:\Users\Olly\AppData\Local\Temp\VMBuilds\OpenBionics_Beetroot\openbionics_openbionics_samd_ob_chestnut\Debug/core.a(delay.c.o)
                0x00007b64                SysTick_DefaultHandler
 .text.__empty  0x00007b78        0x2 C:\Users\Olly\AppData\Local\Temp\VMBuilds\OpenBionics_Beetroot\openbionics_openbionics_samd_ob_chestnut\Debug/core.a(hooks.c.o)
                0x00007b78                yield
 .text.__false  0x00007b7a        0x4 C:\Users\Olly\AppData\Local\Temp\VMBuilds\OpenBionics_Beetroot\openbionics_openbionics_samd_ob_chestnut\Debug/core.a(hooks.c.o)
                0x00007b7a                sysTickHook
 .text.ltoa     0x00007b7e       0x8a C:\Users\Olly\AppData\Local\Temp\VMBuilds\OpenBionics_Beetroot\openbionics_openbionics_samd_ob_chestnut\Debug/core.a(itoa.c.o)
                0x00007b7e                ltoa
 .text.itoa     0x00007c08        0x8 C:\Users\Olly\AppData\Local\Temp\VMBuilds\OpenBionics_Beetroot\openbionics_openbionics_samd_ob_chestnut\Debug/core.a(itoa.c.o)
                0x00007c08                itoa
 .text.SystemInit
                0x00007c10      0x16c C:\Users\Olly\AppData\Local\Temp\VMBuilds\OpenBionics_Beetroot\openbionics_openbionics_samd_ob_chestnut\Debug/core.a(startup.c.o)
                0x00007c10                SystemInit
 .text.init     0x00007d7c       0xe4 C:\Users\Olly\AppData\Local\Temp\VMBuilds\OpenBionics_Beetroot\openbionics_openbionics_samd_ob_chestnut\Debug/core.a(wiring.c.o)
                0x00007d7c                init
 .text.mapResolution
                0x00007e60       0x12 C:\Users\Olly\AppData\Local\Temp\VMBuilds\OpenBionics_Beetroot\openbionics_openbionics_samd_ob_chestnut\Debug/core.a(wiring_analog.c.o)
 *fill*         0x00007e72        0x2 
 .text.analogReference
                0x00007e74       0x5c C:\Users\Olly\AppData\Local\Temp\VMBuilds\OpenBionics_Beetroot\openbionics_openbionics_samd_ob_chestnut\Debug/core.a(wiring_analog.c.o)
                0x00007e74                analogReference
 .text.analogRead
                0x00007ed0       0xd8 C:\Users\Olly\AppData\Local\Temp\VMBuilds\OpenBionics_Beetroot\openbionics_openbionics_samd_ob_chestnut\Debug/core.a(wiring_analog.c.o)
                0x00007ed0                analogRead
 .text.analogWrite
                0x00007fa8      0x1f0 C:\Users\Olly\AppData\Local\Temp\VMBuilds\OpenBionics_Beetroot\openbionics_openbionics_samd_ob_chestnut\Debug/core.a(wiring_analog.c.o)
                0x00007fa8                analogWrite
 .text.pinMode  0x00008198       0xc0 C:\Users\Olly\AppData\Local\Temp\VMBuilds\OpenBionics_Beetroot\openbionics_openbionics_samd_ob_chestnut\Debug/core.a(wiring_digital.c.o)
                0x00008198                pinMode
 .text.digitalWrite
                0x00008258       0x60 C:\Users\Olly\AppData\Local\Temp\VMBuilds\OpenBionics_Beetroot\openbionics_openbionics_samd_ob_chestnut\Debug/core.a(wiring_digital.c.o)
                0x00008258                digitalWrite
 .text.pinPeripheral
                0x000082b8       0xc4 C:\Users\Olly\AppData\Local\Temp\VMBuilds\OpenBionics_Beetroot\openbionics_openbionics_samd_ob_chestnut\Debug/core.a(wiring_private.c.o)
                0x000082b8                pinPeripheral
 .text._Z11initVariantv
                0x0000837c        0x2 C:\Users\Olly\AppData\Local\Temp\VMBuilds\OpenBionics_Beetroot\openbionics_openbionics_samd_ob_chestnut\Debug/core.a(main.cpp.o)
                0x0000837c                initVariant()
 *fill*         0x0000837e        0x2 
 .text.startup.main
                0x00008380       0x3c C:\Users\Olly\AppData\Local\Temp\VMBuilds\OpenBionics_Beetroot\openbionics_openbionics_samd_ob_chestnut\Debug/core.a(main.cpp.o)
                0x00008380                main
 .text._ZN5Print5writeEPKhj
                0x000083bc       0x28 C:\Users\Olly\AppData\Local\Temp\VMBuilds\OpenBionics_Beetroot\openbionics_openbionics_samd_ob_chestnut\Debug/core.a(Print.cpp.o)
                0x000083bc                Print::write(unsigned char const*, unsigned int)
 .text._ZN5Print5printEmi.part.3
                0x000083e4        0xc C:\Users\Olly\AppData\Local\Temp\VMBuilds\OpenBionics_Beetroot\openbionics_openbionics_samd_ob_chestnut\Debug/core.a(Print.cpp.o)
 .text._ZN5Print5writeEPKc
                0x000083f0       0x1c C:\Users\Olly\AppData\Local\Temp\VMBuilds\OpenBionics_Beetroot\openbionics_openbionics_samd_ob_chestnut\Debug/core.a(Print.cpp.o)
                0x000083f0                Print::write(char const*)
 .text._ZN5Print5printEPKc
                0x0000840c        0x8 C:\Users\Olly\AppData\Local\Temp\VMBuilds\OpenBionics_Beetroot\openbionics_openbionics_samd_ob_chestnut\Debug/core.a(Print.cpp.o)
                0x0000840c                Print::print(char const*)
 .text._ZN5Print5printEc
                0x00008414        0xa C:\Users\Olly\AppData\Local\Temp\VMBuilds\OpenBionics_Beetroot\openbionics_openbionics_samd_ob_chestnut\Debug/core.a(Print.cpp.o)
                0x00008414                Print::print(char)
 *fill*         0x0000841e        0x2 
 .text._ZN5Print7printlnEv
                0x00008420       0x10 C:\Users\Olly\AppData\Local\Temp\VMBuilds\OpenBionics_Beetroot\openbionics_openbionics_samd_ob_chestnut\Debug/core.a(Print.cpp.o)
                0x00008420                Print::println()
 .text._ZN5Print7printlnEPKc
                0x00008430       0x14 C:\Users\Olly\AppData\Local\Temp\VMBuilds\OpenBionics_Beetroot\openbionics_openbionics_samd_ob_chestnut\Debug/core.a(Print.cpp.o)
                0x00008430                Print::println(char const*)
 .text._ZN5Print11printNumberEmh
                0x00008444       0x4e C:\Users\Olly\AppData\Local\Temp\VMBuilds\OpenBionics_Beetroot\openbionics_openbionics_samd_ob_chestnut\Debug/core.a(Print.cpp.o)
                0x00008444                Print::printNumber(unsigned long, unsigned char)
 .text._ZN5Print5printEli
                0x00008492       0x3c C:\Users\Olly\AppData\Local\Temp\VMBuilds\OpenBionics_Beetroot\openbionics_openbionics_samd_ob_chestnut\Debug/core.a(Print.cpp.o)
                0x00008492                Print::print(long, int)
 .text._ZN5Print5printEii
                0x000084ce        0x8 C:\Users\Olly\AppData\Local\Temp\VMBuilds\OpenBionics_Beetroot\openbionics_openbionics_samd_ob_chestnut\Debug/core.a(Print.cpp.o)
                0x000084ce                Print::print(int, int)
 .text._ZN5Print5printEmi
                0x000084d6       0x14 C:\Users\Olly\AppData\Local\Temp\VMBuilds\OpenBionics_Beetroot\openbionics_openbionics_samd_ob_chestnut\Debug/core.a(Print.cpp.o)
                0x000084d6                Print::print(unsigned long, int)
 .text._ZN5Print5printEhi
                0x000084ea        0x8 C:\Users\Olly\AppData\Local\Temp\VMBuilds\OpenBionics_Beetroot\openbionics_openbionics_samd_ob_chestnut\Debug/core.a(Print.cpp.o)
                0x000084ea                Print::print(unsigned char, int)
 *fill*         0x000084f2        0x6 
 .text._ZN5Print10printFloatEdh
                0x000084f8      0x170 C:\Users\Olly\AppData\Local\Temp\VMBuilds\OpenBionics_Beetroot\openbionics_openbionics_samd_ob_chestnut\Debug/core.a(Print.cpp.o)
                0x000084f8                Print::printFloat(double, unsigned char)
 .text._ZN5Print5printEdi
                0x00008668        0xe C:\Users\Olly\AppData\Local\Temp\VMBuilds\OpenBionics_Beetroot\openbionics_openbionics_samd_ob_chestnut\Debug/core.a(Print.cpp.o)
                0x00008668                Print::print(double, int)
 *fill*         0x00008676        0x2 
 .text.initiateReset
                0x00008678        0xc C:\Users\Olly\AppData\Local\Temp\VMBuilds\OpenBionics_Beetroot\openbionics_openbionics_samd_ob_chestnut\Debug/core.a(Reset.cpp.o)
                0x00008678                initiateReset
 .text.cancelReset
                0x00008684       0x10 C:\Users\Olly\AppData\Local\Temp\VMBuilds\OpenBionics_Beetroot\openbionics_openbionics_samd_ob_chestnut\Debug/core.a(Reset.cpp.o)
                0x00008684                cancelReset
 .text.tickReset
                0x00008694       0x5c C:\Users\Olly\AppData\Local\Temp\VMBuilds\OpenBionics_Beetroot\openbionics_openbionics_samd_ob_chestnut\Debug/core.a(Reset.cpp.o)
                0x00008694                tickReset
 .text._ZN10RingBufferC2Ev
                0x000086f0       0x16 C:\Users\Olly\AppData\Local\Temp\VMBuilds\OpenBionics_Beetroot\openbionics_openbionics_samd_ob_chestnut\Debug/core.a(RingBuffer.cpp.o)
                0x000086f0                RingBuffer::RingBuffer()
                0x000086f0                RingBuffer::RingBuffer()
 .text._ZN10RingBuffer10store_charEh
                0x00008706       0x16 C:\Users\Olly\AppData\Local\Temp\VMBuilds\OpenBionics_Beetroot\openbionics_openbionics_samd_ob_chestnut\Debug/core.a(RingBuffer.cpp.o)
                0x00008706                RingBuffer::store_char(unsigned char)
 .text._ZN10RingBuffer5clearEv
                0x0000871c        0x8 C:\Users\Olly\AppData\Local\Temp\VMBuilds\OpenBionics_Beetroot\openbionics_openbionics_samd_ob_chestnut\Debug/core.a(RingBuffer.cpp.o)
                0x0000871c                RingBuffer::clear()
 .text._ZN10RingBuffer9read_charEv
                0x00008724       0x1c C:\Users\Olly\AppData\Local\Temp\VMBuilds\OpenBionics_Beetroot\openbionics_openbionics_samd_ob_chestnut\Debug/core.a(RingBuffer.cpp.o)
                0x00008724                RingBuffer::read_char()
 .text._ZN10RingBuffer9availableEv
                0x00008740        0xc C:\Users\Olly\AppData\Local\Temp\VMBuilds\OpenBionics_Beetroot\openbionics_openbionics_samd_ob_chestnut\Debug/core.a(RingBuffer.cpp.o)
                0x00008740                RingBuffer::available()
 .text._ZN10RingBuffer4peekEv
                0x0000874c       0x12 C:\Users\Olly\AppData\Local\Temp\VMBuilds\OpenBionics_Beetroot\openbionics_openbionics_samd_ob_chestnut\Debug/core.a(RingBuffer.cpp.o)
                0x0000874c                RingBuffer::peek()
 .text._ZN10RingBuffer6isFullEv
                0x0000875e       0x14 C:\Users\Olly\AppData\Local\Temp\VMBuilds\OpenBionics_Beetroot\openbionics_openbionics_samd_ob_chestnut\Debug/core.a(RingBuffer.cpp.o)
                0x0000875e                RingBuffer::isFull()
 .text._ZN6SERCOMC2EP6Sercom
                0x00008772        0x4 C:\Users\Olly\AppData\Local\Temp\VMBuilds\OpenBionics_Beetroot\openbionics_openbionics_samd_ob_chestnut\Debug/core.a(SERCOM.cpp.o)
                0x00008772                SERCOM::SERCOM(Sercom*)
                0x00008772                SERCOM::SERCOM(Sercom*)
 .text._ZN6SERCOM9initFrameE18SercomUartCharSize15SercomDataOrder16SercomParityMode19SercomNumberStopBit
                0x00008776       0x38 C:\Users\Olly\AppData\Local\Temp\VMBuilds\OpenBionics_Beetroot\openbionics_openbionics_samd_ob_chestnut\Debug/core.a(SERCOM.cpp.o)
                0x00008776                SERCOM::initFrame(SercomUartCharSize, SercomDataOrder, SercomParityMode, SercomNumberStopBit)
 .text._ZN6SERCOM8initPadsE15SercomUartTXPad11SercomRXPad
                0x000087ae       0x26 C:\Users\Olly\AppData\Local\Temp\VMBuilds\OpenBionics_Beetroot\openbionics_openbionics_samd_ob_chestnut\Debug/core.a(SERCOM.cpp.o)
                0x000087ae                SERCOM::initPads(SercomUartTXPad, SercomRXPad)
 .text._ZN6SERCOM9resetUARTEv
                0x000087d4       0x1c C:\Users\Olly\AppData\Local\Temp\VMBuilds\OpenBionics_Beetroot\openbionics_openbionics_samd_ob_chestnut\Debug/core.a(SERCOM.cpp.o)
                0x000087d4                SERCOM::resetUART()
 .text._ZN6SERCOM10enableUARTEv
                0x000087f0       0x14 C:\Users\Olly\AppData\Local\Temp\VMBuilds\OpenBionics_Beetroot\openbionics_openbionics_samd_ob_chestnut\Debug/core.a(SERCOM.cpp.o)
                0x000087f0                SERCOM::enableUART()
 .text._ZN6SERCOM9flushUARTEv
                0x00008804       0x10 C:\Users\Olly\AppData\Local\Temp\VMBuilds\OpenBionics_Beetroot\openbionics_openbionics_samd_ob_chestnut\Debug/core.a(SERCOM.cpp.o)
                0x00008804                SERCOM::flushUART()
 .text._ZN6SERCOM15clearStatusUARTEv
                0x00008814        0x8 C:\Users\Olly\AppData\Local\Temp\VMBuilds\OpenBionics_Beetroot\openbionics_openbionics_samd_ob_chestnut\Debug/core.a(SERCOM.cpp.o)
                0x00008814                SERCOM::clearStatusUART()
 .text._ZN6SERCOM17availableDataUARTEv
                0x0000881c        0xa C:\Users\Olly\AppData\Local\Temp\VMBuilds\OpenBionics_Beetroot\openbionics_openbionics_samd_ob_chestnut\Debug/core.a(SERCOM.cpp.o)
                0x0000881c                SERCOM::availableDataUART()
 .text._ZN6SERCOM11isUARTErrorEv
                0x00008826        0x8 C:\Users\Olly\AppData\Local\Temp\VMBuilds\OpenBionics_Beetroot\openbionics_openbionics_samd_ob_chestnut\Debug/core.a(SERCOM.cpp.o)
                0x00008826                SERCOM::isUARTError()
 .text._ZN6SERCOM20acknowledgeUARTErrorEv
                0x0000882e        0xe C:\Users\Olly\AppData\Local\Temp\VMBuilds\OpenBionics_Beetroot\openbionics_openbionics_samd_ob_chestnut\Debug/core.a(SERCOM.cpp.o)
                0x0000882e                SERCOM::acknowledgeUARTError()
 .text._ZN6SERCOM12readDataUARTEv
                0x0000883c        0x8 C:\Users\Olly\AppData\Local\Temp\VMBuilds\OpenBionics_Beetroot\openbionics_openbionics_samd_ob_chestnut\Debug/core.a(SERCOM.cpp.o)
                0x0000883c                SERCOM::readDataUART()
 .text._ZN6SERCOM13writeDataUARTEh
                0x00008844        0xe C:\Users\Olly\AppData\Local\Temp\VMBuilds\OpenBionics_Beetroot\openbionics_openbionics_samd_ob_chestnut\Debug/core.a(SERCOM.cpp.o)
                0x00008844                SERCOM::writeDataUART(unsigned char)
 .text._ZN6SERCOM9resetWIREEv
                0x00008852       0x1c C:\Users\Olly\AppData\Local\Temp\VMBuilds\OpenBionics_Beetroot\openbionics_openbionics_samd_ob_chestnut\Debug/core.a(SERCOM.cpp.o)
                0x00008852                SERCOM::resetWIRE()
 .text._ZN6SERCOM10enableWIREEv
                0x0000886e       0x28 C:\Users\Olly\AppData\Local\Temp\VMBuilds\OpenBionics_Beetroot\openbionics_openbionics_samd_ob_chestnut\Debug/core.a(SERCOM.cpp.o)
                0x0000886e                SERCOM::enableWIRE()
 .text._ZN6SERCOM18prepareNackBitWIREEv
                0x00008896       0x10 C:\Users\Olly\AppData\Local\Temp\VMBuilds\OpenBionics_Beetroot\openbionics_openbionics_samd_ob_chestnut\Debug/core.a(SERCOM.cpp.o)
                0x00008896                SERCOM::prepareNackBitWIRE()