Archive member included because of file (symbol)

c:/users/olly/appdata/local/arduino15/packages/openbionics/tools/arm-none-eabi-gcc/4.8.3-2014q1/bin/../lib/gcc/arm-none-eabi/4.8.3/../../../../arm-none-eabi/lib/armv6-m\libm.a(lib_a-w_atan2.o)
                              C:\Users\Olly\AppData\Local\Temp\VMBuilds\OpenBionics_Beetroot\openbionics_openbionics_samd_ob_chestnut\Debug\I2C_IMU_LSM9DS1.cpp.o (atan2)
c:/users/olly/appdata/local/arduino15/packages/openbionics/tools/arm-none-eabi-gcc/4.8.3-2014q1/bin/../lib/gcc/arm-none-eabi/4.8.3/../../../../arm-none-eabi/lib/armv6-m\libm.a(lib_a-w_log10.o)
                              C:\Users\Olly\AppData\Local\Temp\VMBuilds\OpenBionics_Beetroot\openbionics_openbionics_samd_ob_chestnut\Debug\Utils.cpp.o (log10)
c:/users/olly/appdata/local/arduino15/packages/openbionics/tools/arm-none-eabi-gcc/4.8.3-2014q1/bin/../lib/gcc/arm-none-eabi/4.8.3/../../../../arm-none-eabi/lib/armv6-m\libm.a(lib_a-w_sqrt.o)
                              C:\Users\Olly\AppData\Local\Temp\VMBuilds\OpenBionics_Beetroot\openbionics_openbionics_samd_ob_chestnut\Debug\I2C_IMU_LSM9DS1.cpp.o (sqrt)
c:/users/olly/appdata/local/arduino15/packages/openbionics/tools/arm-none-eabi-gcc/4.8.3-2014q1/bin/../lib/gcc/arm-none-eabi/4.8.3/../../../../arm-none-eabi/lib/armv6-m\libm.a(lib_a-e_atan2.o)
                              c:/users/olly/appdata/local/arduino15/packages/openbionics/tools/arm-none-eabi-gcc/4.8.3-2014q1/bin/../lib/gcc/arm-none-eabi/4.8.3/../../../../arm-none-eabi/lib/armv6-m\libm.a(lib_a-w_atan2.o) (__ieee754_atan2)
c:/users/olly/appdata/local/arduino15/packages/openbionics/tools/arm-none-eabi-gcc/4.8.3-2014q1/bin/../lib/gcc/arm-none-eabi/4.8.3/../../../../arm-none-eabi/lib/armv6-m\libm.a(lib_a-e_log10.o)
                              c:/users/olly/appdata/local/arduino15/packages/openbionics/tools/arm-none-eabi-gcc/4.8.3-2014q1/bin/../lib/gcc/arm-none-eabi/4.8.3/../../../../arm-none-eabi/lib/armv6-m\libm.a(lib_a-w_log10.o) (__ieee754_log10)
c:/users/olly/appdata/local/arduino15/packages/openbionics/tools/arm-none-eabi-gcc/4.8.3-2014q1/bin/../lib/gcc/arm-none-eabi/4.8.3/../../../../arm-none-eabi/lib/armv6-m\libm.a(lib_a-e_sqrt.o)
                              c:/users/olly/appdata/local/arduino15/packages/openbionics/tools/arm-none-eabi-gcc/4.8.3-2014q1/bin/../lib/gcc/arm-none-eabi/4.8.3/../../../../arm-none-eabi/lib/armv6-m\libm.a(lib_a-w_sqrt.o) (__ieee754_sqrt)
c:/users/olly/appdata/local/arduino15/packages/openbionics/tools/arm-none-eabi-gcc/4.8.3-2014q1/bin/../lib/gcc/arm-none-eabi/4.8.3/../../../../arm-none-eabi/lib/armv6-m\libm.a(lib_a-s_atan.o)
                              c:/users/olly/appdata/local/arduino15/packages/openbionics/tools/arm-none-eabi-gcc/4.8.3-2014q1/bin/../lib/gcc/arm-none-eabi/4.8.3/../../../../arm-none-eabi/lib/armv6-m\libm.a(lib_a-e_atan2.o) (atan)
c:/users/olly/appdata/local/arduino15/packages/openbionics/tools/arm-none-eabi-gcc/4.8.3-2014q1/bin/../lib/gcc/arm-none-eabi/4.8.3/../../../../arm-none-eabi/lib/armv6-m\libm.a(lib_a-s_fabs.o)
                              c:/users/olly/appdata/local/arduino15/packages/openbionics/tools/arm-none-eabi-gcc/4.8.3-2014q1/bin/../lib/gcc/arm-none-eabi/4.8.3/../../../../arm-none-eabi/lib/armv6-m\libm.a(lib_a-e_atan2.o) (fabs)
c:/users/olly/appdata/local/arduino15/packages/openbionics/tools/arm-none-eabi-gcc/4.8.3-2014q1/bin/../lib/gcc/arm-none-eabi/4.8.3/../../../../arm-none-eabi/lib/armv6-m\libm.a(lib_a-s_fpclassify.o)
                              c:/users/olly/appdata/local/arduino15/packages/openbionics/tools/arm-none-eabi-gcc/4.8.3-2014q1/bin/../lib/gcc/arm-none-eabi/4.8.3/../../../../arm-none-eabi/lib/armv6-m\libm.a(lib_a-w_log10.o) (__fpclassifyd)
c:/users/olly/appdata/local/arduino15/packages/openbionics/tools/arm-none-eabi-gcc/4.8.3-2014q1/bin/../lib/gcc/arm-none-eabi/4.8.3/../../../../arm-none-eabi/lib/armv6-m\libm.a(lib_a-s_lib_ver.o)
                              c:/users/olly/appdata/local/arduino15/packages/openbionics/tools/arm-none-eabi-gcc/4.8.3-2014q1/bin/../lib/gcc/arm-none-eabi/4.8.3/../../../../arm-none-eabi/lib/armv6-m\libm.a(lib_a-w_log10.o) (__fdlib_version)
c:/users/olly/appdata/local/arduino15/packages/openbionics/tools/arm-none-eabi-gcc/4.8.3-2014q1/bin/../lib/gcc/arm-none-eabi/4.8.3/../../../../arm-none-eabi/lib/armv6-m\libm.a(lib_a-s_matherr.o)
                              c:/users/olly/appdata/local/arduino15/packages/openbionics/tools/arm-none-eabi-gcc/4.8.3-2014q1/bin/../lib/gcc/arm-none-eabi/4.8.3/../../../../arm-none-eabi/lib/armv6-m\libm.a(lib_a-w_log10.o) (matherr)
c:/users/olly/appdata/local/arduino15/packages/openbionics/tools/arm-none-eabi-gcc/4.8.3-2014q1/bin/../lib/gcc/arm-none-eabi/4.8.3/../../../../arm-none-eabi/lib/armv6-m\libm.a(lib_a-s_nan.o)
                              c:/users/olly/appdata/local/arduino15/packages/openbionics/tools/arm-none-eabi-gcc/4.8.3-2014q1/bin/../lib/gcc/arm-none-eabi/4.8.3/../../../../arm-none-eabi/lib/armv6-m\libm.a(lib_a-w_log10.o) (nan)
[...]
Memory Configuration

Name             Origin             Length             Attributes
FLASH            0x00002000         0x0003e000         xr
RAM              0x20000000         0x00008000         xrw
*default*        0x00000000         0xffffffff

Linker script and memory map

LOAD c:/users/olly/appdata/local/arduino15/packages/openbionics/tools/arm-none-eabi-gcc/4.8.3-2014q1/bin/../lib/gcc/arm-none-eabi/4.8.3/armv6-m/crti.o
LOAD c:/users/olly/appdata/local/arduino15/packages/openbionics/tools/arm-none-eabi-gcc/4.8.3-2014q1/bin/../lib/gcc/arm-none-eabi/4.8.3/armv6-m/crtbegin.o
LOAD c:/users/olly/appdata/local/arduino15/packages/openbionics/tools/arm-none-eabi-gcc/4.8.3-2014q1/bin/../lib/gcc/arm-none-eabi/4.8.3/../../../../arm-none-eabi/lib/armv6-m/crt0.o
LOAD C:\Users\Olly\AppData\Local\Temp\VMBuilds\OpenBionics_Beetroot\openbionics_openbionics_samd_ob_chestnut\Debug\OpenBionics_Beetroot.cpp.o
LOAD C:\Users\Olly\AppData\Local\Temp\VMBuilds\OpenBionics_Beetroot\openbionics_openbionics_samd_ob_chestnut\Debug\FingerLib\FingerLib.cpp.o
LOAD C:\Users\Olly\AppData\Local\Temp\VMBuilds\OpenBionics_Beetroot\openbionics_openbionics_samd_ob_chestnut\Debug\FingerLib\current_sense\samd_CurrentSense.cpp.o
LOAD C:\Users\Olly\AppData\Local\Temp\VMBuilds\OpenBionics_Beetroot\openbionics_openbionics_samd_ob_chestnut\Debug\FingerLib\pid\pid_controller.cpp.o
LOAD C:\Users\Olly\AppData\Local\Temp\VMBuilds\OpenBionics_Beetroot\openbionics_openbionics_samd_ob_chestnut\Debug\FingerLib\timers\avr_FingerTimer.cpp.o
LOAD C:\Users\Olly\AppData\Local\Temp\VMBuilds\OpenBionics_Beetroot\openbionics_openbionics_samd_ob_chestnut\Debug\FingerLib\timers\samd_FingerTimer.cpp.o
LOAD C:\Users\Olly\AppData\Local\Temp\VMBuilds\OpenBionics_Beetroot\openbionics_openbionics_samd_ob_chestnut\Debug\FingerLib\timers\timer_and_delay.cpp.o
LOAD C:\Users\Olly\AppData\Local\Temp\VMBuilds\OpenBionics_Beetroot\openbionics_openbionics_samd_ob_chestnut\Debug\Wire\Wire.cpp.o
LOAD C:\Users\Olly\AppData\Local\Temp\VMBuilds\OpenBionics_Beetroot\openbionics_openbionics_samd_ob_chestnut\Debug\Adafruit_NeoPixel.cpp.o
LOAD C:\Users\Olly\AppData\Local\Temp\VMBuilds\OpenBionics_Beetroot\openbionics_openbionics_samd_ob_chestnut\Debug\CircleBuff.cpp.o
LOAD C:\Users\Olly\AppData\Local\Temp\VMBuilds\OpenBionics_Beetroot\openbionics_openbionics_samd_ob_chestnut\Debug\Demo.cpp.o
LOAD C:\Users\Olly\AppData\Local\Temp\VMBuilds\OpenBionics_Beetroot\openbionics_openbionics_samd_ob_chestnut\Debug\EMGControl.cpp.o
LOAD C:\Users\Olly\AppData\Local\Temp\VMBuilds\OpenBionics_Beetroot\openbionics_openbionics_samd_ob_chestnut\Debug\ErrorHandling.cpp.o
LOAD C:\Users\Olly\AppData\Local\Temp\VMBuilds\OpenBionics_Beetroot\openbionics_openbionics_samd_ob_chestnut\Debug\Globals.cpp.o
LOAD C:\Users\Olly\AppData\Local\Temp\VMBuilds\OpenBionics_Beetroot\openbionics_openbionics_samd_ob_chestnut\Debug\Grips.cpp.o
LOAD C:\Users\Olly\AppData\Local\Temp\VMBuilds\OpenBionics_Beetroot\openbionics_openbionics_samd_ob_chestnut\Debug\Grips_Default.cpp.o
LOAD C:\Users\Olly\AppData\Local\Temp\VMBuilds\OpenBionics_Beetroot\openbionics_openbionics_samd_ob_chestnut\Debug\HANDle.cpp.o
LOAD C:\Users\Olly\AppData\Local\Temp\VMBuilds\OpenBionics_Beetroot\openbionics_openbionics_samd_ob_chestnut\Debug\I2C_EEPROM.cpp.o
LOAD C:\Users\Olly\AppData\Local\Temp\VMBuilds\OpenBionics_Beetroot\openbionics_openbionics_samd_ob_chestnut\Debug\I2C_IMU_LSM9DS1.cpp.o
LOAD C:\Users\Olly\AppData\Local\Temp\VMBuilds\OpenBionics_Beetroot\openbionics_openbionics_samd_ob_chestnut\Debug\Initialisation.cpp.o
LOAD C:\Users\Olly\AppData\Local\Temp\VMBuilds\OpenBionics_Beetroot\openbionics_openbionics_samd_ob_chestnut\Debug\LED.cpp.o
LOAD C:\Users\Olly\AppData\Local\Temp\VMBuilds\OpenBionics_Beetroot\openbionics_openbionics_samd_ob_chestnut\Debug\ROS.cpp.o
LOAD C:\Users\Olly\AppData\Local\Temp\VMBuilds\OpenBionics_Beetroot\openbionics_openbionics_samd_ob_chestnut\Debug\SerialControl.cpp.o
LOAD C:\Users\Olly\AppData\Local\Temp\VMBuilds\OpenBionics_Beetroot\openbionics_openbionics_samd_ob_chestnut\Debug\TimerManagement.cpp.o
LOAD C:\Users\Olly\AppData\Local\Temp\VMBuilds\OpenBionics_Beetroot\openbionics_openbionics_samd_ob_chestnut\Debug\Utils.cpp.o
LOAD C:\Users\Olly\AppData\Local\Temp\VMBuilds\OpenBionics_Beetroot\openbionics_openbionics_samd_ob_chestnut\Debug\variant\variant.cpp.o
START GROUP
LOAD c:/users/olly/appdata/local/arduino15/packages/openbionics/tools/arm-none-eabi-gcc/4.8.3-2014q1/bin/../lib/gcc/arm-none-eabi/4.8.3/../../../../arm-none-eabi/lib/armv6-m\libm.a
LOAD C:\Users\Olly\AppData\Local\Temp\VMBuilds\OpenBionics_Beetroot\openbionics_openbionics_samd_ob_chestnut\Debug/core.a
END GROUP
START GROUP
LOAD c:/users/olly/appdata/local/arduino15/packages/openbionics/tools/arm-none-eabi-gcc/4.8.3-2014q1/bin/../lib/gcc/arm-none-eabi/4.8.3/armv6-m\libgcc.a
LOAD c:/users/olly/appdata/local/arduino15/packages/openbionics/tools/arm-none-eabi-gcc/4.8.3-2014q1/bin/../lib/gcc/arm-none-eabi/4.8.3/../../../../arm-none-eabi/lib/armv6-m\libc_s.a
END GROUP
START GROUP
LOAD c:/users/olly/appdata/local/arduino15/packages/openbionics/tools/arm-none-eabi-gcc/4.8.3-2014q1/bin/../lib/gcc/arm-none-eabi/4.8.3/armv6-m\libgcc.a
LOAD c:/users/olly/appdata/local/arduino15/packages/openbionics/tools/arm-none-eabi-gcc/4.8.3-2014q1/bin/../lib/gcc/arm-none-eabi/4.8.3/../../../../arm-none-eabi/lib/armv6-m\libc_s.a
LOAD c:/users/olly/appdata/local/arduino15/packages/openbionics/tools/arm-none-eabi-gcc/4.8.3-2014q1/bin/../lib/gcc/arm-none-eabi/4.8.3/../../../../arm-none-eabi/lib/armv6-m\libnosys.a
END GROUP
START GROUP
LOAD c:/users/olly/appdata/local/arduino15/packages/openbionics/tools/arm-none-eabi-gcc/4.8.3-2014q1/bin/../lib/gcc/arm-none-eabi/4.8.3/armv6-m\libgcc.a
LOAD c:/users/olly/appdata/local/arduino15/packages/openbionics/tools/arm-none-eabi-gcc/4.8.3-2014q1/bin/../lib/gcc/arm-none-eabi/4.8.3/../../../../arm-none-eabi/lib/armv6-m\libc_s.a
LOAD c:/users/olly/appdata/local/arduino15/packages/openbionics/tools/arm-none-eabi-gcc/4.8.3-2014q1/bin/../lib/gcc/arm-none-eabi/4.8.3/../../../../arm-none-eabi/lib/armv6-m\libnosys.a
END GROUP
LOAD c:/users/olly/appdata/local/arduino15/packages/openbionics/tools/arm-none-eabi-gcc/4.8.3-2014q1/bin/../lib/gcc/arm-none-eabi/4.8.3/armv6-m/crtend.o
LOAD c:/users/olly/appdata/local/arduino15/packages/openbionics/tools/arm-none-eabi-gcc/4.8.3-2014q1/bin/../lib/gcc/arm-none-eabi/4.8.3/armv6-m/crtn.o

.text           0x00002000     0xdae8
 *(.isr_vector)
 .isr_vector    0x00002000       0xb0 C:\Users\Olly\AppData\Local\Temp\VMBuilds\OpenBionics_Beetroot\openbionics_openbionics_samd_ob_chestnut\Debug/core.a(cortex_handlers.c.o)
                0x00002000                exception_table
 *(.text*)
 .text          0x000020b0       0x60 c:/users/olly/appdata/local/arduino15/packages/openbionics/tools/arm-none-eabi-gcc/4.8.3-2014q1/bin/../lib/gcc/arm-none-eabi/4.8.3/armv6-m/crtbegin.o
 .text.setup    0x00002110       0x20 C:\Users\Olly\AppData\Local\Temp\VMBuilds\OpenBionics_Beetroot\openbionics_openbionics_samd_ob_chestnut\Debug\OpenBionics_Beetroot.cpp.o
                0x00002110                setup
 .text.loop     0x00002130       0x60 C:\Users\Olly\AppData\Local\Temp\VMBuilds\OpenBionics_Beetroot\openbionics_openbionics_samd_ob_chestnut\Debug\OpenBionics_Beetroot.cpp.o
                0x00002130                loop
 .text._ZN6FingerC2Ev
                0x00002190       0x88 C:\Users\Olly\AppData\Local\Temp\VMBuilds\OpenBionics_Beetroot\openbionics_openbionics_samd_ob_chestnut\Debug\FingerLib\FingerLib.cpp.o
                0x00002190                Finger::Finger()
                0x00002190                Finger::Finger()
 .text._ZN6Finger8attachedEv
                0x00002218        0x6 C:\Users\Olly\AppData\Local\Temp\VMBuilds\OpenBionics_Beetroot\openbionics_openbionics_samd_ob_chestnut\Debug\FingerLib\FingerLib.cpp.o
                0x00002218                Finger::attached()
 .text._ZN6Finger14setSpeedLimitsEii
                0x0000221e       0x2c C:\Users\Olly\AppData\Local\Temp\VMBuilds\OpenBionics_Beetroot\openbionics_openbionics_samd_ob_chestnut\Debug\FingerLib\FingerLib.cpp.o
                0x0000221e                Finger::setSpeedLimits(int, int)
 .text._ZN6Finger8writePosEi
                0x0000224a       0x3e C:\Users\Olly\AppData\Local\Temp\VMBuilds\OpenBionics_Beetroot\openbionics_openbionics_samd_ob_chestnut\Debug\FingerLib\FingerLib.cpp.o
                0x0000224a                Finger::writePos(int)
 .text._ZN6Finger7movePosEi
                0x00002288       0x36 C:\Users\Olly\AppData\Local\Temp\VMBuilds\OpenBionics_Beetroot\openbionics_openbionics_samd_ob_chestnut\Debug\FingerLib\FingerLib.cpp.o
                0x00002288                Finger::movePos(int)
 .text._ZN6Finger7readPosEv
                0x000022be        0x8 C:\Users\Olly\AppData\Local\Temp\VMBuilds\OpenBionics_Beetroot\openbionics_openbionics_samd_ob_chestnut\Debug\FingerLib\FingerLib.cpp.o
                0x000022be                Finger::readPos()
 .text._ZN6Finger8writeDirEi
                0x000022c6       0x1e C:\Users\Olly\AppData\Local\Temp\VMBuilds\OpenBionics_Beetroot\openbionics_openbionics_samd_ob_chestnut\Debug\FingerLib\FingerLib.cpp.o
                0x000022c6                Finger::writeDir(int)
 .text._ZN6Finger7readDirEv
                0x000022e4        0x6 C:\Users\Olly\AppData\Local\Temp\VMBuilds\OpenBionics_Beetroot\openbionics_openbionics_samd_ob_chestnut\Debug\FingerLib\FingerLib.cpp.o
                0x000022e4                Finger::readDir()
 .text._ZN6Finger10writeSpeedEi
                0x000022ea       0x42 C:\Users\Olly\AppData\Local\Temp\VMBuilds\OpenBionics_Beetroot\openbionics_openbionics_samd_ob_chestnut\Debug\FingerLib\FingerLib.cpp.o
                0x000022ea                Finger::writeSpeed(int)
 .text._ZN6Finger6attachEhhhhb
                0x0000232c      0x108 C:\Users\Olly\AppData\Local\Temp\VMBuilds\OpenBionics_Beetroot\openbionics_openbionics_samd_ob_chestnut\Debug\FingerLib\FingerLib.cpp.o
                0x0000232c                Finger::attach(unsigned char, unsigned char, unsigned char, unsigned char, bool)
 .text._ZN6Finger15readTargetSpeedEv
                0x00002434        0x6 C:\Users\Olly\AppData\Local\Temp\VMBuilds\OpenBionics_Beetroot\openbionics_openbionics_samd_ob_chestnut\Debug\FingerLib\FingerLib.cpp.o
                0x00002434                Finger::readTargetSpeed()
 .text._ZN6Finger14readCurrentSnsEv
                0x0000243a       0x2c C:\Users\Olly\AppData\Local\Temp\VMBuilds\OpenBionics_Beetroot\openbionics_openbionics_samd_ob_chestnut\Debug\FingerLib\FingerLib.cpp.o
                0x0000243a                Finger::readCurrentSns()
 *fill*         0x00002466        0x2 
 .text._Z22_currentSenseInterruptv
                0x00002468       0x34 C:\Users\Olly\AppData\Local\Temp\VMBuilds\OpenBionics_Beetroot\openbionics_openbionics_samd_ob_chestnut\Debug\FingerLib\FingerLib.cpp.o
                0x00002468                _currentSenseInterrupt()
 .text._ZN6Finger12disableMotorEv
                0x0000249c        0x8 C:\Users\Olly\AppData\Local\Temp\VMBuilds\OpenBionics_Beetroot\openbionics_openbionics_samd_ob_chestnut\Debug\FingerLib\FingerLib.cpp.o
                0x0000249c                Finger::disableMotor()
 .text._ZN6Finger11motorEnableEb
                0x000024a4        0x6 C:\Users\Olly\AppData\Local\Temp\VMBuilds\OpenBionics_Beetroot\openbionics_openbionics_samd_ob_chestnut\Debug\FingerLib\FingerLib.cpp.o
                0x000024a4                Finger::motorEnable(bool)
 .text._ZN6Finger16enableForceSenseEv
                0x000024aa        0x8 C:\Users\Olly\AppData\Local\Temp\VMBuilds\OpenBionics_Beetroot\openbionics_openbionics_samd_ob_chestnut\Debug\FingerLib\FingerLib.cpp.o
                0x000024aa                Finger::enableForceSense()
 *fill*         0x000024b2        0x2 
 .text._ZN6Finger12motorControlEi
                0x000024b4       0xc0 C:\Users\Olly\AppData\Local\Temp\VMBuilds\OpenBionics_Beetroot\openbionics_openbionics_samd_ob_chestnut\Debug\FingerLib\FingerLib.cpp.o
                0x000024b4                Finger::motorControl(int)
 .text._ZN6Finger18positionControllerEv
                0x00002574       0x46 C:\Users\Olly\AppData\Local\Temp\VMBuilds\OpenBionics_Beetroot\openbionics_openbionics_samd_ob_chestnut\Debug\FingerLib\FingerLib.cpp.o
                0x00002574                Finger::positionController()
 *fill*         0x000025ba        0x2 
 .text._ZN6Finger15forceControllerEv
                0x000025bc       0xd0 C:\Users\Olly\AppData\Local\Temp\VMBuilds\OpenBionics_Beetroot\openbionics_openbionics_samd_ob_chestnut\Debug\FingerLib\FingerLib.cpp.o
                0x000025bc                Finger::forceController()
 .text._ZN6Finger7controlEv
                0x0000268c       0x44 C:\Users\Olly\AppData\Local\Temp\VMBuilds\OpenBionics_Beetroot\openbionics_openbionics_samd_ob_chestnut\Debug\FingerLib\FingerLib.cpp.o
                0x0000268c                Finger::control()
 .text._Z23_fingerControlInterruptv
                0x000026d0       0x34 C:\Users\Olly\AppData\Local\Temp\VMBuilds\OpenBionics_Beetroot\openbionics_openbionics_samd_ob_chestnut\Debug\FingerLib\FingerLib.cpp.o
                0x000026d0                _fingerControlInterrupt()
 .text._Z17setFastAnalogReadv
                0x00002704       0x20 C:\Users\Olly\AppData\Local\Temp\VMBuilds\OpenBionics_Beetroot\openbionics_openbionics_samd_ob_chestnut\Debug\FingerLib\current_sense\samd_CurrentSense.cpp.o
                0x00002704                setFastAnalogRead()
 .text._Z12initPWMtimerm
                0x00002724      0x170 C:\Users\Olly\AppData\Local\Temp\VMBuilds\OpenBionics_Beetroot\openbionics_openbionics_samd_ob_chestnut\Debug\FingerLib\current_sense\samd_CurrentSense.cpp.o
                0x00002724                initPWMtimer(unsigned long)
 .text._Z21enableCurrentSnsTimerh
                0x00002894       0x34 C:\Users\Olly\AppData\Local\Temp\VMBuilds\OpenBionics_Beetroot\openbionics_openbionics_samd_ob_chestnut\Debug\FingerLib\current_sense\samd_CurrentSense.cpp.o
                0x00002894                enableCurrentSnsTimer(unsigned char)
 .text._Z13syncPWMTimersv
                0x000028c8       0xf0 C:\Users\Olly\AppData\Local\Temp\VMBuilds\OpenBionics_Beetroot\openbionics_openbionics_samd_ob_chestnut\Debug\FingerLib\current_sense\samd_CurrentSense.cpp.o
                0x000028c8                syncPWMTimers()
 .text._Z16initCurrentSensehhPFvvE
                0x000029b8       0x54 C:\Users\Olly\AppData\Local\Temp\VMBuilds\OpenBionics_Beetroot\openbionics_openbionics_samd_ob_chestnut\Debug\FingerLib\current_sense\samd_CurrentSense.cpp.o
                0x000029b8                initCurrentSense(unsigned char, unsigned char, void (*)())
 .text.TCC0_Handler
                0x00002a0c       0x3c C:\Users\Olly\AppData\Local\Temp\VMBuilds\OpenBionics_Beetroot\openbionics_openbionics_samd_ob_chestnut\Debug\FingerLib\current_sense\samd_CurrentSense.cpp.o
                0x00002a0c                TCC0_Handler
 .text.TCC1_Handler
                0x00002a48       0x3c C:\Users\Olly\AppData\Local\Temp\VMBuilds\OpenBionics_Beetroot\openbionics_openbionics_samd_ob_chestnut\Debug\FingerLib\current_sense\samd_CurrentSense.cpp.o
                0x00002a48                TCC1_Handler
 .text.TCC2_Handler
                0x00002a84       0x3c C:\Users\Olly\AppData\Local\Temp\VMBuilds\OpenBionics_Beetroot\openbionics_openbionics_samd_ob_chestnut\Debug\FingerLib\current_sense\samd_CurrentSense.cpp.o
                0x00002a84                TCC2_Handler
 .text.TC3_Handler
                0x00002ac0       0x3c C:\Users\Olly\AppData\Local\Temp\VMBuilds\OpenBionics_Beetroot\openbionics_openbionics_samd_ob_chestnut\Debug\FingerLib\current_sense\samd_CurrentSense.cpp.o
                0x00002ac0                TC3_Handler
 .text.TC5_Handler
                0x00002afc       0x3c C:\Users\Olly\AppData\Local\Temp\VMBuilds\OpenBionics_Beetroot\openbionics_openbionics_samd_ob_chestnut\Debug\FingerLib\current_sense\samd_CurrentSense.cpp.o
                0x00002afc                TC5_Handler
 .text._ZN14PID_CONTROLLERC2Ev
                0x00002b38       0x58 C:\Users\Olly\AppData\Local\Temp\VMBuilds\OpenBionics_Beetroot\openbionics_openbionics_samd_ob_chestnut\Debug\FingerLib\pid\pid_controller.cpp.o
                0x00002b38                PID_CONTROLLER::PID_CONTROLLER()
                0x00002b38                PID_CONTROLLER::PID_CONTROLLER()
 .text._ZN14PID_CONTROLLER3runEdd
                0x00002b90      0x150 C:\Users\Olly\AppData\Local\Temp\VMBuilds\OpenBionics_Beetroot\openbionics_openbionics_samd_ob_chestnut\Debug\FingerLib\pid\pid_controller.cpp.o
                0x00002b90                PID_CONTROLLER::run(double, double)
 .text._ZN14PID_CONTROLLER9setLimitsEdd
                0x00002ce0       0x10 C:\Users\Olly\AppData\Local\Temp\VMBuilds\OpenBionics_Beetroot\openbionics_openbionics_samd_ob_chestnut\Debug\FingerLib\pid\pid_controller.cpp.o
                0x00002ce0                PID_CONTROLLER::setLimits(double, double)
 .text._Z13_passMotorPtrPFvvE
                0x00002cf0        0xc C:\Users\Olly\AppData\Local\Temp\VMBuilds\OpenBionics_Beetroot\openbionics_openbionics_samd_ob_chestnut\Debug\FingerLib\timers\samd_FingerTimer.cpp.o
                0x00002cf0                _passMotorPtr(void (*)())
 .text._Z18_attachFuncToTimerPFvvE
                0x00002cfc       0x14 C:\Users\Olly\AppData\Local\Temp\VMBuilds\OpenBionics_Beetroot\openbionics_openbionics_samd_ob_chestnut\Debug\FingerLib\timers\samd_FingerTimer.cpp.o
                0x00002cfc                _attachFuncToTimer(void (*)())
 .text._Z18_posCtrlTimerSetupv
                0x00002d10       0xa0 C:\Users\Olly\AppData\Local\Temp\VMBuilds\OpenBionics_Beetroot\openbionics_openbionics_samd_ob_chestnut\Debug\FingerLib\timers\samd_FingerTimer.cpp.o
                0x00002d10                _posCtrlTimerSetup()
 .text.TC4_Handler
                0x00002db0       0x78 C:\Users\Olly\AppData\Local\Temp\VMBuilds\OpenBionics_Beetroot\openbionics_openbionics_samd_ob_chestnut\Debug\FingerLib\timers\samd_FingerTimer.cpp.o
                0x00002db0                TC4_Handler
 .text._ZN11US_NB_DELAYC2Ev
                0x00002e28        0x6 C:\Users\Olly\AppData\Local\Temp\VMBuilds\OpenBionics_Beetroot\openbionics_openbionics_samd_ob_chestnut\Debug\FingerLib\timers\timer_and_delay.cpp.o
                0x00002e28                US_NB_DELAY::US_NB_DELAY()
                0x00002e28                US_NB_DELAY::US_NB_DELAY()
 .text._ZN11US_NB_DELAY5startEl
                0x00002e2e       0x14 C:\Users\Olly\AppData\Local\Temp\VMBuilds\OpenBionics_Beetroot\openbionics_openbionics_samd_ob_chestnut\Debug\FingerLib\timers\timer_and_delay.cpp.o
                0x00002e2e                US_NB_DELAY::start(long)
 .text._ZN11US_NB_DELAY8finishedEv
                0x00002e42       0x20 C:\Users\Olly\AppData\Local\Temp\VMBuilds\OpenBionics_Beetroot\openbionics_openbionics_samd_ob_chestnut\Debug\FingerLib\timers\timer_and_delay.cpp.o
                0x00002e42                US_NB_DELAY::finished()
 .text._ZN11US_NB_DELAY7startedEv
                0x00002e62        0x4 C:\Users\Olly\AppData\Local\Temp\VMBuilds\OpenBionics_Beetroot\openbionics_openbionics_samd_ob_chestnut\Debug\FingerLib\timers\timer_and_delay.cpp.o
                0x00002e62                US_NB_DELAY::started()
 .text._ZN11US_NB_TIMERC2Ev
                0x00002e66        0x6 C:\Users\Olly\AppData\Local\Temp\VMBuilds\OpenBionics_Beetroot\openbionics_openbionics_samd_ob_chestnut\Debug\FingerLib\timers\timer_and_delay.cpp.o
                0x00002e66                US_NB_TIMER::US_NB_TIMER()
                0x00002e66                US_NB_TIMER::US_NB_TIMER()
 .text._ZN11US_NB_TIMER5startEv
                0x00002e6c       0x10 C:\Users\Olly\AppData\Local\Temp\VMBuilds\OpenBionics_Beetroot\openbionics_openbionics_samd_ob_chestnut\Debug\FingerLib\timers\timer_and_delay.cpp.o
                0x00002e6c                US_NB_TIMER::start()
 .text._ZN11US_NB_TIMER3nowEv
                0x00002e7c       0x16 C:\Users\Olly\AppData\Local\Temp\VMBuilds\OpenBionics_Beetroot\openbionics_openbionics_samd_ob_chestnut\Debug\FingerLib\timers\timer_and_delay.cpp.o
                0x00002e7c                US_NB_TIMER::now()
 .text._ZN11US_NB_TIMER4stopEv
                0x00002e92        0xe C:\Users\Olly\AppData\Local\Temp\VMBuilds\OpenBionics_Beetroot\openbionics_openbionics_samd_ob_chestnut\Debug\FingerLib\timers\timer_and_delay.cpp.o
                0x00002e92                US_NB_TIMER::stop()
 .text._ZN7TwoWire5writeEPKhj
                0x00002ea0       0x24 C:\Users\Olly\AppData\Local\Temp\VMBuilds\OpenBionics_Beetroot\openbionics_openbionics_samd_ob_chestnut\Debug\Wire\Wire.cpp.o
                0x00002ea0                TwoWire::write(unsigned char const*, unsigned int)
 .text._ZN7TwoWire5flushEv
                0x00002ec4        0x2 C:\Users\Olly\AppData\Local\Temp\VMBuilds\OpenBionics_Beetroot\openbionics_openbionics_samd_ob_chestnut\Debug\Wire\Wire.cpp.o
                0x00002ec4                TwoWire::flush()
 .text._ZN7TwoWire4readEv
                0x00002ec6        0xa C:\Users\Olly\AppData\Local\Temp\VMBuilds\OpenBionics_Beetroot\openbionics_openbionics_samd_ob_chestnut\Debug\Wire\Wire.cpp.o
                0x00002ec6                TwoWire::read()
 .text._ZN7TwoWire9availableEv
                0x00002ed0        0xa C:\Users\Olly\AppData\Local\Temp\VMBuilds\OpenBionics_Beetroot\openbionics_openbionics_samd_ob_chestnut\Debug\Wire\Wire.cpp.o
                0x00002ed0                TwoWire::available()
 .text._ZN7TwoWire5writeEh
                0x00002eda       0x28 C:\Users\Olly\AppData\Local\Temp\VMBuilds\OpenBionics_Beetroot\openbionics_openbionics_samd_ob_chestnut\Debug\Wire\Wire.cpp.o
                0x00002eda                TwoWire::write(unsigned char)
 .text._ZN7TwoWire4peekEv
                0x00002f02        0xa C:\Users\Olly\AppData\Local\Temp\VMBuilds\OpenBionics_Beetroot\openbionics_openbionics_samd_ob_chestnut\Debug\Wire\Wire.cpp.o
                0x00002f02                TwoWire::peek()
 .text._ZN7TwoWireC2EP6SERCOMhh
                0x00002f0c       0x3c C:\Users\Olly\AppData\Local\Temp\VMBuilds\OpenBionics_Beetroot\openbionics_openbionics_samd_ob_chestnut\Debug\Wire\Wire.cpp.o
                0x00002f0c                TwoWire::TwoWire(SERCOM*, unsigned char, unsigned char)
                0x00002f0c                TwoWire::TwoWire(SERCOM*, unsigned char, unsigned char)
 .text._ZN7TwoWire5beginEv
                0x00002f48       0x40 C:\Users\Olly\AppData\Local\Temp\VMBuilds\OpenBionics_Beetroot\openbionics_openbionics_samd_ob_chestnut\Debug\Wire\Wire.cpp.o
                0x00002f48                TwoWire::begin()
 .text._ZN7TwoWire11requestFromEhjb
                0x00002f88       0x76 C:\Users\Olly\AppData\Local\Temp\VMBuilds\OpenBionics_Beetroot\openbionics_openbionics_samd_ob_chestnut\Debug\Wire\Wire.cpp.o
                0x00002f88                TwoWire::requestFrom(unsigned char, unsigned int, bool)
 .text._ZN7TwoWire11requestFromEhj
                0x00002ffe        0xa C:\Users\Olly\AppData\Local\Temp\VMBuilds\OpenBionics_Beetroot\openbionics_openbionics_samd_ob_chestnut\Debug\Wire\Wire.cpp.o
                0x00002ffe                TwoWire::requestFrom(unsigned char, unsigned int)
 .text._ZN7TwoWire17beginTransmissionEh
                0x00003008       0x16 C:\Users\Olly\AppData\Local\Temp\VMBuilds\OpenBionics_Beetroot\openbionics_openbionics_samd_ob_chestnut\Debug\Wire\Wire.cpp.o
                0x00003008                TwoWire::beginTransmission(unsigned char)
 .text._ZN7TwoWire15endTransmissionEb
                0x0000301e       0x66 C:\Users\Olly\AppData\Local\Temp\VMBuilds\OpenBionics_Beetroot\openbionics_openbionics_samd_ob_chestnut\Debug\Wire\Wire.cpp.o
                0x0000301e                TwoWire::endTransmission(bool)
 .text._ZN7TwoWire15endTransmissionEv
                0x00003084        0xa C:\Users\Olly\AppData\Local\Temp\VMBuilds\OpenBionics_Beetroot\openbionics_openbionics_samd_ob_chestnut\Debug\Wire\Wire.cpp.o
                0x00003084                TwoWire::endTransmission()
 .text._ZN7TwoWire9onServiceEv
                0x0000308e      0x104 C:\Users\Olly\AppData\Local\Temp\VMBuilds\OpenBionics_Beetroot\openbionics_openbionics_samd_ob_chestnut\Debug\Wire\Wire.cpp.o
                0x0000308e                TwoWire::onService()
 *fill*         0x00003192        0x2 
 .text.SERCOM3_Handler
                0x00003194       0x10 C:\Users\Olly\AppData\Local\Temp\VMBuilds\OpenBionics_Beetroot\openbionics_openbionics_samd_ob_chestnut\Debug\Wire\Wire.cpp.o
                0x00003194                SERCOM3_Handler
 .text.startup._GLOBAL__sub_I__ZN7TwoWireC2EP6SERCOMhh
                0x000031a4       0x18 C:\Users\Olly\AppData\Local\Temp\VMBuilds\OpenBionics_Beetroot\openbionics_openbionics_samd_ob_chestnut\Debug\Wire\Wire.cpp.o
 .text._ZN17Adafruit_NeoPixelD2Ev
                0x000031bc       0x20 C:\Users\Olly\AppData\Local\Temp\VMBuilds\OpenBionics_Beetroot\openbionics_openbionics_samd_ob_chestnut\Debug\Adafruit_NeoPixel.cpp.o
                0x000031bc                Adafruit_NeoPixel::~Adafruit_NeoPixel()
                0x000031bc                Adafruit_NeoPixel::~Adafruit_NeoPixel()
 .text._ZN17Adafruit_NeoPixel5beginEv
                0x000031dc       0x22 C:\Users\Olly\AppData\Local\Temp\VMBuilds\OpenBionics_Beetroot\openbionics_openbionics_samd_ob_chestnut\Debug\Adafruit_NeoPixel.cpp.o
                0x000031dc                Adafruit_NeoPixel::begin()
 .text._ZN17Adafruit_NeoPixel12updateLengthEt
                0x000031fe       0x40 C:\Users\Olly\AppData\Local\Temp\VMBuilds\OpenBionics_Beetroot\openbionics_openbionics_samd_ob_chestnut\Debug\Adafruit_NeoPixel.cpp.o
                0x000031fe                Adafruit_NeoPixel::updateLength(unsigned short)
 .text._ZN17Adafruit_NeoPixel10updateTypeEt
                0x0000323e       0x48 C:\Users\Olly\AppData\Local\Temp\VMBuilds\OpenBionics_Beetroot\openbionics_openbionics_samd_ob_chestnut\Debug\Adafruit_NeoPixel.cpp.o
                0x0000323e                Adafruit_NeoPixel::updateType(unsigned short)
 *fill*         0x00003286        0x2 
 .text._ZN17Adafruit_NeoPixel4showEv
                0x00003288      0x1e4 C:\Users\Olly\AppData\Local\Temp\VMBuilds\OpenBionics_Beetroot\openbionics_openbionics_samd_ob_chestnut\Debug\Adafruit_NeoPixel.cpp.o
                0x00003288                Adafruit_NeoPixel::show()
 .text._ZN17Adafruit_NeoPixel6setPinEh
                0x0000346c       0x34 C:\Users\Olly\AppData\Local\Temp\VMBuilds\OpenBionics_Beetroot\openbionics_openbionics_samd_ob_chestnut\Debug\Adafruit_NeoPixel.cpp.o
                0x0000346c                Adafruit_NeoPixel::setPin(unsigned char)
 .text._ZN17Adafruit_NeoPixelC2Etht
                0x000034a0       0x2e C:\Users\Olly\AppData\Local\Temp\VMBuilds\OpenBionics_Beetroot\openbionics_openbionics_samd_ob_chestnut\Debug\Adafruit_NeoPixel.cpp.o
                0x000034a0                Adafruit_NeoPixel::Adafruit_NeoPixel(unsigned short, unsigned char, unsigned short)
                0x000034a0                Adafruit_NeoPixel::Adafruit_NeoPixel(unsigned short, unsigned char, unsigned short)
 .text._ZN17Adafruit_NeoPixel13setPixelColorEtm
                0x000034ce       0x74 C:\Users\Olly\AppData\Local\Temp\VMBuilds\OpenBionics_Beetroot\openbionics_openbionics_samd_ob_chestnut\Debug\Adafruit_NeoPixel.cpp.o
                0x000034ce                Adafruit_NeoPixel::setPixelColor(unsigned short, unsigned long)
 .text._ZNK17Adafruit_NeoPixel13getPixelColorEt
                0x00003542       0xc0 C:\Users\Olly\AppData\Local\Temp\VMBuilds\OpenBionics_Beetroot\openbionics_openbionics_samd_ob_chestnut\Debug\Adafruit_NeoPixel.cpp.o
                0x00003542                Adafruit_NeoPixel::getPixelColor(unsigned short) const
 .text._ZN13CIRCLE_BUFFERC2Et
                0x00003602       0x44 C:\Users\Olly\AppData\Local\Temp\VMBuilds\OpenBionics_Beetroot\openbionics_openbionics_samd_ob_chestnut\Debug\CircleBuff.cpp.o
                0x00003602                CIRCLE_BUFFER::CIRCLE_BUFFER(unsigned short)
                0x00003602                CIRCLE_BUFFER::CIRCLE_BUFFER(unsigned short)
 .text._ZN13CIRCLE_BUFFER8readMeanEv
                0x00003646        0x6 C:\Users\Olly\AppData\Local\Temp\VMBuilds\OpenBionics_Beetroot\openbionics_openbionics_samd_ob_chestnut\Debug\CircleBuff.cpp.o
                0x00003646                CIRCLE_BUFFER::readMean()
 .text._ZN13CIRCLE_BUFFER5writeEt
                0x0000364c       0x36 C:\Users\Olly\AppData\Local\Temp\VMBuilds\OpenBionics_Beetroot\openbionics_openbionics_samd_ob_chestnut\Debug\CircleBuff.cpp.o
                0x0000364c                CIRCLE_BUFFER::write(unsigned short)
 *fill*         0x00003682        0x6 
 .text._ZN10DEMO_CLASSC2Ev
                0x00003688       0x28 C:\Users\Olly\AppData\Local\Temp\VMBuilds\OpenBionics_Beetroot\openbionics_openbionics_samd_ob_chestnut\Debug\Demo.cpp.o
                0x00003688                DEMO_CLASS::DEMO_CLASS()
                0x00003688                DEMO_CLASS::DEMO_CLASS()
 .text._ZN10DEMO_CLASS7enabledEv
                0x000036b0       0x12 C:\Users\Olly\AppData\Local\Temp\VMBuilds\OpenBionics_Beetroot\openbionics_openbionics_samd_ob_chestnut\Debug\Demo.cpp.o
                0x000036b0                DEMO_CLASS::enabled()
 .text._ZN10DEMO_CLASS4stopEv
                0x000036c2        0x6 C:\Users\Olly\AppData\Local\Temp\VMBuilds\OpenBionics_Beetroot\openbionics_openbionics_samd_ob_chestnut\Debug\Demo.cpp.o
                0x000036c2                DEMO_CLASS::stop()
 .text._ZN10DEMO_CLASS8constantEv
                0x000036c8        0x6 C:\Users\Olly\AppData\Local\Temp\VMBuilds\OpenBionics_Beetroot\openbionics_openbionics_samd_ob_chestnut\Debug\Demo.cpp.o
                0x000036c8                DEMO_CLASS::constant()
 *fill*         0x000036ce        0x2 
 .text.startup._GLOBAL__sub_I__ZN10DEMO_CLASSC2Ev
                0x000036d0       0x10 C:\Users\Olly\AppData\Local\Temp\VMBuilds\OpenBionics_Beetroot\openbionics_openbionics_samd_ob_chestnut\Debug\Demo.cpp.o
 .text._ZN10DEMO_CLASS3runEv
                0x000036e0       0xcc C:\Users\Olly\AppData\Local\Temp\VMBuilds\OpenBionics_Beetroot\openbionics_openbionics_samd_ob_chestnut\Debug\Demo.cpp.o
                0x000036e0                DEMO_CLASS::run()
 .text._ZN10DEMO_CLASS10toggleOnceEv
                0x000037ac       0x34 C:\Users\Olly\AppData\Local\Temp\VMBuilds\OpenBionics_Beetroot\openbionics_openbionics_samd_ob_chestnut\Debug\Demo.cpp.o
                0x000037ac                DEMO_CLASS::toggleOnce()
 .text._ZN11EMG_CONTROLC2Ev
                0x000037e0       0x40 C:\Users\Olly\AppData\Local\Temp\VMBuilds\OpenBionics_Beetroot\openbionics_openbionics_samd_ob_chestnut\Debug\EMGControl.cpp.o
                0x000037e0                EMG_CONTROL::EMG_CONTROL()
                0x000037e0                EMG_CONTROL::EMG_CONTROL()
 .text._ZN11EMG_CONTROL5beginEv
                0x00003820       0x40 C:\Users\Olly\AppData\Local\Temp\VMBuilds\OpenBionics_Beetroot\openbionics_openbionics_samd_ob_chestnut\Debug\EMGControl.cpp.o
                0x00003820                EMG_CONTROL::begin()
 .text._ZN11EMG_CONTROL7enabledEv
                0x00003860       0x18 C:\Users\Olly\AppData\Local\Temp\VMBuilds\OpenBionics_Beetroot\openbionics_openbionics_samd_ob_chestnut\Debug\EMGControl.cpp.o
                0x00003860                EMG_CONTROL::enabled()
 .text._ZN11EMG_CONTROL13toggleADCValsEv
                0x00003878       0x10 C:\Users\Olly\AppData\Local\Temp\VMBuilds\OpenBionics_Beetroot\openbionics_openbionics_samd_ob_chestnut\Debug\EMGControl.cpp.o
                0x00003878                EMG_CONTROL::toggleADCVals()
 .text._ZN11EMG_CONTROL3offEv
                0x00003888        0xc C:\Users\Olly\AppData\Local\Temp\VMBuilds\OpenBionics_Beetroot\openbionics_openbionics_samd_ob_chestnut\Debug\EMGControl.cpp.o
                0x00003888                EMG_CONTROL::off()
 .text._ZN11EMG_CONTROL6simpleEv
                0x00003894        0xc C:\Users\Olly\AppData\Local\Temp\VMBuilds\OpenBionics_Beetroot\openbionics_openbionics_samd_ob_chestnut\Debug\EMGControl.cpp.o
                0x00003894                EMG_CONTROL::simple()
 .text._ZN11EMG_CONTROL12proportionalEv
                0x000038a0        0xc C:\Users\Olly\AppData\Local\Temp\VMBuilds\OpenBionics_Beetroot\openbionics_openbionics_samd_ob_chestnut\Debug\EMGControl.cpp.o
                0x000038a0                EMG_CONTROL::proportional()
 .text._ZN11EMG_CONTROL13analyseSignalEv
                0x000038ac       0x98 C:\Users\Olly\AppData\Local\Temp\VMBuilds\OpenBionics_Beetroot\openbionics_openbionics_samd_ob_chestnut\Debug\EMGControl.cpp.o
                0x000038ac                EMG_CONTROL::analyseSignal()
 .text._ZN11EMG_CONTROL14calcNoiseFloorEii
                0x00003944       0x38 C:\Users\Olly\AppData\Local\Temp\VMBuilds\OpenBionics_Beetroot\openbionics_openbionics_samd_ob_chestnut\Debug\EMGControl.cpp.o
                0x00003944                EMG_CONTROL::calcNoiseFloor(int, int)
 .text._ZN11EMG_CONTROL9getSampleEv
                0x0000397c       0x64 C:\Users\Olly\AppData\Local\Temp\VMBuilds\OpenBionics_Beetroot\openbionics_openbionics_samd_ob_chestnut\Debug\EMGControl.cpp.o
                0x0000397c                EMG_CONTROL::getSample()
 .text._ZN11EMG_CONTROL13calcPosChangeEi
                0x000039e0       0x60 C:\Users\Olly\AppData\Local\Temp\VMBuilds\OpenBionics_Beetroot\openbionics_openbionics_samd_ob_chestnut\Debug\EMGControl.cpp.o
                0x000039e0                EMG_CONTROL::calcPosChange(int)
 .text._ZN11EMG_CONTROL20control_proportionalEv
                0x00003a40       0xa8 C:\Users\Olly\AppData\Local\Temp\VMBuilds\OpenBionics_Beetroot\openbionics_openbionics_samd_ob_chestnut\Debug\EMGControl.cpp.o
                0x00003a40                EMG_CONTROL::control_proportional()
 .text.startup._GLOBAL__sub_I__ZN11EMG_CONTROLC2Ev
                0x00003ae8       0x10 C:\Users\Olly\AppData\Local\Temp\VMBuilds\OpenBionics_Beetroot\openbionics_openbionics_samd_ob_chestnut\Debug\EMGControl.cpp.o
 .text._ZN11EMG_CONTROL12printEMGDataEv
                0x00003af8      0x1e8 C:\Users\Olly\AppData\Local\Temp\VMBuilds\OpenBionics_Beetroot\openbionics_openbionics_samd_ob_chestnut\Debug\EMGControl.cpp.o
                0x00003af8                EMG_CONTROL::printEMGData()
 .text._ZN11EMG_CONTROL14control_simpleEv
                0x00003ce0       0x9c C:\Users\Olly\AppData\Local\Temp\VMBuilds\OpenBionics_Beetroot\openbionics_openbionics_samd_ob_chestnut\Debug\EMGControl.cpp.o
                0x00003ce0                EMG_CONTROL::control_simple()
 .text._ZN11EMG_CONTROL7controlEv
                0x00003d7c       0xa0 C:\Users\Olly\AppData\Local\Temp\VMBuilds\OpenBionics_Beetroot\openbionics_openbionics_samd_ob_chestnut\Debug\EMGControl.cpp.o
                0x00003d7c                EMG_CONTROL::control()
 .text._ZN11EMG_CONTROL3runEv
                0x00003e1c       0x34 C:\Users\Olly\AppData\Local\Temp\VMBuilds\OpenBionics_Beetroot\openbionics_openbionics_samd_ob_chestnut\Debug\EMGControl.cpp.o
                0x00003e1c                EMG_CONTROL::run()
 .text._ZN14ERROR_HANDLINGC2Ev
                0x00003e50      0x150 C:\Users\Olly\AppData\Local\Temp\VMBuilds\OpenBionics_Beetroot\openbionics_openbionics_samd_ob_chestnut\Debug\ErrorHandling.cpp.o
                0x00003e50                ERROR_HANDLING::ERROR_HANDLING()
                0x00003e50                ERROR_HANDLING::ERROR_HANDLING()
 .text._ZN14ERROR_HANDLING5beginEv
                0x00003fa0       0x10 C:\Users\Olly\AppData\Local\Temp\VMBuilds\OpenBionics_Beetroot\openbionics_openbionics_samd_ob_chestnut\Debug\ErrorHandling.cpp.o
                0x00003fa0                ERROR_HANDLING::begin()
 .text._ZN14ERROR_HANDLING9loadErrorEv
                0x00003fb0       0x38 C:\Users\Olly\AppData\Local\Temp\VMBuilds\OpenBionics_Beetroot\openbionics_openbionics_samd_ob_chestnut\Debug\ErrorHandling.cpp.o
                0x00003fb0                ERROR_HANDLING::loadError()
 .text._ZN14ERROR_HANDLING10storeErrorE10_ErrorType
                0x00003fe8       0x18 C:\Users\Olly\AppData\Local\Temp\VMBuilds\OpenBionics_Beetroot\openbionics_openbionics_samd_ob_chestnut\Debug\ErrorHandling.cpp.o
                0x00003fe8                ERROR_HANDLING::storeError(_ErrorType)
 .text.startup._GLOBAL__sub_I__ZN14ERROR_HANDLINGC2Ev
                0x00004000       0x10 C:\Users\Olly\AppData\Local\Temp\VMBuilds\OpenBionics_Beetroot\openbionics_openbionics_samd_ob_chestnut\Debug\ErrorHandling.cpp.o
 .text._ZN14ERROR_HANDLING15printErrorDescrEP11_ErrorState
                0x00004010       0xf4 C:\Users\Olly\AppData\Local\Temp\VMBuilds\OpenBionics_Beetroot\openbionics_openbionics_samd_ob_chestnut\Debug\ErrorHandling.cpp.o
                0x00004010                ERROR_HANDLING::printErrorDescr(_ErrorState*)
 .text._ZN14ERROR_HANDLING3setE10_ErrorType
                0x00004104       0xd0 C:\Users\Olly\AppData\Local\Temp\VMBuilds\OpenBionics_Beetroot\openbionics_openbionics_samd_ob_chestnut\Debug\ErrorHandling.cpp.o
                0x00004104                ERROR_HANDLING::set(_ErrorType)
 .text._ZN14ERROR_HANDLING5clearEv
                0x000041d4        0xa C:\Users\Olly\AppData\Local\Temp\VMBuilds\OpenBionics_Beetroot\openbionics_openbionics_samd_ob_chestnut\Debug\ErrorHandling.cpp.o
                0x000041d4                ERROR_HANDLING::clear()
 *fill*         0x000041de        0x2 
 .text._ZN14ERROR_HANDLING3runEv
                0x000041e0       0x48 C:\Users\Olly\AppData\Local\Temp\VMBuilds\OpenBionics_Beetroot\openbionics_openbionics_samd_ob_chestnut\Debug\ErrorHandling.cpp.o
                0x000041e0                ERROR_HANDLING::run()
 .text._ZN14ERROR_HANDLING12printCurrentEv
                0x00004228       0x38 C:\Users\Olly\AppData\Local\Temp\VMBuilds\OpenBionics_Beetroot\openbionics_openbionics_samd_ob_chestnut\Debug\ErrorHandling.cpp.o
                0x00004228                ERROR_HANDLING::printCurrent()
 .text._ZN14ERROR_HANDLING14checkPrevErrorEv
                0x00004260       0x84 C:\Users\Olly\AppData\Local\Temp\VMBuilds\OpenBionics_Beetroot\openbionics_openbionics_samd_ob_chestnut\Debug\ErrorHandling.cpp.o
                0x00004260                ERROR_HANDLING::checkPrevError()
 .text.startup._GLOBAL__sub_I_finger
                0x000042e4       0x24 C:\Users\Olly\AppData\Local\Temp\VMBuilds\OpenBionics_Beetroot\openbionics_openbionics_samd_ob_chestnut\Debug\Globals.cpp.o
 .text._ZN10GRIP_CLASS5beginEv
                0x00004308       0x5c C:\Users\Olly\AppData\Local\Temp\VMBuilds\OpenBionics_Beetroot\openbionics_openbionics_samd_ob_chestnut\Debug\Grips.cpp.o
                0x00004308                GRIP_CLASS::begin()
 .text._ZN10GRIP_CLASS7setGripEi
                0x00004364       0x1a C:\Users\Olly\AppData\Local\Temp\VMBuilds\OpenBionics_Beetroot\openbionics_openbionics_samd_ob_chestnut\Debug\Grips.cpp.o
                0x00004364                GRIP_CLASS::setGrip(int)
 .text._ZN10GRIP_CLASS7getGripEv
                0x0000437e        0xa C:\Users\Olly\AppData\Local\Temp\VMBuilds\OpenBionics_Beetroot\openbionics_openbionics_samd_ob_chestnut\Debug\Grips.cpp.o
                0x0000437e                GRIP_CLASS::getGrip()
 .text._ZN10GRIP_CLASS11getGripNameEv
                0x00004388        0xa C:\Users\Olly\AppData\Local\Temp\VMBuilds\OpenBionics_Beetroot\openbionics_openbionics_samd_ob_chestnut\Debug\Grips.cpp.o
                0x00004388                GRIP_CLASS::getGripName()
 .text._ZN10GRIP_CLASS11getGripNameEi
                0x00004392        0xa C:\Users\Olly\AppData\Local\Temp\VMBuilds\OpenBionics_Beetroot\openbionics_openbionics_samd_ob_chestnut\Debug\Grips.cpp.o
                0x00004392                GRIP_CLASS::getGripName(int)
 .text._ZN10GRIP_CLASS8nextGripEv
                0x0000439c       0x20 C:\Users\Olly\AppData\Local\Temp\VMBuilds\OpenBionics_Beetroot\openbionics_openbionics_samd_ob_chestnut\Debug\Grips.cpp.o
                0x0000439c                GRIP_CLASS::nextGrip()
 .text._ZN10GRIP_CLASS8prevGripEv
                0x000043bc       0x24 C:\Users\Olly\AppData\Local\Temp\VMBuilds\OpenBionics_Beetroot\openbionics_openbionics_samd_ob_chestnut\Debug\Grips.cpp.o
                0x000043bc                GRIP_CLASS::prevGrip()
 .text._ZN10GRIP_CLASS6setPosEi
                0x000043e0       0x26 C:\Users\Olly\AppData\Local\Temp\VMBuilds\OpenBionics_Beetroot\openbionics_openbionics_samd_ob_chestnut\Debug\Grips.cpp.o
                0x000043e0                GRIP_CLASS::setPos(int)
 .text._ZN10GRIP_CLASS6getPosEv
                0x00004406        0x8 C:\Users\Olly\AppData\Local\Temp\VMBuilds\OpenBionics_Beetroot\openbionics_openbionics_samd_ob_chestnut\Debug\Grips.cpp.o
                0x00004406                GRIP_CLASS::getPos()
 .text._ZN10GRIP_CLASS6setDirEi
                0x0000440e       0x2a C:\Users\Olly\AppData\Local\Temp\VMBuilds\OpenBionics_Beetroot\openbionics_openbionics_samd_ob_chestnut\Debug\Grips.cpp.o
                0x0000440e                GRIP_CLASS::setDir(int)
 .text._ZN10GRIP_CLASS6getDirEv
                0x00004438        0x8 C:\Users\Olly\AppData\Local\Temp\VMBuilds\OpenBionics_Beetroot\openbionics_openbionics_samd_ob_chestnut\Debug\Grips.cpp.o
                0x00004438                GRIP_CLASS::getDir()
 .text._ZN10GRIP_CLASS9toggleDirEv
                0x00004440       0x16 C:\Users\Olly\AppData\Local\Temp\VMBuilds\OpenBionics_Beetroot\openbionics_openbionics_samd_ob_chestnut\Debug\Grips.cpp.o
                0x00004440                GRIP_CLASS::toggleDir()
 .text._ZN10GRIP_CLASS8setSpeedEi
                0x00004456       0x18 C:\Users\Olly\AppData\Local\Temp\VMBuilds\OpenBionics_Beetroot\openbionics_openbionics_samd_ob_chestnut\Debug\Grips.cpp.o
                0x00004456                GRIP_CLASS::setSpeed(int)
 .text._ZN10GRIP_CLASS8getSpeedEv
                0x0000446e        0x8 C:\Users\Olly\AppData\Local\Temp\VMBuilds\OpenBionics_Beetroot\openbionics_openbionics_samd_ob_chestnut\Debug\Grips.cpp.o
                0x0000446e                GRIP_CLASS::getSpeed()
 *fill*         0x00004476        0x2 
 .text._ZN10GRIP_CLASS3runEv
                0x00004478       0xc8 C:\Users\Olly\AppData\Local\Temp\VMBuilds\OpenBionics_Beetroot\openbionics_openbionics_samd_ob_chestnut\Debug\Grips.cpp.o
                0x00004478                GRIP_CLASS::run()
 .text._ZN10GRIP_CLASS4openEv
                0x00004540       0x12 C:\Users\Olly\AppData\Local\Temp\VMBuilds\OpenBionics_Beetroot\openbionics_openbionics_samd_ob_chestnut\Debug\Grips.cpp.o
                0x00004540                GRIP_CLASS::open()
 *fill*         0x00004552        0x2 
 .text.startup._GLOBAL__sub_I__ZN10GRIP_CLASSC2Ev
                0x00004554       0x10 C:\Users\Olly\AppData\Local\Temp\VMBuilds\OpenBionics_Beetroot\openbionics_openbionics_samd_ob_chestnut\Debug\Grips.cpp.o
 .text._ZN7TwoWire5writeEi
                0x00004564        0xc C:\Users\Olly\AppData\Local\Temp\VMBuilds\OpenBionics_Beetroot\openbionics_openbionics_samd_ob_chestnut\Debug\HANDle.cpp.o
                0x00004564                TwoWire::write(int)
 .text._ZN12HANDLE_CLASS7enabledEv
                0x00004570        0x4 C:\Users\Olly\AppData\Local\Temp\VMBuilds\OpenBionics_Beetroot\openbionics_openbionics_samd_ob_chestnut\Debug\HANDle.cpp.o
                0x00004570                HANDLE_CLASS::enabled()
 .text._ZN12HANDLE_CLASS12toggleEnableEv
                0x00004574        0xc C:\Users\Olly\AppData\Local\Temp\VMBuilds\OpenBionics_Beetroot\openbionics_openbionics_samd_ob_chestnut\Debug\HANDle.cpp.o
                0x00004574                HANDLE_CLASS::toggleEnable()
 .text._ZN12HANDLE_CLASS13calcPosChangeEv
                0x00004580       0x70 C:\Users\Olly\AppData\Local\Temp\VMBuilds\OpenBionics_Beetroot\openbionics_openbionics_samd_ob_chestnut\Debug\HANDle.cpp.o
                0x00004580                HANDLE_CLASS::calcPosChange()
 .text._ZN12HANDLE_CLASS8checkJoyEv
                0x000045f0       0x70 C:\Users\Olly\AppData\Local\Temp\VMBuilds\OpenBionics_Beetroot\openbionics_openbionics_samd_ob_chestnut\Debug\HANDle.cpp.o
                0x000045f0                HANDLE_CLASS::checkJoy()
 .text.startup._GLOBAL__sub_I_HANDle
                0x00004660       0x10 C:\Users\Olly\AppData\Local\Temp\VMBuilds\OpenBionics_Beetroot\openbionics_openbionics_samd_ob_chestnut\Debug\HANDle.cpp.o
 .text._ZN12HANDLE_CLASS5beginEv
                0x00004670       0xb8 C:\Users\Olly\AppData\Local\Temp\VMBuilds\OpenBionics_Beetroot\openbionics_openbionics_samd_ob_chestnut\Debug\HANDle.cpp.o
                0x00004670                HANDLE_CLASS::begin()
 .text._ZN12HANDLE_CLASS5printEv
                0x00004728       0xd8 C:\Users\Olly\AppData\Local\Temp\VMBuilds\OpenBionics_Beetroot\openbionics_openbionics_samd_ob_chestnut\Debug\HANDle.cpp.o
                0x00004728                HANDLE_CLASS::print()
 .text._ZN12HANDLE_CLASS4pollEv
                0x00004800      0x174 C:\Users\Olly\AppData\Local\Temp\VMBuilds\OpenBionics_Beetroot\openbionics_openbionics_samd_ob_chestnut\Debug\HANDle.cpp.o
                0x00004800                HANDLE_CLASS::poll()
 .text._ZN12HANDLE_CLASS9calibrateEv
                0x00004974       0xb4 C:\Users\Olly\AppData\Local\Temp\VMBuilds\OpenBionics_Beetroot\openbionics_openbionics_samd_ob_chestnut\Debug\HANDle.cpp.o
                0x00004974                HANDLE_CLASS::calibrate()
 .text._ZN12HANDLE_CLASS12checkButtonsEv
                0x00004a28       0x68 C:\Users\Olly\AppData\Local\Temp\VMBuilds\OpenBionics_Beetroot\openbionics_openbionics_samd_ob_chestnut\Debug\HANDle.cpp.o
                0x00004a28                HANDLE_CLASS::checkButtons()
 .text._ZN12HANDLE_CLASS3runEv
                0x00004a90       0x3c C:\Users\Olly\AppData\Local\Temp\VMBuilds\OpenBionics_Beetroot\openbionics_openbionics_samd_ob_chestnut\Debug\HANDle.cpp.o
                0x00004a90                HANDLE_CLASS::run()
 .text._ZN10I2C_EEPROM4pingEv
                0x00004acc       0x20 C:\Users\Olly\AppData\Local\Temp\VMBuilds\OpenBionics_Beetroot\openbionics_openbionics_samd_ob_chestnut\Debug\I2C_EEPROM.cpp.o
                0x00004acc                I2C_EEPROM::ping()
 .text._ZN10I2C_EEPROM5writeEii
                0x00004aec       0x54 C:\Users\Olly\AppData\Local\Temp\VMBuilds\OpenBionics_Beetroot\openbionics_openbionics_samd_ob_chestnut\Debug\I2C_EEPROM.cpp.o
                0x00004aec                I2C_EEPROM::write(int, int)
 .text._ZN10I2C_EEPROM17generateChunkSizeEii
                0x00004b40       0x88 C:\Users\Olly\AppData\Local\Temp\VMBuilds\OpenBionics_Beetroot\openbionics_openbionics_samd_ob_chestnut\Debug\I2C_EEPROM.cpp.o
                0x00004b40                I2C_EEPROM::generateChunkSize(int, int)
 .text._ZN10I2C_EEPROM4readEi
                0x00004bc8       0x50 C:\Users\Olly\AppData\Local\Temp\VMBuilds\OpenBionics_Beetroot\openbionics_openbionics_samd_ob_chestnut\Debug\I2C_EEPROM.cpp.o
                0x00004bc8                I2C_EEPROM::read(int)
 .text._ZN10I2C_EEPROM8readManyEiPhi
                0x00004c18       0xa4 C:\Users\Olly\AppData\Local\Temp\VMBuilds\OpenBionics_Beetroot\openbionics_openbionics_samd_ob_chestnut\Debug\I2C_EEPROM.cpp.o
                0x00004c18                I2C_EEPROM::readMany(int, unsigned char*, int)
 .text._ZN10I2C_EEPROM9writeManyEiPhi
                0x00004cbc       0x88 C:\Users\Olly\AppData\Local\Temp\VMBuilds\OpenBionics_Beetroot\openbionics_openbionics_samd_ob_chestnut\Debug\I2C_EEPROM.cpp.o
                0x00004cbc                I2C_EEPROM::writeMany(int, unsigned char*, int)
 .text._ZN7LSM9DS1D2Ev
                0x00004d44        0x2 C:\Users\Olly\AppData\Local\Temp\VMBuilds\OpenBionics_Beetroot\openbionics_openbionics_samd_ob_chestnut\Debug\I2C_IMU_LSM9DS1.cpp.o
                0x00004d44                LSM9DS1::~LSM9DS1()
                0x00004d44                LSM9DS1::~LSM9DS1()
 .text._ZN7LSM9DS1C2Ev
                0x00004d46       0x6e C:\Users\Olly\AppData\Local\Temp\VMBuilds\OpenBionics_Beetroot\openbionics_openbionics_samd_ob_chestnut\Debug\I2C_IMU_LSM9DS1.cpp.o
                0x00004d46                LSM9DS1::LSM9DS1()
                0x00004d46                LSM9DS1::LSM9DS1()
 .text._ZN7LSM9DS113pingAccelGyroEv
                0x00004db4       0x20 C:\Users\Olly\AppData\Local\Temp\VMBuilds\OpenBionics_Beetroot\openbionics_openbionics_samd_ob_chestnut\Debug\I2C_IMU_LSM9DS1.cpp.o
                0x00004db4                LSM9DS1::pingAccelGyro()
 .text._ZN7LSM9DS17pingMagEv
                0x00004dd4       0x20 C:\Users\Olly\AppData\Local\Temp\VMBuilds\OpenBionics_Beetroot\openbionics_openbionics_samd_ob_chestnut\Debug\I2C_IMU_LSM9DS1.cpp.o
                0x00004dd4                LSM9DS1::pingMag()
 .text._ZN7LSM9DS14pingEv
                0x00004df4       0x18 C:\Users\Olly\AppData\Local\Temp\VMBuilds\OpenBionics_Beetroot\openbionics_openbionics_samd_ob_chestnut\Debug\I2C_IMU_LSM9DS1.cpp.o
                0x00004df4                LSM9DS1::ping()
 .text._ZN7LSM9DS17getTempEv
                0x00004e0c       0x20 C:\Users\Olly\AppData\Local\Temp\VMBuilds\OpenBionics_Beetroot\openbionics_openbionics_samd_ob_chestnut\Debug\I2C_IMU_LSM9DS1.cpp.o
                0x00004e0c                LSM9DS1::getTemp()
 .text.startup._GLOBAL__sub_I_IMU_ACCEL_SENSITIVITY
                0x00004e2c       0x24 C:\Users\Olly\AppData\Local\Temp\VMBuilds\OpenBionics_Beetroot\openbionics_openbionics_samd_ob_chestnut\Debug\I2C_IMU_LSM9DS1.cpp.o
 .text._ZN7LSM9DS15writeEhhPhh
                0x00004e50       0x3c C:\Users\Olly\AppData\Local\Temp\VMBuilds\OpenBionics_Beetroot\openbionics_openbionics_samd_ob_chestnut\Debug\I2C_IMU_LSM9DS1.cpp.o
                0x00004e50                LSM9DS1::write(unsigned char, unsigned char, unsigned char*, unsigned char)
 .text._ZN7LSM9DS110writeAccelEhh
                0x00004e8c       0x18 C:\Users\Olly\AppData\Local\Temp\VMBuilds\OpenBionics_Beetroot\openbionics_openbionics_samd_ob_chestnut\Debug\I2C_IMU_LSM9DS1.cpp.o
                0x00004e8c                LSM9DS1::writeAccel(unsigned char, unsigned char)
 .text._ZN7LSM9DS19initAccelEv
                0x00004ea4       0x62 C:\Users\Olly\AppData\Local\Temp\VMBuilds\OpenBionics_Beetroot\openbionics_openbionics_samd_ob_chestnut\Debug\I2C_IMU_LSM9DS1.cpp.o
                0x00004ea4                LSM9DS1::initAccel()
 .text._ZN7LSM9DS19writeGyroEhh
                0x00004f06       0x18 C:\Users\Olly\AppData\Local\Temp\VMBuilds\OpenBionics_Beetroot\openbionics_openbionics_samd_ob_chestnut\Debug\I2C_IMU_LSM9DS1.cpp.o
                0x00004f06                LSM9DS1::writeGyro(unsigned char, unsigned char)
 .text._ZN7LSM9DS18initGyroEv
                0x00004f1e       0x72 C:\Users\Olly\AppData\Local\Temp\VMBuilds\OpenBionics_Beetroot\openbionics_openbionics_samd_ob_chestnut\Debug\I2C_IMU_LSM9DS1.cpp.o
                0x00004f1e                LSM9DS1::initGyro()
 .text._ZN7LSM9DS18writeMagEhh
                0x00004f90       0x18 C:\Users\Olly\AppData\Local\Temp\VMBuilds\OpenBionics_Beetroot\openbionics_openbionics_samd_ob_chestnut\Debug\I2C_IMU_LSM9DS1.cpp.o
                0x00004f90                LSM9DS1::writeMag(unsigned char, unsigned char)
 .text._ZN7LSM9DS17initMagEv
                0x00004fa8       0x5a C:\Users\Olly\AppData\Local\Temp\VMBuilds\OpenBionics_Beetroot\openbionics_openbionics_samd_ob_chestnut\Debug\I2C_IMU_LSM9DS1.cpp.o
                0x00004fa8                LSM9DS1::initMag()
 .text._ZN7LSM9DS15beginEv
                0x00005002       0x26 C:\Users\Olly\AppData\Local\Temp\VMBuilds\OpenBionics_Beetroot\openbionics_openbionics_samd_ob_chestnut\Debug\I2C_IMU_LSM9DS1.cpp.o
                0x00005002                LSM9DS1::begin()
 .text._ZN7LSM9DS14readEhhPhh
                0x00005028       0x4c C:\Users\Olly\AppData\Local\Temp\VMBuilds\OpenBionics_Beetroot\openbionics_openbionics_samd_ob_chestnut\Debug\I2C_IMU_LSM9DS1.cpp.o
                0x00005028                LSM9DS1::read(unsigned char, unsigned char, unsigned char*, unsigned char)
 .text._ZN7LSM9DS19readAccelEhPhh
                0x00005074       0x14 C:\Users\Olly\AppData\Local\Temp\VMBuilds\OpenBionics_Beetroot\openbionics_openbionics_samd_ob_chestnut\Debug\I2C_IMU_LSM9DS1.cpp.o
                0x00005074                LSM9DS1::readAccel(unsigned char, unsigned char*, unsigned char)
 .text._ZN7LSM9DS111updateAccelEv
                0x00005088       0x48 C:\Users\Olly\AppData\Local\Temp\VMBuilds\OpenBionics_Beetroot\openbionics_openbionics_samd_ob_chestnut\Debug\I2C_IMU_LSM9DS1.cpp.o
                0x00005088                LSM9DS1::updateAccel()
 .text._ZN7LSM9DS110updateTempEv
                0x000050d0       0x38 C:\Users\Olly\AppData\Local\Temp\VMBuilds\OpenBionics_Beetroot\openbionics_openbionics_samd_ob_chestnut\Debug\I2C_IMU_LSM9DS1.cpp.o
                0x000050d0                LSM9DS1::updateTemp()
 .text._ZN7LSM9DS19readAccelEh
                0x00005108       0x1a C:\Users\Olly\AppData\Local\Temp\VMBuilds\OpenBionics_Beetroot\openbionics_openbionics_samd_ob_chestnut\Debug\I2C_IMU_LSM9DS1.cpp.o
                0x00005108                LSM9DS1::readAccel(unsigned char)
 .text._ZN7LSM9DS110availAccelEv
                0x00005122        0xe C:\Users\Olly\AppData\Local\Temp\VMBuilds\OpenBionics_Beetroot\openbionics_openbionics_samd_ob_chestnut\Debug\I2C_IMU_LSM9DS1.cpp.o
                0x00005122                LSM9DS1::availAccel()
 .text._ZN7LSM9DS19availTempEv
                0x00005130        0xe C:\Users\Olly\AppData\Local\Temp\VMBuilds\OpenBionics_Beetroot\openbionics_openbionics_samd_ob_chestnut\Debug\I2C_IMU_LSM9DS1.cpp.o
                0x00005130                LSM9DS1::availTemp()
 .text._ZN7LSM9DS18readGyroEhPhh
                0x0000513e       0x14 C:\Users\Olly\AppData\Local\Temp\VMBuilds\OpenBionics_Beetroot\openbionics_openbionics_samd_ob_chestnut\Debug\I2C_IMU_LSM9DS1.cpp.o
                0x0000513e                LSM9DS1::readGyro(unsigned char, unsigned char*, unsigned char)
 *fill*         0x00005152        0x2 
 .text._ZN7LSM9DS110updateGyroEv
                0x00005154       0x4c C:\Users\Olly\AppData\Local\Temp\VMBuilds\OpenBionics_Beetroot\openbionics_openbionics_samd_ob_chestnut\Debug\I2C_IMU_LSM9DS1.cpp.o
                0x00005154                LSM9DS1::updateGyro()
 .text._ZN7LSM9DS18readGyroEh
                0x000051a0       0x1a C:\Users\Olly\AppData\Local\Temp\VMBuilds\OpenBionics_Beetroot\openbionics_openbionics_samd_ob_chestnut\Debug\I2C_IMU_LSM9DS1.cpp.o
                0x000051a0                LSM9DS1::readGyro(unsigned char)
 .text._ZN7LSM9DS19availGyroEv
                0x000051ba        0xe C:\Users\Olly\AppData\Local\Temp\VMBuilds\OpenBionics_Beetroot\openbionics_openbionics_samd_ob_chestnut\Debug\I2C_IMU_LSM9DS1.cpp.o
                0x000051ba                LSM9DS1::availGyro()
 .text._ZN7LSM9DS17readMagEhPhh
                0x000051c8       0x14 C:\Users\Olly\AppData\Local\Temp\VMBuilds\OpenBionics_Beetroot\openbionics_openbionics_samd_ob_chestnut\Debug\I2C_IMU_LSM9DS1.cpp.o
                0x000051c8                LSM9DS1::readMag(unsigned char, unsigned char*, unsigned char)
 .text._ZN7LSM9DS19updateMagEv
                0x000051dc       0x4c C:\Users\Olly\AppData\Local\Temp\VMBuilds\OpenBionics_Beetroot\openbionics_openbionics_samd_ob_chestnut\Debug\I2C_IMU_LSM9DS1.cpp.o
                0x000051dc                LSM9DS1::updateMag()
 .text._ZN7LSM9DS17readMagEh
                0x00005228       0x1a C:\Users\Olly\AppData\Local\Temp\VMBuilds\OpenBionics_Beetroot\openbionics_openbionics_samd_ob_chestnut\Debug\I2C_IMU_LSM9DS1.cpp.o
                0x00005228                LSM9DS1::readMag(unsigned char)
 .text._ZN7LSM9DS18availMagEv
                0x00005242        0xe C:\Users\Olly\AppData\Local\Temp\VMBuilds\OpenBionics_Beetroot\openbionics_openbionics_samd_ob_chestnut\Debug\I2C_IMU_LSM9DS1.cpp.o
                0x00005242                LSM9DS1::availMag()
 .text._ZN7LSM9DS14pollEv
                0x00005250       0x44 C:\Users\Olly\AppData\Local\Temp\VMBuilds\OpenBionics_Beetroot\openbionics_openbionics_samd_ob_chestnut\Debug\I2C_IMU_LSM9DS1.cpp.o
                0x00005250                LSM9DS1::poll()
 .text._Z12loadSettingsv
                0x00005294       0x2c C:\Users\Olly\AppData\Local\Temp\VMBuilds\OpenBionics_Beetroot\openbionics_openbionics_samd_ob_chestnut\Debug\Initialisation.cpp.o
                0x00005294                loadSettings()
 .text._Z13storeSettingsv
                0x000052c0       0x1c C:\Users\Olly\AppData\Local\Temp\VMBuilds\OpenBionics_Beetroot\openbionics_openbionics_samd_ob_chestnut\Debug\Initialisation.cpp.o
                0x000052c0                storeSettings()
 .text._Z15resetToDefaultsv
                0x000052dc       0x38 C:\Users\Olly\AppData\Local\Temp\VMBuilds\OpenBionics_Beetroot\openbionics_openbionics_samd_ob_chestnut\Debug\Initialisation.cpp.o
                0x000052dc                resetToDefaults()
 .text._Z8setModesv
                0x00005314       0x38 C:\Users\Olly\AppData\Local\Temp\VMBuilds\OpenBionics_Beetroot\openbionics_openbionics_samd_ob_chestnut\Debug\Initialisation.cpp.o
                0x00005314                setModes()
 .text._Z14initFingerPinsv
                0x0000534c      0x108 C:\Users\Olly\AppData\Local\Temp\VMBuilds\OpenBionics_Beetroot\openbionics_openbionics_samd_ob_chestnut\Debug\Initialisation.cpp.o
                0x0000534c                initFingerPins()
 .text._Z16setHeadphoneJack18_HeadphoneJackMode
                0x00005454       0x1c C:\Users\Olly\AppData\Local\Temp\VMBuilds\OpenBionics_Beetroot\openbionics_openbionics_samd_ob_chestnut\Debug\Initialisation.cpp.o
                0x00005454                setHeadphoneJack(_HeadphoneJackMode)
 .text._Z13systemMonitorv
                0x00005470       0x64 C:\Users\Olly\AppData\Local\Temp\VMBuilds\OpenBionics_Beetroot\openbionics_openbionics_samd_ob_chestnut\Debug\Initialisation.cpp.o
                0x00005470                systemMonitor()
 .text.startup._GLOBAL__sub_I_settings
                0x000054d4       0x14 C:\Users\Olly\AppData\Local\Temp\VMBuilds\OpenBionics_Beetroot\openbionics_openbionics_samd_ob_chestnut\Debug\Initialisation.cpp.o
 .text._Z22detectSerialConnectionv
                0x000054e8       0x40 C:\Users\Olly\AppData\Local\Temp\VMBuilds\OpenBionics_Beetroot\openbionics_openbionics_samd_ob_chestnut\Debug\Initialisation.cpp.o
                0x000054e8                detectSerialConnection()
 .text._Z11deviceSetupv
                0x00005528       0x84 C:\Users\Olly\AppData\Local\Temp\VMBuilds\OpenBionics_Beetroot\openbionics_openbionics_samd_ob_chestnut\Debug\Initialisation.cpp.o
                0x00005528                deviceSetup()
 .text._Z10readEEPROMv
                0x000055ac       0x20 C:\Users\Olly\AppData\Local\Temp\VMBuilds\OpenBionics_Beetroot\openbionics_openbionics_samd_ob_chestnut\Debug\Initialisation.cpp.o
                0x000055ac                readEEPROM()
 *fill*         0x000055cc        0x4 
 .text._Z15printDeviceInfov
                0x000055d0       0x98 C:\Users\Olly\AppData\Local\Temp\VMBuilds\OpenBionics_Beetroot\openbionics_openbionics_samd_ob_chestnut\Debug\Initialisation.cpp.o
                0x000055d0                printDeviceInfo()
 .text._ZN9LED_CLASSD2Ev
                0x00005668        0xc C:\Users\Olly\AppData\Local\Temp\VMBuilds\OpenBionics_Beetroot\openbionics_openbionics_samd_ob_chestnut\Debug\LED.cpp.o
                0x00005668                LED_CLASS::~LED_CLASS()
                0x00005668                LED_CLASS::~LED_CLASS()
 *fill*         0x00005674        0x4 
 .text._ZN9LED_CLASSC2Ev
                0x00005678       0x70 C:\Users\Olly\AppData\Local\Temp\VMBuilds\OpenBionics_Beetroot\openbionics_openbionics_samd_ob_chestnut\Debug\LED.cpp.o
                0x00005678                LED_CLASS::LED_CLASS()
                0x00005678                LED_CLASS::LED_CLASS()
 .text._ZN9LED_CLASS5beginEv
                0x000056e8        0x8 C:\Users\Olly\AppData\Local\Temp\VMBuilds\OpenBionics_Beetroot\openbionics_openbionics_samd_ob_chestnut\Debug\LED.cpp.o
                0x000056e8                LED_CLASS::begin()
 .text._ZN9LED_CLASS9setColourEm
                0x000056f0       0x10 C:\Users\Olly\AppData\Local\Temp\VMBuilds\OpenBionics_Beetroot\openbionics_openbionics_samd_ob_chestnut\Debug\LED.cpp.o
                0x000056f0                LED_CLASS::setColour(unsigned long)
 .text._ZN9LED_CLASS7setPrevEv
                0x00005700       0x10 C:\Users\Olly\AppData\Local\Temp\VMBuilds\OpenBionics_Beetroot\openbionics_openbionics_samd_ob_chestnut\Debug\LED.cpp.o
                0x00005700                LED_CLASS::setPrev()
 .text._ZN9LED_CLASS7setFreqEf
                0x00005710       0x48 C:\Users\Olly\AppData\Local\Temp\VMBuilds\OpenBionics_Beetroot\openbionics_openbionics_samd_ob_chestnut\Debug\LED.cpp.o
                0x00005710                LED_CLASS::setFreq(float)
 .text._ZN9LED_CLASS11setFadeFreqEf
                0x00005758       0x16 C:\Users\Olly\AppData\Local\Temp\VMBuilds\OpenBionics_Beetroot\openbionics_openbionics_samd_ob_chestnut\Debug\LED.cpp.o
                0x00005758                LED_CLASS::setFadeFreq(float)
 .text._ZN9LED_CLASS8runSolidEv
                0x0000576e       0x24 C:\Users\Olly\AppData\Local\Temp\VMBuilds\OpenBionics_Beetroot\openbionics_openbionics_samd_ob_chestnut\Debug\LED.cpp.o
                0x0000576e                LED_CLASS::runSolid()
 *fill*         0x00005792        0x6 
 .text._ZN9LED_CLASS8runBlinkEv
                0x00005798       0x60 C:\Users\Olly\AppData\Local\Temp\VMBuilds\OpenBionics_Beetroot\openbionics_openbionics_samd_ob_chestnut\Debug\LED.cpp.o
                0x00005798                LED_CLASS::runBlink()
 .text._ZN9LED_CLASS8calcFadeE9_Colour_tS0_hh
                0x000057f8      0x128 C:\Users\Olly\AppData\Local\Temp\VMBuilds\OpenBionics_Beetroot\openbionics_openbionics_samd_ob_chestnut\Debug\LED.cpp.o
                0x000057f8                LED_CLASS::calcFade(_Colour_t, _Colour_t, unsigned char, unsigned char)
 .text._ZN9LED_CLASS7runFadeEv
                0x00005920       0x90 C:\Users\Olly\AppData\Local\Temp\VMBuilds\OpenBionics_Beetroot\openbionics_openbionics_samd_ob_chestnut\Debug\LED.cpp.o
                0x00005920                LED_CLASS::runFade()
 .text._ZN9LED_CLASS3runEv
                0x000059b0       0x48 C:\Users\Olly\AppData\Local\Temp\VMBuilds\OpenBionics_Beetroot\openbionics_openbionics_samd_ob_chestnut\Debug\LED.cpp.o
                0x000059b0                LED_CLASS::run()
 .text.startup._GLOBAL__sub_I__ZN9LED_CLASSC2Ev
                0x000059f8       0x24 C:\Users\Olly\AppData\Local\Temp\VMBuilds\OpenBionics_Beetroot\openbionics_openbionics_samd_ob_chestnut\Debug\LED.cpp.o
 .text._Z19initSerialCharCodesv
                0x00005a1c      0x140 C:\Users\Olly\AppData\Local\Temp\VMBuilds\OpenBionics_Beetroot\openbionics_openbionics_samd_ob_chestnut\Debug\SerialControl.cpp.o
                0x00005a1c                initSerialCharCodes()
 .text._Z11isValidCharc
                0x00005b5c       0x30 C:\Users\Olly\AppData\Local\Temp\VMBuilds\OpenBionics_Beetroot\openbionics_openbionics_samd_ob_chestnut\Debug\SerialControl.cpp.o
                0x00005b5c                isValidChar(char)
 .text._Z12codeDetectedcPPc
                0x00005b8c       0x1c C:\Users\Olly\AppData\Local\Temp\VMBuilds\OpenBionics_Beetroot\openbionics_openbionics_samd_ob_chestnut\Debug\SerialControl.cpp.o
                0x00005b8c                codeDetected(char, char**)
 .text._Z7codeValPc
                0x00005ba8       0x20 C:\Users\Olly\AppData\Local\Temp\VMBuilds\OpenBionics_Beetroot\openbionics_openbionics_samd_ob_chestnut\Debug\SerialControl.cpp.o
                0x00005ba8                codeVal(char*)
 .text._Z12processCodesv
                0x00005bc8       0x40 C:\Users\Olly\AppData\Local\Temp\VMBuilds\OpenBionics_Beetroot\openbionics_openbionics_samd_ob_chestnut\Debug\SerialControl.cpp.o
                0x00005bc8                processCodes()
 .text._Z10receiveCSVPc
                0x00005c08       0x34 C:\Users\Olly\AppData\Local\Temp\VMBuilds\OpenBionics_Beetroot\openbionics_openbionics_samd_ob_chestnut\Debug\SerialControl.cpp.o
                0x00005c08                receiveCSV(char*)
 .text._Z22extractCodesFromSerialv
                0x00005c3c       0x54 C:\Users\Olly\AppData\Local\Temp\VMBuilds\OpenBionics_Beetroot\openbionics_openbionics_samd_ob_chestnut\Debug\SerialControl.cpp.o
                0x00005c3c                extractCodesFromSerial()
 .text.startup._GLOBAL__sub_I_serialCodes
                0x00005c90       0x24 C:\Users\Olly\AppData\Local\Temp\VMBuilds\OpenBionics_Beetroot\openbionics_openbionics_samd_ob_chestnut\Debug\SerialControl.cpp.o
 .text._Z7sendCSVv
                0x00005cb4       0x44 C:\Users\Olly\AppData\Local\Temp\VMBuilds\OpenBionics_Beetroot\openbionics_openbionics_samd_ob_chestnut\Debug\SerialControl.cpp.o
                0x00005cb4                sendCSV()
 .text._Z21serial_ToggleDemoModei
                0x00005cf8       0x34 C:\Users\Olly\AppData\Local\Temp\VMBuilds\OpenBionics_Beetroot\openbionics_openbionics_samd_ob_chestnut\Debug\SerialControl.cpp.o
                0x00005cf8                serial_ToggleDemoMode(int)
 .text._Z20serial_FingerControli
                0x00005d2c      0x1c8 C:\Users\Olly\AppData\Local\Temp\VMBuilds\OpenBionics_Beetroot\openbionics_openbionics_samd_ob_chestnut\Debug\SerialControl.cpp.o
                0x00005d2c                serial_FingerControl(int)
 .text._Z18serial_GripControli
                0x00005ef4      0x180 C:\Users\Olly\AppData\Local\Temp\VMBuilds\OpenBionics_Beetroot\openbionics_openbionics_samd_ob_chestnut\Debug\SerialControl.cpp.o
                0x00005ef4                serial_GripControl(int)
 .text._Z18serial_SetHandTypei
                0x00006074       0xbc C:\Users\Olly\AppData\Local\Temp\VMBuilds\OpenBionics_Beetroot\openbionics_openbionics_samd_ob_chestnut\Debug\SerialControl.cpp.o
                0x00006074                serial_SetHandType(int)
 .text._Z24serial_MuscleControlModei
                0x00006130      0x114 C:\Users\Olly\AppData\Local\Temp\VMBuilds\OpenBionics_Beetroot\openbionics_openbionics_samd_ob_chestnut\Debug\SerialControl.cpp.o
                0x00006130                serial_MuscleControlMode(int)
 .text._Z15serial_HoldTimei
                0x00006244       0x60 C:\Users\Olly\AppData\Local\Temp\VMBuilds\OpenBionics_Beetroot\openbionics_openbionics_samd_ob_chestnut\Debug\SerialControl.cpp.o
                0x00006244                serial_HoldTime(int)
 .text._Z17serial_PeakThreshi
                0x000062a4       0x48 C:\Users\Olly\AppData\Local\Temp\VMBuilds\OpenBionics_Beetroot\openbionics_openbionics_samd_ob_chestnut\Debug\SerialControl.cpp.o
                0x000062a4                serial_PeakThresh(int)
 .text._Z15serial_ExitModei
                0x000062ec       0x4c C:\Users\Olly\AppData\Local\Temp\VMBuilds\OpenBionics_Beetroot\openbionics_openbionics_samd_ob_chestnut\Debug\SerialControl.cpp.o
                0x000062ec                serial_ExitMode(int)
 .text._Z24serial_systemDiagnosticsi
                0x00006338      0x1d4 C:\Users\Olly\AppData\Local\Temp\VMBuilds\OpenBionics_Beetroot\openbionics_openbionics_samd_ob_chestnut\Debug\SerialControl.cpp.o
                0x00006338                serial_systemDiagnostics(int)
 .text._Z25serial_SerialInstructionsi
                0x0000650c      0x664 C:\Users\Olly\AppData\Local\Temp\VMBuilds\OpenBionics_Beetroot\openbionics_openbionics_samd_ob_chestnut\Debug\SerialControl.cpp.o
                0x0000650c                serial_SerialInstructions(int)
 .text._Z23serial_AdvancedSettingsi
                0x00006b70      0x1f0 C:\Users\Olly\AppData\Local\Temp\VMBuilds\OpenBionics_Beetroot\openbionics_openbionics_samd_ob_chestnut\Debug\SerialControl.cpp.o
                0x00006b70                serial_AdvancedSettings(int)
 .text._Z22serial_ResetToDefaultsi
                0x00006d60       0x3c C:\Users\Olly\AppData\Local\Temp\VMBuilds\OpenBionics_Beetroot\openbionics_openbionics_samd_ob_chestnut\Debug\SerialControl.cpp.o
                0x00006d60                serial_ResetToDefaults(int)
 .text._Z11checkSerialv
                0x00006d9c       0xd8 C:\Users\Olly\AppData\Local\Temp\VMBuilds\OpenBionics_Beetroot\openbionics_openbionics_samd_ob_chestnut\Debug\SerialControl.cpp.o
                0x00006d9c                checkSerial()
 .text._Z10pollSerialv
                0x00006e74       0x38 C:\Users\Olly\AppData\Local\Temp\VMBuilds\OpenBionics_Beetroot\openbionics_openbionics_samd_ob_chestnut\Debug\SerialControl.cpp.o
                0x00006e74                pollSerial()
 .text._Z17milliSecInterruptv
                0x00006eac       0x3c C:\Users\Olly\AppData\Local\Temp\VMBuilds\OpenBionics_Beetroot\openbionics_openbionics_samd_ob_chestnut\Debug\TimerManagement.cpp.o
                0x00006eac                milliSecInterrupt()
 .text._Z10timerSetupv
                0x00006ee8       0x10 C:\Users\Olly\AppData\Local\Temp\VMBuilds\OpenBionics_Beetroot\openbionics_openbionics_samd_ob_chestnut\Debug\TimerManagement.cpp.o
                0x00006ee8                timerSetup()
 .text._Z12customMillisv
                0x00006ef8        0xc C:\Users\Olly\AppData\Local\Temp\VMBuilds\OpenBionics_Beetroot\openbionics_openbionics_samd_ob_chestnut\Debug\TimerManagement.cpp.o
                0x00006ef8                customMillis()
 .text._ZN8NB_DELAYC2Ev
                0x00006f04        0x6 C:\Users\Olly\AppData\Local\Temp\VMBuilds\OpenBionics_Beetroot\openbionics_openbionics_samd_ob_chestnut\Debug\TimerManagement.cpp.o
                0x00006f04                NB_DELAY::NB_DELAY()
                0x00006f04                NB_DELAY::NB_DELAY()
 *fill*         0x00006f0a        0x2 
 .text._ZN8NB_DELAY5startEl
                0x00006f0c       0x14 C:\Users\Olly\AppData\Local\Temp\VMBuilds\OpenBionics_Beetroot\openbionics_openbionics_samd_ob_chestnut\Debug\TimerManagement.cpp.o
                0x00006f0c                NB_DELAY::start(long)
 .text._ZN8NB_DELAY8finishedEv
                0x00006f20       0x1c C:\Users\Olly\AppData\Local\Temp\VMBuilds\OpenBionics_Beetroot\openbionics_openbionics_samd_ob_chestnut\Debug\TimerManagement.cpp.o
                0x00006f20                NB_DELAY::finished()
 .text._ZN8NB_DELAY7startedEv
                0x00006f3c        0x4 C:\Users\Olly\AppData\Local\Temp\VMBuilds\OpenBionics_Beetroot\openbionics_openbionics_samd_ob_chestnut\Debug\TimerManagement.cpp.o
                0x00006f3c                NB_DELAY::started()
 .text._ZN8NB_DELAY12timeEllapsedEl
                0x00006f40       0x2c C:\Users\Olly\AppData\Local\Temp\VMBuilds\OpenBionics_Beetroot\openbionics_openbionics_samd_ob_chestnut\Debug\TimerManagement.cpp.o
                0x00006f40                NB_DELAY::timeEllapsed(long)
 .text._ZN8NB_TIMERC2Ev
                0x00006f6c        0x6 C:\Users\Olly\AppData\Local\Temp\VMBuilds\OpenBionics_Beetroot\openbionics_openbionics_samd_ob_chestnut\Debug\TimerManagement.cpp.o
                0x00006f6c                NB_TIMER::NB_TIMER()
                0x00006f6c                NB_TIMER::NB_TIMER()
 *fill*         0x00006f72        0x2 
 .text._ZN8NB_TIMER5startEv
                0x00006f74       0x10 C:\Users\Olly\AppData\Local\Temp\VMBuilds\OpenBionics_Beetroot\openbionics_openbionics_samd_ob_chestnut\Debug\TimerManagement.cpp.o
                0x00006f74                NB_TIMER::start()
 .text._ZN8NB_TIMER7startedEv
                0x00006f84        0x4 C:\Users\Olly\AppData\Local\Temp\VMBuilds\OpenBionics_Beetroot\openbionics_openbionics_samd_ob_chestnut\Debug\TimerManagement.cpp.o
                0x00006f84                NB_TIMER::started()
 .text._ZN8NB_TIMER3nowEv
                0x00006f88       0x18 C:\Users\Olly\AppData\Local\Temp\VMBuilds\OpenBionics_Beetroot\openbionics_openbionics_samd_ob_chestnut\Debug\TimerManagement.cpp.o
                0x00006f88                NB_TIMER::now()
 .text._ZN8NB_TIMER4stopEv
                0x00006fa0        0xe C:\Users\Olly\AppData\Local\Temp\VMBuilds\OpenBionics_Beetroot\openbionics_openbionics_samd_ob_chestnut\Debug\TimerManagement.cpp.o
                0x00006fa0                NB_TIMER::stop()
 .text._ZN8NB_TIMER12timeEllapsedEl
                0x00006fae       0x14 C:\Users\Olly\AppData\Local\Temp\VMBuilds\OpenBionics_Beetroot\openbionics_openbionics_samd_ob_chestnut\Debug\TimerManagement.cpp.o
                0x00006fae                NB_TIMER::timeEllapsed(long)
 .text._Z6isEveni
                0x00006fc2        0x8 C:\Users\Olly\AppData\Local\Temp\VMBuilds\OpenBionics_Beetroot\openbionics_openbionics_samd_ob_chestnut\Debug\Utils.cpp.o
                0x00006fc2                isEven(int)
 .text._Z17getNumberOfDigitsj
                0x00006fca       0x1a C:\Users\Olly\AppData\Local\Temp\VMBuilds\OpenBionics_Beetroot\openbionics_openbionics_samd_ob_chestnut\Debug\Utils.cpp.o
                0x00006fca                getNumberOfDigits(unsigned int)
 .text._Z12convertToCSVPiiPc
                0x00006fe4       0x30 C:\Users\Olly\AppData\Local\Temp\VMBuilds\OpenBionics_Beetroot\openbionics_openbionics_samd_ob_chestnut\Debug\Utils.cpp.o
                0x00006fe4                convertToCSV(int*, int, char*)
 .text._Z14convertFromCSVPcPii
                0x00007014       0x34 C:\Users\Olly\AppData\Local\Temp\VMBuilds\OpenBionics_Beetroot\openbionics_openbionics_samd_ob_chestnut\Debug\Utils.cpp.o
                0x00007014                convertFromCSV(char*, int*, int)
 .text._Z11readCPUTempv
                0x00007048       0xe0 C:\Users\Olly\AppData\Local\Temp\VMBuilds\OpenBionics_Beetroot\openbionics_openbionics_samd_ob_chestnut\Debug\Utils.cpp.o
                0x00007048                readCPUTemp()
 .text._Z12printTime_msm
                0x00007128       0x9c C:\Users\Olly\AppData\Local\Temp\VMBuilds\OpenBionics_Beetroot\openbionics_openbionics_samd_ob_chestnut\Debug\Utils.cpp.o
                0x00007128                printTime_ms(unsigned long)
 .text.SERCOM5_Handler
                0x000071c4       0x10 C:\Users\Olly\AppData\Local\Temp\VMBuilds\OpenBionics_Beetroot\openbionics_openbionics_samd_ob_chestnut\Debug\variant\variant.cpp.o
                0x000071c4                SERCOM5_Handler
 .text.startup._GLOBAL__sub_I_g_APinDescription
                0x000071d4       0x80 C:\Users\Olly\AppData\Local\Temp\VMBuilds\OpenBionics_Beetroot\openbionics_openbionics_samd_ob_chestnut\Debug\variant\variant.cpp.o
 *fill*         0x00007254        0x4 
 .text.log10    0x00007258      0x108 c:/users/olly/appdata/local/arduino15/packages/openbionics/tools/arm-none-eabi-gcc/4.8.3-2014q1/bin/../lib/gcc/arm-none-eabi/4.8.3/../../../../arm-none-eabi/lib/armv6-m\libm.a(lib_a-w_log10.o)
                0x00007258                log10
 .text.__ieee754_log10
                0x00007360      0x138 c:/users/olly/appdata/local/arduino15/packages/openbionics/tools/arm-none-eabi-gcc/4.8.3-2014q1/bin/../lib/gcc/arm-none-eabi/4.8.3/../../../../arm-none-eabi/lib/armv6-m\libm.a(lib_a-e_log10.o)
                0x00007360                __ieee754_log10
 .text.__fpclassifyd
                0x00007498       0x60 c:/users/olly/appdata/local/arduino15/packages/openbionics/tools/arm-none-eabi-gcc/4.8.3-2014q1/bin/../lib/gcc/arm-none-eabi/4.8.3/../../../../arm-none-eabi/lib/armv6-m\libm.a(lib_a-s_fpclassify.o)
                0x00007498                __fpclassifyd
 .text.matherr  0x000074f8        0x4 c:/users/olly/appdata/local/arduino15/packages/openbionics/tools/arm-none-eabi-gcc/4.8.3-2014q1/bin/../lib/gcc/arm-none-eabi/4.8.3/../../../../arm-none-eabi/lib/armv6-m\libm.a(lib_a-s_matherr.o)
                0x000074f8                matherr
 *fill*         0x000074fc        0x4 
 .text.nan      0x00007500       0x10 c:/users/olly/appdata/local/arduino15/packages/openbionics/tools/arm-none-eabi-gcc/4.8.3-2014q1/bin/../lib/gcc/arm-none-eabi/4.8.3/../../../../arm-none-eabi/lib/armv6-m\libm.a(lib_a-s_nan.o)
                0x00007500                nan
 .text.__ieee754_log
                0x00007510      0x420 c:/users/olly/appdata/local/arduino15/packages/openbionics/tools/arm-none-eabi-gcc/4.8.3-2014q1/bin/../lib/gcc/arm-none-eabi/4.8.3/../../../../arm-none-eabi/lib/armv6-m\libm.a(lib_a-e_log.o)
                0x00007510                __ieee754_log
 .text.Dummy_Handler
                0x00007930        0x2 C:\Users\Olly\AppData\Local\Temp\VMBuilds\OpenBionics_Beetroot\openbionics_openbionics_samd_ob_chestnut\Debug/core.a(cortex_handlers.c.o)
                0x00007930                DMAC_Handler
                0x00007930                HardFault_Handler
                0x00007930                AC_Handler
                0x00007930                PendSV_Handler
                0x00007930                NMI_Handler
                0x00007930                TC7_Handler
                0x00007930                SERCOM1_Handler
                0x00007930                ADC_Handler
                0x00007930                SERCOM2_Handler
                0x00007930                RTC_Handler
                0x00007930                EIC_Handler
                0x00007930                TC6_Handler
                0x00007930                WDT_Handler
                0x00007930                Dummy_Handler
                0x00007930                PM_Handler
                0x00007930                SVC_Handler
                0x00007930                EVSYS_Handler
                0x00007930                SERCOM4_Handler
                0x00007930                I2S_Handler
                0x00007930                NVMCTRL_Handler
                0x00007930                SERCOM0_Handler
                0x00007930                DAC_Handler
                0x00007930                PTC_Handler
                0x00007930                SYSCTRL_Handler
 *fill*         0x00007932        0x2 
 .text.USB_Handler
                0x00007934       0x14 C:\Users\Olly\AppData\Local\Temp\VMBuilds\OpenBionics_Beetroot\openbionics_openbionics_samd_ob_chestnut\Debug/core.a(cortex_handlers.c.o)
                0x00007934                USB_Handler
 .text.Reset_Handler
                0x00007948       0x58 C:\Users\Olly\AppData\Local\Temp\VMBuilds\OpenBionics_Beetroot\openbionics_openbionics_samd_ob_chestnut\Debug/core.a(cortex_handlers.c.o)
                0x00007948                Reset_Handler
 .text.SysTick_Handler
                0x000079a0       0x10 C:\Users\Olly\AppData\Local\Temp\VMBuilds\OpenBionics_Beetroot\openbionics_openbionics_samd_ob_chestnut\Debug/core.a(cortex_handlers.c.o)
                0x000079a0                SysTick_Handler
 .text.USB_SetHandler
                0x000079b0        0xc C:\Users\Olly\AppData\Local\Temp\VMBuilds\OpenBionics_Beetroot\openbionics_openbionics_samd_ob_chestnut\Debug/core.a(cortex_handlers.c.o)
                0x000079b0                USB_SetHandler
 .text.millis   0x000079bc        0xc C:\Users\Olly\AppData\Local\Temp\VMBuilds\OpenBionics_Beetroot\openbionics_openbionics_samd_ob_chestnut\Debug/core.a(delay.c.o)
                0x000079bc                millis
 .text.micros   0x000079c8       0x64 C:\Users\Olly\AppData\Local\Temp\VMBuilds\OpenBionics_Beetroot\openbionics_openbionics_samd_ob_chestnut\Debug/core.a(delay.c.o)
                0x000079c8                micros
 .text.delay    0x00007a2c       0x20 C:\Users\Olly\AppData\Local\Temp\VMBuilds\OpenBionics_Beetroot\openbionics_openbionics_samd_ob_chestnut\Debug/core.a(delay.c.o)
                0x00007a2c                delay
 .text.SysTick_DefaultHandler
                0x00007a4c       0x14 C:\Users\Olly\AppData\Local\Temp\VMBuilds\OpenBionics_Beetroot\openbionics_openbionics_samd_ob_chestnut\Debug/core.a(delay.c.o)
                0x00007a4c                SysTick_DefaultHandler
 .text.__empty  0x00007a60        0x2 C:\Users\Olly\AppData\Local\Temp\VMBuilds\OpenBionics_Beetroot\openbionics_openbionics_samd_ob_chestnut\Debug/core.a(hooks.c.o)
                0x00007a60                yield
 .text.__false  0x00007a62        0x4 C:\Users\Olly\AppData\Local\Temp\VMBuilds\OpenBionics_Beetroot\openbionics_openbionics_samd_ob_chestnut\Debug/core.a(hooks.c.o)
                0x00007a62                sysTickHook
 .text.ltoa     0x00007a66       0x8a C:\Users\Olly\AppData\Local\Temp\VMBuilds\OpenBionics_Beetroot\openbionics_openbionics_samd_ob_chestnut\Debug/core.a(itoa.c.o)
                0x00007a66                ltoa
 .text.itoa     0x00007af0        0x8 C:\Users\Olly\AppData\Local\Temp\VMBuilds\OpenBionics_Beetroot\openbionics_openbionics_samd_ob_chestnut\Debug/core.a(itoa.c.o)
                0x00007af0                itoa
 .text.SystemInit
                0x00007af8      0x16c C:\Users\Olly\AppData\Local\Temp\VMBuilds\OpenBionics_Beetroot\openbionics_openbionics_samd_ob_chestnut\Debug/core.a(startup.c.o)
                0x00007af8                SystemInit
 .text.init     0x00007c64       0xe4 C:\Users\Olly\AppData\Local\Temp\VMBuilds\OpenBionics_Beetroot\openbionics_openbionics_samd_ob_chestnut\Debug/core.a(wiring.c.o)
                0x00007c64                init
 .text.mapResolution
                0x00007d48       0x12 C:\Users\Olly\AppData\Local\Temp\VMBuilds\OpenBionics_Beetroot\openbionics_openbionics_samd_ob_chestnut\Debug/core.a(wiring_analog.c.o)
 *fill*         0x00007d5a        0x2 
 .text.analogReference
                0x00007d5c       0x5c C:\Users\Olly\AppData\Local\Temp\VMBuilds\OpenBionics_Beetroot\openbionics_openbionics_samd_ob_chestnut\Debug/core.a(wiring_analog.c.o)
                0x00007d5c                analogReference
 .text.analogRead
                0x00007db8       0xd8 C:\Users\Olly\AppData\Local\Temp\VMBuilds\OpenBionics_Beetroot\openbionics_openbionics_samd_ob_chestnut\Debug/core.a(wiring_analog.c.o)
                0x00007db8                analogRead
 .text.analogWrite
                0x00007e90      0x1f0 C:\Users\Olly\AppData\Local\Temp\VMBuilds\OpenBionics_Beetroot\openbionics_openbionics_samd_ob_chestnut\Debug/core.a(wiring_analog.c.o)
                0x00007e90                analogWrite
 .text.pinMode  0x00008080       0xc0 C:\Users\Olly\AppData\Local\Temp\VMBuilds\OpenBionics_Beetroot\openbionics_openbionics_samd_ob_chestnut\Debug/core.a(wiring_digital.c.o)
                0x00008080                pinMode
 .text.digitalWrite
                0x00008140       0x60 C:\Users\Olly\AppData\Local\Temp\VMBuilds\OpenBionics_Beetroot\openbionics_openbionics_samd_ob_chestnut\Debug/core.a(wiring_digital.c.o)
                0x00008140                digitalWrite
 .text.pinPeripheral
                0x000081a0       0xc4 C:\Users\Olly\AppData\Local\Temp\VMBuilds\OpenBionics_Beetroot\openbionics_openbionics_samd_ob_chestnut\Debug/core.a(wiring_private.c.o)
                0x000081a0                pinPeripheral
 .text._Z11initVariantv
                0x00008264        0x2 C:\Users\Olly\AppData\Local\Temp\VMBuilds\OpenBionics_Beetroot\openbionics_openbionics_samd_ob_chestnut\Debug/core.a(main.cpp.o)
                0x00008264                initVariant()
 *fill*         0x00008266        0x2 
 .text.startup.main
                0x00008268       0x3c C:\Users\Olly\AppData\Local\Temp\VMBuilds\OpenBionics_Beetroot\openbionics_openbionics_samd_ob_chestnut\Debug/core.a(main.cpp.o)
                0x00008268                main
 .text._ZN5Print5writeEPKhj
                0x000082a4       0x28 C:\Users\Olly\AppData\Local\Temp\VMBuilds\OpenBionics_Beetroot\openbionics_openbionics_samd_ob_chestnut\Debug/core.a(Print.cpp.o)
                0x000082a4                Print::write(unsigned char const*, unsigned int)
 .text._ZN5Print5printEmi.part.3
                0x000082cc        0xc C:\Users\Olly\AppData\Local\Temp\VMBuilds\OpenBionics_Beetroot\openbionics_openbionics_samd_ob_chestnut\Debug/core.a(Print.cpp.o)
 .text._ZN5Print5writeEPKc
                0x000082d8       0x1c C:\Users\Olly\AppData\Local\Temp\VMBuilds\OpenBionics_Beetroot\openbionics_openbionics_samd_ob_chestnut\Debug/core.a(Print.cpp.o)
                0x000082d8                Print::write(char const*)
 .text._ZN5Print5printEPKc
                0x000082f4        0x8 C:\Users\Olly\AppData\Local\Temp\VMBuilds\OpenBionics_Beetroot\openbionics_openbionics_samd_ob_chestnut\Debug/core.a(Print.cpp.o)
                0x000082f4                Print::print(char const*)
 .text._ZN5Print5printEc
                0x000082fc        0xa C:\Users\Olly\AppData\Local\Temp\VMBuilds\OpenBionics_Beetroot\openbionics_openbionics_samd_ob_chestnut\Debug/core.a(Print.cpp.o)
                0x000082fc                Print::print(char)
 *fill*         0x00008306        0x2 
 .text._ZN5Print7printlnEv
                0x00008308       0x10 C:\Users\Olly\AppData\Local\Temp\VMBuilds\OpenBionics_Beetroot\openbionics_openbionics_samd_ob_chestnut\Debug/core.a(Print.cpp.o)
                0x00008308                Print::println()
 .text._ZN5Print7printlnEPKc
                0x00008318       0x14 C:\Users\Olly\AppData\Local\Temp\VMBuilds\OpenBionics_Beetroot\openbionics_openbionics_samd_ob_chestnut\Debug/core.a(Print.cpp.o)
                0x00008318                Print::println(char const*)
 .text._ZN5Print11printNumberEmh
                0x0000832c       0x4e C:\Users\Olly\AppData\Local\Temp\VMBuilds\OpenBionics_Beetroot\openbionics_openbionics_samd_ob_chestnut\Debug/core.a(Print.cpp.o)
                0x0000832c                Print::printNumber(unsigned long, unsigned char)
 .text._ZN5Print5printEli
                0x0000837a       0x3c C:\Users\Olly\AppData\Local\Temp\VMBuilds\OpenBionics_Beetroot\openbionics_openbionics_samd_ob_chestnut\Debug/core.a(Print.cpp.o)
                0x0000837a                Print::print(long, int)
 .text._ZN5Print5printEii
                0x000083b6        0x8 C:\Users\Olly\AppData\Local\Temp\VMBuilds\OpenBionics_Beetroot\openbionics_openbionics_samd_ob_chestnut\Debug/core.a(Print.cpp.o)
                0x000083b6                Print::print(int, int)
 .text._ZN5Print7printlnEii
                0x000083be       0x14 C:\Users\Olly\AppData\Local\Temp\VMBuilds\OpenBionics_Beetroot\openbionics_openbionics_samd_ob_chestnut\Debug/core.a(Print.cpp.o)
                0x000083be                Print::println(int, int)
 .text._ZN5Print5printEmi
                0x000083d2       0x14 C:\Users\Olly\AppData\Local\Temp\VMBuilds\OpenBionics_Beetroot\openbionics_openbionics_samd_ob_chestnut\Debug/core.a(Print.cpp.o)
                0x000083d2                Print::print(unsigned long, int)
 .text._ZN5Print5printEhi
                0x000083e6        0x8 C:\Users\Olly\AppData\Local\Temp\VMBuilds\OpenBionics_Beetroot\openbionics_openbionics_samd_ob_chestnut\Debug/core.a(Print.cpp.o)
                0x000083e6                Print::print(unsigned char, int)
 *fill*         0x000083ee        0x2 
 .text._ZN5Print10printFloatEdh
                0x000083f0      0x170 C:\Users\Olly\AppData\Local\Temp\VMBuilds\OpenBionics_Beetroot\openbionics_openbionics_samd_ob_chestnut\Debug/core.a(Print.cpp.o)
                0x000083f0                Print::printFloat(double, unsigned char)
 .text._ZN5Print5printEdi
                0x00008560        0xe C:\Users\Olly\AppData\Local\Temp\VMBuilds\OpenBionics_Beetroot\openbionics_openbionics_samd_ob_chestnut\Debug/core.a(Print.cpp.o)
                0x00008560                Print::print(double, int)
 *fill*         0x0000856e        0x2 
 .text.initiateReset
                0x00008570        0xc C:\Users\Olly\AppData\Local\Temp\VMBuilds\OpenBionics_Beetroot\openbionics_openbionics_samd_ob_chestnut\Debug/core.a(Reset.cpp.o)
                0x00008570                initiateReset
 .text.cancelReset
                0x0000857c       0x10 C:\Users\Olly\AppData\Local\Temp\VMBuilds\OpenBionics_Beetroot\openbionics_openbionics_samd_ob_chestnut\Debug/core.a(Reset.cpp.o)
                0x0000857c                cancelReset
 .text.tickReset
                0x0000858c       0x5c C:\Users\Olly\AppData\Local\Temp\VMBuilds\OpenBionics_Beetroot\openbionics_openbionics_samd_ob_chestnut\Debug/core.a(Reset.cpp.o)
                0x0000858c                tickReset
 .text._ZN10RingBufferC2Ev
                0x000085e8       0x16 C:\Users\Olly\AppData\Local\Temp\VMBuilds\OpenBionics_Beetroot\openbionics_openbionics_samd_ob_chestnut\Debug/core.a(RingBuffer.cpp.o)
                0x000085e8                RingBuffer::RingBuffer()
                0x000085e8                RingBuffer::RingBuffer()
 .text._ZN10RingBuffer10store_charEh
                0x000085fe       0x16 C:\Users\Olly\AppData\Local\Temp\VMBuilds\OpenBionics_Beetroot\openbionics_openbionics_samd_ob_chestnut\Debug/core.a(RingBuffer.cpp.o)
                0x000085fe                RingBuffer::store_char(unsigned char)
 .text._ZN10RingBuffer5clearEv
                0x00008614        0x8 C:\Users\Olly\AppData\Local\Temp\VMBuilds\OpenBionics_Beetroot\openbionics_openbionics_samd_ob_chestnut\Debug/core.a(RingBuffer.cpp.o)
                0x00008614                RingBuffer::clear()
 .text._ZN10RingBuffer9read_charEv
                0x0000861c       0x1c C:\Users\Olly\AppData\Local\Temp\VMBuilds\OpenBionics_Beetroot\openbionics_openbionics_samd_ob_chestnut\Debug/core.a(RingBuffer.cpp.o)
                0x0000861c                RingBuffer::read_char()
 .text._ZN10RingBuffer9availableEv
                0x00008638        0xc C:\Users\Olly\AppData\Local\Temp\VMBuilds\OpenBionics_Beetroot\openbionics_openbionics_samd_ob_chestnut\Debug/core.a(RingBuffer.cpp.o)
                0x00008638                RingBuffer::available()
 .text._ZN10RingBuffer4peekEv
                0x00008644       0x12 C:\Users\Olly\AppData\Local\Temp\VMBuilds\OpenBionics_Beetroot\openbionics_openbionics_samd_ob_chestnut\Debug/core.a(RingBuffer.cpp.o)
                0x00008644                RingBuffer::peek()
 .text._ZN10RingBuffer6isFullEv
                0x00008656       0x14 C:\Users\Olly\AppData\Local\Temp\VMBuilds\OpenBionics_Beetroot\openbionics_openbionics_samd_ob_chestnut\Debug/core.a(RingBuffer.cpp.o)
                0x00008656                RingBuffer::isFull()
 .text._ZN6SERCOMC2EP6Sercom
                0x0000866a        0x4 C:\Users\Olly\AppData\Local\Temp\VMBuilds\OpenBionics_Beetroot\openbionics_openbionics_samd_ob_chestnut\Debug/core.a(SERCOM.cpp.o)
                0x0000866a                SERCOM::SERCOM(Sercom*)
                0x0000866a                SERCOM::SERCOM(Sercom*)
 .text._ZN6SERCOM9initFrameE18SercomUartCharSize15SercomDataOrder16SercomParityMode19SercomNumberStopBit
                0x0000866e       0x38 C:\Users\Olly\AppData\Local\Temp\VMBuilds\OpenBionics_Beetroot\openbionics_openbionics_samd_ob_chestnut\Debug/core.a(SERCOM.cpp.o)
                0x0000866e                SERCOM::initFrame(SercomUartCharSize, SercomDataOrder, SercomParityMode, SercomNumberStopBit)
 .text._ZN6SERCOM8initPadsE15SercomUartTXPad11SercomRXPad
                0x000086a6       0x26 C:\Users\Olly\AppData\Local\Temp\VMBuilds\OpenBionics_Beetroot\openbionics_openbionics_samd_ob_chestnut\Debug/core.a(SERCOM.cpp.o)
                0x000086a6                SERCOM::initPads(SercomUartTXPad, SercomRXPad)
 .text._ZN6SERCOM9resetUARTEv
                0x000086cc       0x1c C:\Users\Olly\AppData\Local\Temp\VMBuilds\OpenBionics_Beetroot\openbionics_openbionics_samd_ob_chestnut\Debug/core.a(SERCOM.cpp.o)
                0x000086cc                SERCOM::resetUART()
 .text._ZN6SERCOM10enableUARTEv
                0x000086e8       0x14 C:\Users\Olly\AppData\Local\Temp\VMBuilds\OpenBionics_Beetroot\openbionics_openbionics_samd_ob_chestnut\Debug/core.a(SERCOM.cpp.o)
                0x000086e8                SERCOM::enableUART()
 .text._ZN6SERCOM9flushUARTEv
                0x000086fc       0x10 C:\Users\Olly\AppData\Local\Temp\VMBuilds\OpenBionics_Beetroot\openbionics_openbionics_samd_ob_chestnut\Debug/core.a(SERCOM.cpp.o)
                0x000086fc                SERCOM::flushUART()
 .text._ZN6SERCOM15clearStatusUARTEv
                0x0000870c        0x8 C:\Users\Olly\AppData\Local\Temp\VMBuilds\OpenBionics_Beetroot\openbionics_openbionics_samd_ob_chestnut\Debug/core.a(SERCOM.cpp.o)
                0x0000870c                SERCOM::clearStatusUART()
 .text._ZN6SERCOM17availableDataUARTEv
                0x00008714        0xa C:\Users\Olly\AppData\Local\Temp\VMBuilds\OpenBionics_Beetroot\openbionics_openbionics_samd_ob_chestnut\Debug/core.a(SERCOM.cpp.o)
                0x00008714                SERCOM::availableDataUART()
 .text._ZN6SERCOM11isUARTErrorEv
                0x0000871e        0x8 C:\Users\Olly\AppData\Local\Temp\VMBuilds\OpenBionics_Beetroot\openbionics_openbionics_samd_ob_chestnut\Debug/core.a(SERCOM.cpp.o)
                0x0000871e                SERCOM::isUARTError()
 .text._ZN6SERCOM20acknowledgeUARTErrorEv
                0x00008726        0xe C:\Users\Olly\AppData\Local\Temp\VMBuilds\OpenBionics_Beetroot\openbionics_openbionics_samd_ob_chestnut\Debug/core.a(SERCOM.cpp.o)
                0x00008726                SERCOM::acknowledgeUARTError()
 .text._ZN6SERCOM12readDataUARTEv
                0x00008734        0x8 C:\Users\Olly\AppData\Local\Temp\VMBuilds\OpenBionics_Beetroot\openbionics_openbionics_samd_ob_chestnut\Debug/core.a(SERCOM.cpp.o)
                0x00008734                SERCOM::readDataUART()
 .text._ZN6SERCOM13writeDataUARTEh
                0x0000873c        0xe C:\Users\Olly\AppData\Local\Temp\VMBuilds\OpenBionics_Beetroot\openbionics_openbionics_samd_ob_chestnut\Debug/core.a(SERCOM.cpp.o)
                0x0000873c                SERCOM::writeDataUART(unsigned char)
 .text._ZN6SERCOM9resetWIREEv
                0x0000874a       0x1c C:\Users\Olly\AppData\Local\Temp\VMBuilds\OpenBionics_Beetroot\openbionics_openbionics_samd_ob_chestnut\Debug/core.a(SERCOM.cpp.o)
                0x0000874a                SERCOM::resetWIRE()
 .text._ZN6SERCOM10enableWIREEv
                0x00008766       0x28 C:\Users\Olly\AppData\Local\Temp\VMBuilds\OpenBionics_Beetroot\openbionics_openbionics_samd_ob_chestnut\Debug/core.a(SERCOM.cpp.o)
                0x00008766                SERCOM::enableWIRE()
 .text._ZN6SERCOM18prepareNackBitWIREEv
                0x0000878e       0x10 C:\Users\Olly\AppData\Local\Temp\VMBuilds\OpenBionics_Beetroot\openbionics_openbionics_samd_ob_chestnut\Debug/core.a(SERCOM.cpp.o)
                0x0000878e                SERCOM::prepareNackBitWIRE()
 *fill*         0x0000879e        0x2 
 .text._ZN6SERCOM17prepareAckBitWIREEv